sale_5.csv
Unnamed: 0,product_id,store_id,date,sales,revenue,stock,price,promo_type_1,promo_bin_1,promo_type_2,promo_bin_2,promo_discount_2,promo_discount_type_2,product_length,product_depth,product_width,cluster_id,hierarchy1_id,hierarchy2_id,hierarchy3_id,hierarchy4_id,hierarchy5_id,storetype_id,store_size,city_id
11145908,P0733,S0085,2018-11-08,0.0,0.0,120.0,0.5,PR14,,PR03,,,,2.0,4.0,9.0,cluster_7,H00,H0003,H000314,H00031405,H0003140506,ST01,60,C014
11164856,P0733,S0085,2018-11-09,11.0,5.09,109.0,0.5,PR14,,PR03,,,,2.0,4.0,9.0,cluster_7,H00,H0003,H000314,H00031405,H0003140506,ST01,60,C014
11183872,P0733,S0085,2018-11-10,20.0,9.26,89.0,0.5,PR14,,PR03,,,,2.0,4.0,9.0,cluster_7,H00,H0003,H000314,H00031405,H0003140506,ST01,60,C014
11202870,P0733,S0085,2018-11-11,28.0,12.96,61.0,0.5,PR14,,PR03,,,,2.0,4.0,9.0,cluster_7,H00,H0003,H000314,H00031405,H0003140506,ST01,60,C014
11221859,P0733,S0085,2018-11-12,10.0,4.63,51.0,0.5,PR14,,PR03,,,,2.0,4.0,9.0,cluster_7,H00,H0003,H000314,H00031405,H0003140506,ST01,60,C014
11240871,P0733,S0085,2018-11-13,13.0,6.02,38.0,0.5,PR14,,PR03,,,,2.0,4.0,9.0,cluster_7,H00,H0003,H000314,H00031405,H0003140506,ST01,60,C014
11259972,P0733,S0085,2018-11-14,9.0,4.17,29.0,0.5,PR14,,PR03,,,,2.0,4.0,9.0,cluster_7,H00,H0003,H000314,H00031405,H0003140506,ST01,60,C014
11279153,P0733,S0085,2018-11-15,10.0,4.63,19.0,0.5,PR14,,PR03,,,,2.0,4.0,9.0,cluster_7,H00,H0003,H000314,H00031405,H0003140506,ST01,60,C014
11298368,P0733,S0085,2018-11-16,4.0,1.85,15.0,0.5,PR14,,PR03,,,,2.0,4.0,9.0,cluster_7,H00,H0003,H000314,H00031405,H0003140506,ST01,60,C014
11317635,P0733,S0085,2018-11-17,9.0,4.17,126.0,0.5,PR14,,PR03,,,,2.0,4.0,9.0,cluster_7,H00,H0003,H000314,H00031405,H0003140506,ST01,60,C014
11336868,P0733,S0085,2018-11-18,15.0,6.94,111.0,0.5,PR14,,PR03,,,,2.0,4.0,9.0,cluster_7,H00,H0003,H000314,H00031405,H0003140506,ST01,60,C014
11356049,P0733,S0085,2018-11-19,9.0,4.17,102.0,0.5,PR14,,PR03,,,,2.0,4.0,9.0,cluster_7,H00,H0003,H000314,H00031405,H0003140506,ST01,60,C014
11375225,P0733,S0085,2018-11-20,8.0,3.7,94.0,0.5,PR14,,PR03,,,,2.0,4.0,9.0,cluster_7,H00,H0003,H000314,H00031405,H0003140506,ST01,60,C014
11394446,P0733,S0085,2018-11-21,11.0,5.09,83.0,0.5,PR14,,PR03,,,,2.0,4.0,9.0,cluster_7,H00,H0003,H000314,H00031405,H0003140506,ST01,60,C014
11413701,P0733,S0085,2018-11-22,7.0,3.24,76.0,0.5,PR14,,PR03,,,,2.0,4.0,9.0,cluster_7,H00,H0003,H000314,H00031405,H0003140506,ST01,60,C014
11432966,P0733,S0085,2018-11-23,7.0,3.24,93.0,0.5,PR14,,PR03,,,,2.0,4.0,9.0,cluster_7,H00,H0003,H000314,H00031405,H0003140506,ST01,60,C014
11452235,P0733,S0085,2018-11-24,31.0,14.35,62.0,0.5,PR14,,PR03,,,,2.0,4.0,9.0,cluster_7,H00,H0003,H000314,H00031405,H0003140506,ST01,60,C014
11471423,P0733,S0085,2018-11-25,30.0,12.96,32.0,0.5,PR14,,PR03,,,,2.0,4.0,9.0,cluster_7,H00,H0003,H000314,H00031405,H0003140506,ST01,60,C014
11490454,P0733,S0085,2018-11-26,24.0,10.19,8.0,0.5,PR14,,PR03,,,,2.0,4.0,9.0,cluster_7,H00,H0003,H000314,H00031405,H0003140506,ST01,60,C014
11509441,P0733,S0085,2018-11-27,2.0,0.93,54.0,0.5,PR14,,PR03,,,,2.0,4.0,9.0,cluster_7,H00,H0003,H000314,H00031405,H0003140506,ST01,60,C014
11528417,P0733,S0085,2018-11-28,7.0,3.24,95.0,0.5,PR14,,PR03,,,,2.0,4.0,9.0,cluster_7,H00,H0003,H000314,H00031405,H0003140506,ST01,60,C014
11547369,P0733,S0085,2018-11-29,12.0,5.56,83.0,0.5,PR14,,PR03,,,,2.0,4.0,9.0,cluster_7,H00,H0003,H000314,H00031405,H0003140506,ST01,60,C014
11566394,P0733,S0085,2018-11-30,21.0,9.72,62.0,0.5,PR14,,PR03,,,,2.0,4.0,9.0,cluster_7,H00,H0003,H000314,H00031405,H0003140506,ST01,60,C014
11585510,P0733,S0085,2018-12-01,25.0,11.57,62.0,0.5,PR14,,PR03,,,,2.0,4.0,9.0,cluster_7,H00,H0003,H000314,H00031405,H0003140506,ST01,60,C014
11604671,P0733,S0085,2018-12-02,14.0,6.48,47.0,0.5,PR14,,PR03,,,,2.0,4.0,9.0,cluster_7,H00,H0003,H000314,H00031405,H0003140506,ST01,60,C014
11623810,P0733,S0085,2018-12-03,32.0,14.81,63.0,0.5,PR14,,PR03,,,,2.0,4.0,9.0,cluster_7,H00,H0003,H000314,H00031405,H0003140506,ST01,60,C014
11642973,P0733,S0085,2018-12-04,5.0,2.31,58.0,0.5,PR14,,PR03,,,,2.0,4.0,9.0,cluster_7,H00,H0003,H000314,H00031405,H0003140506,ST01,60,C014
11662201,P0733,S0085,2018-12-05,3.0,1.39,55.0,0.5,PR14,,PR03,,,,2.0,4.0,9.0,cluster_7,H00,H0003,H000314,H00031405,H0003140506,ST01,60,C014
11681518,P0733,S0085,2018-12-06,3.0,1.39,52.0,0.5,PR14,,PR03,,,,2.0,4.0,9.0,cluster_7,H00,H0003,H000314,H00031405,H0003140506,ST01,60,C014
11700879,P0733,S0085,2018-12-07,10.0,4.63,90.0,0.5,PR14,,PR03,,,,2.0,4.0,9.0,cluster_7,H00,H0003,H000314,H00031405,H0003140506,ST01,60,C014
11720304,P0733,S0085,2018-12-08,33.0,15.28,90.0,0.5,PR14,,PR03,,,,2.0,4.0,9.0,cluster_7,H00,H0003,H000314,H00031405,H0003140506,ST01,60,C014
11739699,P0733,S0085,2018-12-09,15.0,6.94,42.0,0.5,PR14,,PR03,,,,2.0,4.0,9.0,cluster_7,H00,H0003,H000314,H00031405,H0003140506,ST01,60,C014
11759033,P0733,S0085,2018-12-10,0.0,0.0,90.0,0.5,PR14,,PR03,,,,2.0,4.0,9.0,cluster_7,H00,H0003,H000314,H00031405,H0003140506,ST01,60,C014
11778350,P0733,S0085,2018-12-11,42.0,19.44,48.0,0.5,PR14,,PR03,,,,2.0,4.0,9.0,cluster_7,H00,H0003,H000314,H00031405,H0003140506,ST01,60,C014
11797623,P0733,S0085,2018-12-12,11.0,5.09,85.0,0.5,PR14,,PR03,,,,2.0,4.0,9.0,cluster_7,H00,H0003,H000314,H00031405,H0003140506,ST01,60,C014
11816897,P0733,S0085,2018-12-13,8.0,3.7,77.0,0.5,PR14,,PR03,,,,2.0,4.0,9.0,cluster_7,H00,H0003,H000314,H00031405,H0003140506,ST01,60,C014
11836177,P0733,S0085,2018-12-14,7.0,3.24,66.0,0.5,PR14,,PR03,,,,2.0,4.0,9.0,cluster_7,H00,H0003,H000314,H00031405,H0003140506,ST01,60,C014
11855542,P0733,S0085,2018-12-15,10.0,4.63,82.0,0.5,PR14,,PR03,,,,2.0,4.0,9.0,cluster_7,H00,H0003,H000314,H00031405,H0003140506,ST01,60,C014
11874850,P0733,S0085,2018-12-16,15.0,6.94,65.0,0.5,PR14,,PR03,,,,2.0,4.0,9.0,cluster_7,H00,H0003,H000314,H00031405,H0003140506,ST01,60,C014
11894143,P0733,S0085,2018-12-17,23.0,10.65,42.0,0.5,PR14,,PR03,,,,2.0,4.0,9.0,cluster_7,H00,H0003,H000314,H00031405,H0003140506,ST01,60,C014
11913448,P0733,S0085,2018-12-18,16.0,7.41,26.0,0.5,PR14,,PR03,,,,2.0,4.0,9.0,cluster_7,H00,H0003,H000314,H00031405,H0003140506,ST01,60,C014
11932757,P0733,S0085,2018-12-19,10.0,4.63,64.0,0.5,PR14,,PR03,,,,2.0,4.0,9.0,cluster_7,H00,H0003,H000314,H00031405,H0003140506,ST01,60,C014
11952077,P0733,S0085,2018-12-20,14.0,6.48,98.0,0.5,PR14,,PR03,,,,2.0,4.0,9.0,cluster_7,H00,H0003,H000314,H00031405,H0003140506,ST01,60,C014
11971408,P0733,S0085,2018-12-21,29.0,13.43,69.0,0.5,PR14,,PR03,,,,2.0,4.0,9.0,cluster_7,H00,H0003,H000314,H00031405,H0003140506,ST01,60,C014
11990805,P0733,S0085,2018-12-22,7.0,2.78,69.0,0.5,PR14,,PR03,,,,2.0,4.0,9.0,cluster_7,H00,H0003,H000314,H00031405,H0003140506,ST01,60,C014
12010106,P0733,S0085,2018-12-23,27.0,10.19,59.0,0.5,PR14,,PR03,,,,2.0,4.0,9.0,cluster_7,H00,H0003,H000314,H00031405,H0003140506,ST01,60,C014
12029328,P0733,S0085,2018-12-24,4.0,1.85,103.0,0.5,PR14,,PR03,,,,2.0,4.0,9.0,cluster_7,H00,H0003,H000314,H00031405,H0003140506,ST01,60,C014
12048550,P0733,S0085,2018-12-25,24.0,11.11,79.0,0.5,PR14,,PR03,,,,2.0,4.0,9.0,cluster_7,H00,H0003,H000314,H00031405,H0003140506,ST01,60,C014
12067760,P0733,S0085,2018-12-26,19.0,8.8,60.0,0.5,PR14,,PR03,,,,2.0,4.0,9.0,cluster_7,H00,H0003,H000314,H00031405,H0003140506,ST01,60,C014
12086839,P0733,S0085,2018-12-27,40.0,18.52,68.0,0.5,PR14,,PR03,,,,2.0,4.0,9.0,cluster_7,H00,H0003,H000314,H00031405,H0003140506,ST01,60,C014
12105939,P0733,S0085,2018-12-28,8.0,3.7,60.0,0.5,PR14,,PR03,,,,2.0,4.0,9.0,cluster_7,H00,H0003,H000314,H00031405,H0003140506,ST01,60,C014
12125194,P0733,S0085,2018-12-29,30.0,13.89,54.0,0.5,PR14,,PR03,,,,2.0,4.0,9.0,cluster_7,H00,H0003,H000314,H00031405,H0003140506,ST01,60,C014
12144435,P0733,S0085,2018-12-30,25.0,11.57,29.0,0.5,PR14,,PR03,,,,2.0,4.0,9.0,cluster_7,H00,H0003,H000314,H00031405,H0003140506,ST01,60,C014
12163622,P0733,S0085,2018-12-31,30.0,13.89,0.0,0.5,PR14,,PR03,,,,2.0,4.0,9.0,cluster_7,H00,H0003,H000314,H00031405,H0003140506,ST01,60,C014
12201718,P0733,S0085,2019-01-02,17.0,7.87,78.0,0.5,PR14,,PR03,,,,2.0,4.0,9.0,cluster_7,H00,H0003,H000314,H00031405,H0003140506,ST01,60,C014
12220809,P0733,S0085,2019-01-03,16.0,7.41,62.0,0.5,PR14,,PR03,,,,2.0,4.0,9.0,cluster_7,H00,H0003,H000314,H00031405,H0003140506,ST01,60,C014
12239995,P0733,S0085,2019-01-04,29.0,13.43,81.0,0.5,PR14,,PR03,,,,2.0,4.0,9.0,cluster_7,H00,H0003,H000314,H00031405,H0003140506,ST01,60,C014
12259297,P0733,S0085,2019-01-05,29.0,13.43,52.0,0.5,PR14,,PR03,,,,2.0,4.0,9.0,cluster_7,H00,H0003,H000314,H00031405,H0003140506,ST01,60,C014
12278533,P0733,S0085,2019-01-06,6.0,2.78,52.0,0.5,PR14,,PR03,,,,2.0,4.0,9.0,cluster_7,H00,H0003,H000314,H00031405,H0003140506,ST01,60,C014
12297734,P0733,S0085,2019-01-07,19.0,8.8,170.0,0.5,PR14,,PR03,,,,2.0,4.0,9.0,cluster_7,H00,H0003,H000314,H00031405,H0003140506,ST01,60,C014
12316985,P0733,S0085,2019-01-08,21.0,9.72,149.0,0.5,PR14,,PR03,,,,2.0,4.0,9.0,cluster_7,H00,H0003,H000314,H00031405,H0003140506,ST01,60,C014
12336290,P0733,S0085,2019-01-09,12.0,5.56,137.0,0.5,PR14,,PR03,,,,2.0,4.0,9.0,cluster_7,H00,H0003,H000314,H00031405,H0003140506,ST01,60,C014
12355644,P0733,S0085,2019-01-10,11.0,5.09,126.0,0.5,PR14,,PR03,,,,2.0,4.0,9.0,cluster_7,H00,H0003,H000314,H00031405,H0003140506,ST01,60,C014
12375007,P0733,S0085,2019-01-11,8.0,3.7,118.0,0.5,PR14,,PR03,,,,2.0,4.0,9.0,cluster_7,H00,H0003,H000314,H00031405,H0003140506,ST01,60,C014
12394433,P0733,S0085,2019-01-12,19.0,8.8,99.0,0.5,PR14,,PR03,,,,2.0,4.0,9.0,cluster_7,H00,H0003,H000314,H00031405,H0003140506,ST01,60,C014
12413811,P0733,S0085,2019-01-13,22.0,10.19,99.0,0.5,PR14,,PR03,,,,2.0,4.0,9.0,cluster_7,H00,H0003,H000314,H00031405,H0003140506,ST01,60,C014
12433177,P0733,S0085,2019-01-14,17.0,7.87,84.0,0.5,PR14,,PR03,,,,2.0,4.0,9.0,cluster_7,H00,H0003,H000314,H00031405,H0003140506,ST01,60,C014
12452549,P0733,S0085,2019-01-15,8.0,3.7,76.0,0.5,PR14,,PR03,,,,2.0,4.0,9.0,cluster_7,H00,H0003,H000314,H00031405,H0003140506,ST01,60,C014
12471890,P0733,S0085,2019-01-16,23.0,10.65,53.0,0.5,PR14,,PR03,,,,2.0,4.0,9.0,cluster_7,H00,H0003,H000314,H00031405,H0003140506,ST01,60,C014
12491240,P0733,S0085,2019-01-17,22.0,10.19,79.0,0.5,PR14,,PR03,,,,2.0,4.0,9.0,cluster_7,H00,H0003,H000314,H00031405,H0003140506,ST01,60,C014
12510562,P0733,S0085,2019-01-18,7.0,3.24,72.0,0.5,PR14,,PR03,,,,2.0,4.0,9.0,cluster_7,H00,H0003,H000314,H00031405,H0003140506,ST01,60,C014
12529937,P0733,S0085,2019-01-19,35.0,16.2,37.0,0.5,PR14,,PR03,,,,2.0,4.0,9.0,cluster_7,H00,H0003,H000314,H00031405,H0003140506,ST01,60,C014
12549249,P0733,S0085,2019-01-20,29.0,13.43,8.0,0.5,PR14,,PR03,,,,2.0,4.0,9.0,cluster_7,H00,H0003,H000314,H00031405,H0003140506,ST01,60,C014
12568526,P0733,S0085,2019-01-21,19.0,8.8,85.0,0.5,PR14,,PR03,,,,2.0,4.0,9.0,cluster_7,H00,H0003,H000314,H00031405,H0003140506,ST01,60,C014
12587824,P0733,S0085,2019-01-22,5.0,2.31,80.0,0.5,PR14,,PR03,,,,2.0,4.0,9.0,cluster_7,H00,H0003,H000314,H00031405,H0003140506,ST01,60,C014
12607084,P0733,S0085,2019-01-23,10.0,4.63,80.0,0.5,PR14,,PR03,,,,2.0,4.0,9.0,cluster_7,H00,H0003,H000314,H00031405,H0003140506,ST01,60,C014
12626412,P0733,S0085,2019-01-24,22.0,10.19,96.0,0.5,PR14,,PR03,,,,2.0,4.0,9.0,cluster_7,H00,H0003,H000314,H00031405,H0003140506,ST01,60,C014
12645752,P0733,S0085,2019-01-25,5.0,2.31,91.0,0.5,PR14,,PR03,,,,2.0,4.0,9.0,cluster_7,H00,H0003,H000314,H00031405,H0003140506,ST01,60,C014
12665151,P0733,S0085,2019-01-26,33.0,15.28,91.0,0.5,PR14,,PR03,,,,2.0,4.0,9.0,cluster_7,H00,H0003,H000314,H00031405,H0003140506,ST01,60,C014
12684518,P0733,S0085,2019-01-27,11.0,5.09,47.0,0.5,PR14,,PR03,,,,2.0,4.0,9.0,cluster_7,H00,H0003,H000314,H00031405,H0003140506,ST01,60,C014
12703698,P0733,S0085,2019-01-28,20.0,9.26,51.0,0.5,PR14,,PR03,,,,2.0,4.0,9.0,cluster_7,H00,H0003,H000314,H00031405,H0003140506,ST01,60,C014
12722845,P0733,S0085,2019-01-29,7.0,3.24,164.0,0.5,PR14,,PR03,,,,2.0,4.0,9.0,cluster_7,H00,H0003,H000314,H00031405,H0003140506,ST01,60,C014
12742024,P0733,S0085,2019-01-30,15.0,6.94,149.0,0.5,PR14,,PR03,,,,2.0,4.0,9.0,cluster_7,H00,H0003,H000314,H00031405,H0003140506,ST01,60,C014
12761176,P0733,S0085,2019-01-31,10.0,4.63,139.0,0.5,PR14,,PR03,,,,2.0,4.0,9.0,cluster_7,H00,H0003,H000314,H00031405,H0003140506,ST01,60,C014
12780392,P0733,S0085,2019-02-01,57.0,26.39,130.0,0.5,PR14,,PR03,,,,2.0,4.0,9.0,cluster_7,H00,H0003,H000314,H00031405,H0003140506,ST01,60,C014
12799775,P0733,S0085,2019-02-02,8.0,3.7,122.0,0.5,PR14,,PR03,,,,2.0,4.0,9.0,cluster_7,H00,H0003,H000314,H00031405,H0003140506,ST01,60,C014
12819154,P0733,S0085,2019-02-03,52.0,24.07,70.0,0.5,PR14,,PR03,,,,2.0,4.0,9.0,cluster_7,H00,H0003,H000314,H00031405,H0003140506,ST01,60,C014
12838521,P0733,S0085,2019-02-04,10.0,4.63,108.0,0.5,PR14,,PR03,,,,2.0,4.0,9.0,cluster_7,H00,H0003,H000314,H00031405,H0003140506,ST01,60,C014
12857927,P0733,S0085,2019-02-05,10.0,4.63,98.0,0.5,PR14,,PR03,,,,2.0,4.0,9.0,cluster_7,H00,H0003,H000314,H00031405,H0003140506,ST01,60,C014
12877335,P0733,S0085,2019-02-06,24.0,14.58,74.0,0.75,PR14,,PR03,,,,2.0,4.0,9.0,cluster_7,H00,H0003,H000314,H00031405,H0003140506,ST01,60,C014
12896737,P0733,S0085,2019-02-07,14.0,9.72,780.0,0.75,PR14,,PR03,,,,2.0,4.0,9.0,cluster_7,H00,H0003,H000314,H00031405,H0003140506,ST01,60,C014
12916143,P0733,S0085,2019-02-08,18.0,12.5,762.0,0.75,PR14,,PR03,,,,2.0,4.0,9.0,cluster_7,H00,H0003,H000314,H00031405,H0003140506,ST01,60,C014
13051788,P0733,S0085,2019-02-15,23.0,15.97,580.0,0.75,PR14,,PR03,,,,2.0,4.0,9.0,cluster_7,H00,H0003,H000314,H00031405,H0003140506,ST01,60,C014
13071284,P0733,S0085,2019-02-16,23.0,15.97,580.0,0.75,PR14,,PR03,,,,2.0,4.0,9.0,cluster_7,H00,H0003,H000314,H00031405,H0003140506,ST01,60,C014
13090802,P0733,S0085,2019-02-17,29.0,20.14,528.0,0.75,PR14,,PR03,,,,2.0,4.0,9.0,cluster_7,H00,H0003,H000314,H00031405,H0003140506,ST01,60,C014
13110242,P0733,S0085,2019-02-18,15.0,10.42,513.0,0.75,PR14,,PR03,,,,2.0,4.0,9.0,cluster_7,H00,H0003,H000314,H00031405,H0003140506,ST01,60,C014
13129681,P0733,S0085,2019-02-19,15.0,10.42,498.0,0.75,PR14,,PR03,,,,2.0,4.0,9.0,cluster_7,H00,H0003,H000314,H00031405,H0003140506,ST01,60,C014
13149070,P0733,S0085,2019-02-20,7.0,4.86,491.0,0.75,PR14,,PR03,,,,2.0,4.0,9.0,cluster_7,H00,H0003,H000314,H00031405,H0003140506,ST01,60,C014
13168511,P0733,S0085,2019-02-21,15.0,10.42,476.0,0.75,PR14,,PR03,,,,2.0,4.0,9.0,cluster_7,H00,H0003,H000314,H00031405,H0003140506,ST01,60,C014
13187944,P0733,S0085,2019-02-22,22.0,15.28,454.0,0.75,PR14,,PR03,,,,2.0,4.0,9.0,cluster_7,H00,H0003,H000314,H00031405,H0003140506,ST01,60,C014
13207398,P0733,S0085,2019-02-23,108.0,75.0,346.0,0.75,PR14,,PR03,,,,2.0,4.0,9.0,cluster_7,H00,H0003,H000314,H00031405,H0003140506,ST01,60,C014
13226879,P0733,S0085,2019-02-24,77.0,53.47,269.0,0.75,PR14,,PR03,,,,2.0,4.0,9.0,cluster_7,H00,H0003,H000314,H00031405,H0003140506,ST01,60,C014
13246331,P0733,S0085,2019-02-25,12.0,8.33,257.0,0.75,PR14,,PR03,,,,2.0,4.0,9.0,cluster_7,H00,H0003,H000314,H00031405,H0003140506,ST01,60,C014
13265770,P0733,S0085,2019-02-26,9.0,6.25,392.0,0.75,PR14,,PR03,,,,2.0,4.0,9.0,cluster_7,H00,H0003,H000314,H00031405,H0003140506,ST01,60,C014
13285195,P0733,S0085,2019-02-27,10.0,6.94,382.0,0.75,PR14,,PR03,,,,2.0,4.0,9.0,cluster_7,H00,H0003,H000314,H00031405,H0003140506,ST01,60,C014
13304408,P0733,S0085,2019-02-28,65.0,45.14,317.0,0.75,PR14,,PR03,,,,2.0,4.0,9.0,cluster_7,H00,H0003,H000314,H00031405,H0003140506,ST01,60,C014
13323670,P0733,S0085,2019-03-01,7.0,4.86,310.0,0.75,PR14,,PR03,,,,2.0,4.0,9.0,cluster_7,H00,H0003,H000314,H00031405,H0003140506,ST01,60,C014
13343083,P0733,S0085,2019-03-02,12.0,8.33,298.0,0.75,PR14,,PR03,,,,2.0,4.0,9.0,cluster_7,H00,H0003,H000314,H00031405,H0003140506,ST01,60,C014
13362460,P0733,S0085,2019-03-03,19.0,13.19,279.0,0.75,PR14,,PR03,,,,2.0,4.0,9.0,cluster_7,H00,H0003,H000314,H00031405,H0003140506,ST01,60,C014
13381819,P0733,S0085,2019-03-04,34.0,23.61,485.0,0.75,PR14,,PR03,,,,2.0,4.0,9.0,cluster_7,H00,H0003,H000314,H00031405,H0003140506,ST01,60,C014
13401232,P0733,S0085,2019-03-05,51.0,35.42,434.0,0.75,PR14,,PR03,,,,2.0,4.0,9.0,cluster_7,H00,H0003,H000314,H00031405,H0003140506,ST01,60,C014
13420664,P0733,S0085,2019-03-06,18.0,12.5,416.0,0.75,PR14,,PR03,,,,2.0,4.0,9.0,cluster_7,H00,H0003,H000314,H00031405,H0003140506,ST01,60,C014
13440144,P0733,S0085,2019-03-07,35.0,24.31,381.0,0.75,PR14,,PR03,,,,2.0,4.0,9.0,cluster_7,H00,H0003,H000314,H00031405,H0003140506,ST01,60,C014
13459622,P0733,S0085,2019-03-08,40.0,27.78,341.0,0.75,PR14,,PR03,,,,2.0,4.0,9.0,cluster_7,H00,H0003,H000314,H00031405,H0003140506,ST01,60,C014
13479240,P0733,S0085,2019-03-09,28.0,19.44,313.0,0.75,PR14,,PR03,,,,2.0,4.0,9.0,cluster_7,H00,H0003,H000314,H00031405,H0003140506,ST01,60,C014
13498798,P0733,S0085,2019-03-10,40.0,27.78,273.0,0.75,PR14,,PR03,,,,2.0,4.0,9.0,cluster_7,H00,H0003,H000314,H00031405,H0003140506,ST01,60,C014
13518341,P0733,S0085,2019-03-11,35.0,24.31,238.0,0.75,PR14,,PR03,,,,2.0,4.0,9.0,cluster_7,H00,H0003,H000314,H00031405,H0003140506,ST01,60,C014
13537991,P0733,S0085,2019-03-12,14.0,9.72,224.0,0.75,PR14,,PR03,,,,2.0,4.0,9.0,cluster_7,H00,H0003,H000314,H00031405,H0003140506,ST01,60,C014
13557683,P0733,S0085,2019-03-13,10.0,6.94,214.0,0.75,PR14,,PR03,,,,2.0,4.0,9.0,cluster_7,H00,H0003,H000314,H00031405,H0003140506,ST01,60,C014
13577439,P0733,S0085,2019-03-14,21.0,14.58,193.0,0.75,PR14,,PR03,,,,2.0,4.0,9.0,cluster_7,H00,H0003,H000314,H00031405,H0003140506,ST01,60,C014
13597231,P0733,S0085,2019-03-15,11.0,7.64,278.0,0.75,PR14,,PR03,,,,2.0,4.0,9.0,cluster_7,H00,H0003,H000314,H00031405,H0003140506,ST01,60,C014
13617107,P0733,S0085,2019-03-16,15.0,10.42,263.0,0.75,PR14,,PR03,,,,2.0,4.0,9.0,cluster_7,H00,H0003,H000314,H00031405,H0003140506,ST01,60,C014
13636948,P0733,S0085,2019-03-17,6.0,4.17,257.0,0.75,PR14,,PR03,,,,2.0,4.0,9.0,cluster_7,H00,H0003,H000314,H00031405,H0003140506,ST01,60,C014
13656750,P0733,S0085,2019-03-18,36.0,25.0,215.0,0.75,PR14,,PR03,,,,2.0,4.0,9.0,cluster_7,H00,H0003,H000314,H00031405,H0003140506,ST01,60,C014
13676527,P0733,S0085,2019-03-19,5.0,3.47,210.0,0.75,PR14,,PR03,,,,2.0,4.0,9.0,cluster_7,H00,H0003,H000314,H00031405,H0003140506,ST01,60,C014
