sale_5.csv
Unnamed: 0,product_id,store_id,date,sales,revenue,stock,price,promo_type_1,promo_bin_1,promo_type_2,promo_bin_2,promo_discount_2,promo_discount_type_2,product_length,product_depth,product_width,cluster_id,hierarchy1_id,hierarchy2_id,hierarchy3_id,hierarchy4_id,hierarchy5_id,storetype_id,store_size,city_id
16231218,P0733,S0085,2019-07-23,0.0,0.0,84.0,0.75,PR14,,PR03,,,,2.0,4.0,9.0,cluster_7,H00,H0003,H000314,H00031405,H0003140506,ST01,60,C014
16251647,P0733,S0085,2019-07-24,0.0,0.0,84.0,0.75,PR14,,PR03,,,,2.0,4.0,9.0,cluster_7,H00,H0003,H000314,H00031405,H0003140506,ST01,60,C014
16272096,P0733,S0085,2019-07-25,1.0,0.69,83.0,0.75,PR14,,PR03,,,,2.0,4.0,9.0,cluster_7,H00,H0003,H000314,H00031405,H0003140506,ST01,60,C014
16292536,P0733,S0085,2019-07-26,2.0,1.39,81.0,0.75,PR14,,PR03,,,,2.0,4.0,9.0,cluster_7,H00,H0003,H000314,H00031405,H0003140506,ST01,60,C014
16313093,P0733,S0085,2019-07-27,1.0,0.69,80.0,0.75,PR14,,PR03,,,,2.0,4.0,9.0,cluster_7,H00,H0003,H000314,H00031405,H0003140506,ST01,60,C014
16333484,P0733,S0085,2019-07-28,3.0,2.08,77.0,0.75,PR14,,PR03,,,,2.0,4.0,9.0,cluster_7,H00,H0003,H000314,H00031405,H0003140506,ST01,60,C014
16353817,P0733,S0085,2019-07-29,3.0,2.08,74.0,0.75,PR14,,PR03,,,,2.0,4.0,9.0,cluster_7,H00,H0003,H000314,H00031405,H0003140506,ST01,60,C014
16374122,P0733,S0085,2019-07-30,2.0,1.39,120.0,0.75,PR14,,PR03,,,,2.0,4.0,9.0,cluster_7,H00,H0003,H000314,H00031405,H0003140506,ST01,60,C014
16394350,P0733,S0085,2019-07-31,9.0,6.25,111.0,0.75,PR14,,PR03,,,,2.0,4.0,9.0,cluster_7,H00,H0003,H000314,H00031405,H0003140506,ST01,60,C014
16414596,P0733,S0085,2019-08-01,3.0,2.08,108.0,0.75,PR14,,PR03,,,,2.0,4.0,9.0,cluster_7,H00,H0003,H000314,H00031405,H0003140506,ST01,60,C014
16434996,P0733,S0085,2019-08-02,1.0,0.69,107.0,0.75,PR14,,PR03,,,,2.0,4.0,9.0,cluster_7,H00,H0003,H000314,H00031405,H0003140506,ST01,60,C014
16455664,P0733,S0085,2019-08-03,8.0,5.56,99.0,0.75,PR14,,PR03,,,,2.0,4.0,9.0,cluster_7,H00,H0003,H000314,H00031405,H0003140506,ST01,60,C014
16476185,P0733,S0085,2019-08-04,5.0,3.47,94.0,0.75,PR14,,PR03,,,,2.0,4.0,9.0,cluster_7,H00,H0003,H000314,H00031405,H0003140506,ST01,60,C014
16496713,P0733,S0085,2019-08-05,1.0,0.69,93.0,0.75,PR14,,PR03,,,,2.0,4.0,9.0,cluster_7,H00,H0003,H000314,H00031405,H0003140506,ST01,60,C014
16517264,P0733,S0085,2019-08-06,8.0,5.56,133.0,0.75,PR14,,PR03,,,,2.0,4.0,9.0,cluster_7,H00,H0003,H000314,H00031405,H0003140506,ST01,60,C014
16537841,P0733,S0085,2019-08-07,2.0,1.39,131.0,0.75,PR14,,PR03,,,,2.0,4.0,9.0,cluster_7,H00,H0003,H000314,H00031405,H0003140506,ST01,60,C014
16558499,P0733,S0085,2019-08-08,0.0,0.0,131.0,0.75,PR14,,PR03,,,,2.0,4.0,9.0,cluster_7,H00,H0003,H000314,H00031405,H0003140506,ST01,60,C014
16579229,P0733,S0085,2019-08-09,1.0,0.69,130.0,0.75,PR14,,PR03,,,,2.0,4.0,9.0,cluster_7,H00,H0003,H000314,H00031405,H0003140506,ST01,60,C014
16600165,P0733,S0085,2019-08-10,0.0,0.0,130.0,0.75,PR14,,PR03,,,,2.0,4.0,9.0,cluster_7,H00,H0003,H000314,H00031405,H0003140506,ST01,60,C014
16620903,P0733,S0085,2019-08-11,8.0,5.56,122.0,0.75,PR14,,PR03,,,,2.0,4.0,9.0,cluster_7,H00,H0003,H000314,H00031405,H0003140506,ST01,60,C014
16641645,P0733,S0085,2019-08-12,0.0,0.0,122.0,0.75,PR14,,PR03,,,,2.0,4.0,9.0,cluster_7,H00,H0003,H000314,H00031405,H0003140506,ST01,60,C014
16662357,P0733,S0085,2019-08-13,32.0,22.22,90.0,0.75,PR14,,PR03,,,,2.0,4.0,9.0,cluster_7,H00,H0003,H000314,H00031405,H0003140506,ST01,60,C014
16683073,P0733,S0085,2019-08-14,6.0,4.17,86.0,0.75,PR14,,PR03,,,,2.0,4.0,9.0,cluster_7,H00,H0003,H000314,H00031405,H0003140506,ST01,60,C014
16703822,P0733,S0085,2019-08-15,3.0,2.08,83.0,0.75,PR14,,PR03,,,,2.0,4.0,9.0,cluster_7,H00,H0003,H000314,H00031405,H0003140506,ST01,60,C014
16724582,P0733,S0085,2019-08-16,80.0,55.56,3.0,0.75,PR14,,PR03,,,,2.0,4.0,9.0,cluster_7,H00,H0003,H000314,H00031405,H0003140506,ST01,60,C014
16745484,P0733,S0085,2019-08-17,0.0,0.0,2.0,0.75,PR14,,PR03,,,,2.0,4.0,9.0,cluster_7,H00,H0003,H000314,H00031405,H0003140506,ST01,60,C014
16766233,P0733,S0085,2019-08-18,0.0,0.0,2.0,0.75,PR14,,PR03,,,,2.0,4.0,9.0,cluster_7,H00,H0003,H000314,H00031405,H0003140506,ST01,60,C014
16786926,P0733,S0085,2019-08-19,0.0,0.0,2.0,0.75,PR14,,PR03,,,,2.0,4.0,9.0,cluster_7,H00,H0003,H000314,H00031405,H0003140506,ST01,60,C014
16807626,P0733,S0085,2019-08-20,0.0,0.0,2.0,0.75,PR14,,PR03,,,,2.0,4.0,9.0,cluster_7,H00,H0003,H000314,H00031405,H0003140506,ST01,60,C014
16828237,P0733,S0085,2019-08-21,0.0,0.0,2.0,0.75,PR14,,PR03,,,,2.0,4.0,9.0,cluster_7,H00,H0003,H000314,H00031405,H0003140506,ST01,60,C014
16848807,P0733,S0085,2019-08-22,0.0,0.0,2.0,0.75,PR14,,PR03,,,,2.0,4.0,9.0,cluster_7,H00,H0003,H000314,H00031405,H0003140506,ST01,60,C014
16869347,P0733,S0085,2019-08-23,0.0,0.0,2.0,0.75,PR14,,PR03,,,,2.0,4.0,9.0,cluster_7,H00,H0003,H000314,H00031405,H0003140506,ST01,60,C014
16890066,P0733,S0085,2019-08-24,0.0,0.0,98.0,0.75,PR14,,PR03,,,,2.0,4.0,9.0,cluster_7,H00,H0003,H000314,H00031405,H0003140506,ST01,60,C014
16910572,P0733,S0085,2019-08-25,0.0,0.0,98.0,0.75,PR14,,PR03,,,,2.0,4.0,9.0,cluster_7,H00,H0003,H000314,H00031405,H0003140506,ST01,60,C014
16931045,P0733,S0085,2019-08-26,4.0,2.78,94.0,0.75,PR14,,PR03,,,,2.0,4.0,9.0,cluster_7,H00,H0003,H000314,H00031405,H0003140506,ST01,60,C014
16951464,P0733,S0085,2019-08-27,4.0,2.78,90.0,0.75,PR14,,PR03,,,,2.0,4.0,9.0,cluster_7,H00,H0003,H000314,H00031405,H0003140506,ST01,60,C014
16971809,P0733,S0085,2019-08-28,1.0,0.69,89.0,0.75,PR14,,PR03,,,,2.0,4.0,9.0,cluster_7,H00,H0003,H000314,H00031405,H0003140506,ST01,60,C014
16992084,P0733,S0085,2019-08-29,4.0,2.78,85.0,0.75,PR14,,PR03,,,,2.0,4.0,9.0,cluster_7,H00,H0003,H000314,H00031405,H0003140506,ST01,60,C014
17012413,P0733,S0085,2019-08-30,9.0,6.25,76.0,0.75,PR14,,PR03,,,,2.0,4.0,9.0,cluster_7,H00,H0003,H000314,H00031405,H0003140506,ST01,60,C014
17032909,P0733,S0085,2019-08-31,0.0,0.0,76.0,0.75,PR14,,PR03,,,,2.0,4.0,9.0,cluster_7,H00,H0003,H000314,H00031405,H0003140506,ST01,60,C014
17053219,P0733,S0085,2019-09-01,11.0,7.64,65.0,0.75,PR14,,PR03,,,,2.0,4.0,9.0,cluster_7,H00,H0003,H000314,H00031405,H0003140506,ST01,60,C014
17073422,P0733,S0085,2019-09-02,2.0,1.39,63.0,0.75,PR14,,PR03,,,,2.0,4.0,9.0,cluster_7,H00,H0003,H000314,H00031405,H0003140506,ST01,60,C014
17093661,P0733,S0085,2019-09-03,62.0,43.06,1.0,0.75,PR14,,PR03,,,,2.0,4.0,9.0,cluster_7,H00,H0003,H000314,H00031405,H0003140506,ST01,60,C014
17113943,P0733,S0085,2019-09-04,0.0,0.0,1.0,0.75,PR14,,PR03,,,,2.0,4.0,9.0,cluster_7,H00,H0003,H000314,H00031405,H0003140506,ST01,60,C014
17134273,P0733,S0085,2019-09-05,0.0,0.0,1.0,0.75,PR14,,PR03,,,,2.0,4.0,9.0,cluster_7,H00,H0003,H000314,H00031405,H0003140506,ST01,60,C014
17154656,P0733,S0085,2019-09-06,1.0,0.69,0.0,0.75,PR14,,PR03,,,,2.0,4.0,9.0,cluster_7,H00,H0003,H000314,H00031405,H0003140506,ST01,60,C014
17479913,P0733,S0085,2019-09-22,1.0,0.69,0.0,0.75,PR14,,PR03,,,,2.0,4.0,9.0,cluster_7,H00,H0003,H000314,H00031405,H0003140506,ST01,60,C014
17520608,P0733,S0085,2019-09-24,0.0,0.0,15.0,0.75,PR14,,PR03,,,,2.0,4.0,9.0,cluster_7,H00,H0003,H000314,H00031405,H0003140506,ST01,60,C014
17540941,P0733,S0085,2019-09-25,0.0,0.0,15.0,0.75,PR14,,PR03,,,,2.0,4.0,9.0,cluster_7,H00,H0003,H000314,H00031405,H0003140506,ST01,60,C014
17561272,P0733,S0085,2019-09-26,0.0,0.0,15.0,0.75,PR14,,PR03,,,,2.0,4.0,9.0,cluster_7,H00,H0003,H000314,H00031405,H0003140506,ST01,60,C014
17581530,P0733,S0085,2019-09-27,0.0,0.0,15.0,0.75,PR14,,PR03,,,,2.0,4.0,9.0,cluster_7,H00,H0003,H000314,H00031405,H0003140506,ST01,60,C014
17601650,P0733,S0085,2019-09-28,0.0,0.0,15.0,0.75,PR14,,PR03,,,,2.0,4.0,9.0,cluster_7,H00,H0003,H000314,H00031405,H0003140506,ST01,60,C014
17621595,P0733,S0085,2019-09-29,0.0,0.0,15.0,0.75,PR14,,PR03,,,,2.0,4.0,9.0,cluster_7,H00,H0003,H000314,H00031405,H0003140506,ST01,60,C014
17641525,P0733,S0085,2019-09-30,0.0,0.0,15.0,0.75,PR14,,PR03,,,,2.0,4.0,9.0,cluster_7,H00,H0003,H000314,H00031405,H0003140506,ST01,60,C014
17661454,P0733,S0085,2019-10-01,0.0,0.0,15.0,0.75,PR14,,PR03,,,,2.0,4.0,9.0,cluster_7,H00,H0003,H000314,H00031405,H0003140506,ST01,60,C014
17681469,P0733,S0085,2019-10-02,0.0,0.0,15.0,0.75,PR14,,PR03,,,,2.0,4.0,9.0,cluster_7,H00,H0003,H000314,H00031405,H0003140506,ST01,60,C014
17701632,P0733,S0085,2019-10-03,0.0,0.0,15.0,0.75,PR14,,PR03,,,,2.0,4.0,9.0,cluster_7,H00,H0003,H000314,H00031405,H0003140506,ST01,60,C014
17721840,P0733,S0085,2019-10-04,0.0,0.0,15.0,0.75,PR14,,PR03,,,,2.0,4.0,9.0,cluster_7,H00,H0003,H000314,H00031405,H0003140506,ST01,60,C014
17741947,P0733,S0085,2019-10-05,0.0,0.0,15.0,0.75,PR14,,PR03,,,,2.0,4.0,9.0,cluster_7,H00,H0003,H000314,H00031405,H0003140506,ST01,60,C014
17761986,P0733,S0085,2019-10-06,1.0,0.69,14.0,0.75,PR14,,PR03,,,,2.0,4.0,9.0,cluster_7,H00,H0003,H000314,H00031405,H0003140506,ST01,60,C014
17782122,P0733,S0085,2019-10-07,0.0,0.0,14.0,0.75,PR14,,PR03,,,,2.0,4.0,9.0,cluster_7,H00,H0003,H000314,H00031405,H0003140506,ST01,60,C014
17802264,P0733,S0085,2019-10-08,0.0,0.0,14.0,0.75,PR14,,PR03,,,,2.0,4.0,9.0,cluster_7,H00,H0003,H000314,H00031405,H0003140506,ST01,60,C014
17822431,P0733,S0085,2019-10-09,0.0,0.0,14.0,0.75,PR14,,PR03,,,,2.0,4.0,9.0,cluster_7,H00,H0003,H000314,H00031405,H0003140506,ST01,60,C014
17842613,P0733,S0085,2019-10-10,0.0,0.0,14.0,0.75,PR14,,PR03,,,,2.0,4.0,9.0,cluster_7,H00,H0003,H000314,H00031405,H0003140506,ST01,60,C014
17862819,P0733,S0085,2019-10-11,0.0,0.0,14.0,0.75,PR14,,PR03,,,,2.0,4.0,9.0,cluster_7,H00,H0003,H000314,H00031405,H0003140506,ST01,60,C014
17883008,P0733,S0085,2019-10-12,0.0,0.0,14.0,0.75,PR14,,PR03,,,,2.0,4.0,9.0,cluster_7,H00,H0003,H000314,H00031405,H0003140506,ST01,60,C014
17903096,P0733,S0085,2019-10-13,0.0,0.0,14.0,0.75,PR14,,PR03,,,,2.0,4.0,9.0,cluster_7,H00,H0003,H000314,H00031405,H0003140506,ST01,60,C014
17923185,P0733,S0085,2019-10-14,0.0,0.0,14.0,0.75,PR14,,PR03,,,,2.0,4.0,9.0,cluster_7,H00,H0003,H000314,H00031405,H0003140506,ST01,60,C014
17943264,P0733,S0085,2019-10-15,0.0,0.0,14.0,0.75,PR14,,PR03,,,,2.0,4.0,9.0,cluster_7,H00,H0003,H000314,H00031405,H0003140506,ST01,60,C014
17963350,P0733,S0085,2019-10-16,0.0,0.0,14.0,0.75,PR14,,PR03,,,,2.0,4.0,9.0,cluster_7,H00,H0003,H000314,H00031405,H0003140506,ST01,60,C014
17983419,P0733,S0085,2019-10-17,0.0,0.0,14.0,0.75,PR14,,PR03,,,,2.0,4.0,9.0,cluster_7,H00,H0003,H000314,H00031405,H0003140506,ST01,60,C014
18003515,P0733,S0085,2019-10-18,0.0,0.0,14.0,0.75,PR14,,PR03,,,,2.0,4.0,9.0,cluster_7,H00,H0003,H000314,H00031405,H0003140506,ST01,60,C014
18023704,P0733,S0085,2019-10-19,0.0,0.0,14.0,0.75,PR14,,PR03,,,,2.0,4.0,9.0,cluster_7,H00,H0003,H000314,H00031405,H0003140506,ST01,60,C014
18043720,P0733,S0085,2019-10-20,2.0,1.39,12.0,0.75,PR14,,PR03,,,,2.0,4.0,9.0,cluster_7,H00,H0003,H000314,H00031405,H0003140506,ST01,60,C014
18063792,P0733,S0085,2019-10-21,0.0,0.0,12.0,0.75,PR14,,PR03,,,,2.0,4.0,9.0,cluster_7,H00,H0003,H000314,H00031405,H0003140506,ST01,60,C014
18083881,P0733,S0085,2019-10-22,0.0,0.0,12.0,0.75,PR14,,PR03,,,,2.0,4.0,9.0,cluster_7,H00,H0003,H000314,H00031405,H0003140506,ST01,60,C014
18103968,P0733,S0085,2019-10-23,0.0,0.0,12.0,0.75,PR14,,PR03,,,,2.0,4.0,9.0,cluster_7,H00,H0003,H000314,H00031405,H0003140506,ST01,60,C014
18124039,P0733,S0085,2019-10-24,0.0,0.0,12.0,0.75,PR14,,PR03,,,,2.0,4.0,9.0,cluster_7,H00,H0003,H000314,H00031405,H0003140506,ST01,60,C014
18144103,P0733,S0085,2019-10-25,0.0,0.0,1.0,0.75,PR14,,PR03,,,,2.0,4.0,9.0,cluster_7,H00,H0003,H000314,H00031405,H0003140506,ST01,60,C014
18164113,P0733,S0085,2019-10-26,1.0,0.69,0.0,0.75,PR14,,PR03,,,,2.0,4.0,9.0,cluster_7,H00,H0003,H000314,H00031405,H0003140506,ST01,60,C014
14602,P0099,S0088,2017-01-03,0.0,0.0,1.0,10.9,PR14,,PR03,,,,3.0,11.3,10.0,cluster_0,H03,H0313,H031302,H03130210,H0313021001,ST04,20,C009
27712,P0099,S0088,2017-01-04,0.0,0.0,1.0,10.9,PR14,,PR03,,,,3.0,11.3,10.0,cluster_0,H03,H0313,H031302,H03130210,H0313021001,ST04,20,C009
40793,P0099,S0088,2017-01-05,0.0,0.0,1.0,10.9,PR14,,PR03,,,,3.0,11.3,10.0,cluster_0,H03,H0313,H031302,H03130210,H0313021001,ST04,20,C009
53886,P0099,S0088,2017-01-06,0.0,0.0,1.0,10.9,PR14,,PR03,,,,3.0,11.3,10.0,cluster_0,H03,H0313,H031302,H03130210,H0313021001,ST04,20,C009
67048,P0099,S0088,2017-01-07,0.0,0.0,1.0,10.9,PR14,,PR03,,,,3.0,11.3,10.0,cluster_0,H03,H0313,H031302,H03130210,H0313021001,ST04,20,C009
80169,P0099,S0088,2017-01-08,0.0,0.0,1.0,10.9,PR14,,PR03,,,,3.0,11.3,10.0,cluster_0,H03,H0313,H031302,H03130210,H0313021001,ST04,20,C009
93254,P0099,S0088,2017-01-09,0.0,0.0,1.0,10.9,PR14,,PR03,,,,3.0,11.3,10.0,cluster_0,H03,H0313,H031302,H03130210,H0313021001,ST04,20,C009
106347,P0099,S0088,2017-01-10,0.0,0.0,1.0,10.9,PR14,,PR03,,,,3.0,11.3,10.0,cluster_0,H03,H0313,H031302,H03130210,H0313021001,ST04,20,C009
119485,P0099,S0088,2017-01-11,0.0,0.0,1.0,10.9,PR14,,PR03,,,,3.0,11.3,10.0,cluster_0,H03,H0313,H031302,H03130210,H0313021001,ST04,20,C009
132643,P0099,S0088,2017-01-12,0.0,0.0,1.0,10.9,PR14,,PR03,,,,3.0,11.3,10.0,cluster_0,H03,H0313,H031302,H03130210,H0313021001,ST04,20,C009
145791,P0099,S0088,2017-01-13,0.0,0.0,1.0,10.9,PR14,,PR03,,,,3.0,11.3,10.0,cluster_0,H03,H0313,H031302,H03130210,H0313021001,ST04,20,C009
158961,P0099,S0088,2017-01-14,0.0,0.0,1.0,10.9,PR14,,PR03,,,,3.0,11.3,10.0,cluster_0,H03,H0313,H031302,H03130210,H0313021001,ST04,20,C009
172147,P0099,S0088,2017-01-15,0.0,0.0,1.0,10.9,PR14,,PR03,,,,3.0,11.3,10.0,cluster_0,H03,H0313,H031302,H03130210,H0313021001,ST04,20,C009
185342,P0099,S0088,2017-01-16,0.0,0.0,1.0,10.9,PR14,,PR03,,,,3.0,11.3,10.0,cluster_0,H03,H0313,H031302,H03130210,H0313021001,ST04,20,C009
198564,P0099,S0088,2017-01-17,0.0,0.0,1.0,10.9,PR14,,PR03,,,,3.0,11.3,10.0,cluster_0,H03,H0313,H031302,H03130210,H0313021001,ST04,20,C009
211829,P0099,S0088,2017-01-18,0.0,0.0,1.0,10.9,PR14,,PR03,,,,3.0,11.3,10.0,cluster_0,H03,H0313,H031302,H03130210,H0313021001,ST04,20,C009
225106,P0099,S0088,2017-01-19,0.0,0.0,1.0,10.9,PR14,,PR03,,,,3.0,11.3,10.0,cluster_0,H03,H0313,H031302,H03130210,H0313021001,ST04,20,C009
238383,P0099,S0088,2017-01-20,0.0,0.0,1.0,10.9,PR14,,PR03,,,,3.0,11.3,10.0,cluster_0,H03,H0313,H031302,H03130210,H0313021001,ST04,20,C009
251725,P0099,S0088,2017-01-21,0.0,0.0,1.0,10.9,PR14,,PR03,,,,3.0,11.3,10.0,cluster_0,H03,H0313,H031302,H03130210,H0313021001,ST04,20,C009
264983,P0099,S0088,2017-01-22,0.0,0.0,1.0,10.9,PR14,,PR03,,,,3.0,11.3,10.0,cluster_0,H03,H0313,H031302,H03130210,H0313021001,ST04,20,C009
278253,P0099,S0088,2017-01-23,0.0,0.0,1.0,10.9,PR14,,PR03,,,,3.0,11.3,10.0,cluster_0,H03,H0313,H031302,H03130210,H0313021001,ST04,20,C009
291587,P0099,S0088,2017-01-24,0.0,0.0,1.0,10.9,PR14,,PR03,,,,3.0,11.3,10.0,cluster_0,H03,H0313,H031302,H03130210,H0313021001,ST04,20,C009
304922,P0099,S0088,2017-01-25,0.0,0.0,1.0,10.9,PR14,,PR03,,,,3.0,11.3,10.0,cluster_0,H03,H0313,H031302,H03130210,H0313021001,ST04,20,C009
318249,P0099,S0088,2017-01-26,0.0,0.0,1.0,10.9,PR14,,PR03,,,,3.0,11.3,10.0,cluster_0,H03,H0313,H031302,H03130210,H0313021001,ST04,20,C009
331569,P0099,S0088,2017-01-27,0.0,0.0,1.0,10.9,PR14,,PR03,,,,3.0,11.3,10.0,cluster_0,H03,H0313,H031302,H03130210,H0313021001,ST04,20,C009
344881,P0099,S0088,2017-01-28,0.0,0.0,1.0,10.9,PR14,,PR03,,,,3.0,11.3,10.0,cluster_0,H03,H0313,H031302,H03130210,H0313021001,ST04,20,C009
358142,P0099,S0088,2017-01-29,0.0,0.0,1.0,10.9,PR14,,PR03,,,,3.0,11.3,10.0,cluster_0,H03,H0313,H031302,H03130210,H0313021001,ST04,20,C009
371399,P0099,S0088,2017-01-30,0.0,0.0,1.0,10.9,PR14,,PR03,,,,3.0,11.3,10.0,cluster_0,H03,H0313,H031302,H03130210,H0313021001,ST04,20,C009
384641,P0099,S0088,2017-01-31,0.0,0.0,1.0,10.9,PR14,,PR03,,,,3.0,11.3,10.0,cluster_0,H03,H0313,H031302,H03130210,H0313021001,ST04,20,C009
397848,P0099,S0088,2017-02-01,0.0,0.0,1.0,10.9,PR14,,PR03,,,,3.0,11.3,10.0,cluster_0,H03,H0313,H031302,H03130210,H0313021001,ST04,20,C009
411073,P0099,S0088,2017-02-02,0.0,0.0,1.0,10.9,PR14,,PR03,,,,3.0,11.3,10.0,cluster_0,H03,H0313,H031302,H03130210,H0313021001,ST04,20,C009
424352,P0099,S0088,2017-02-03,0.0,0.0,1.0,10.9,PR14,,PR03,,,,3.0,11.3,10.0,cluster_0,H03,H0313,H031302,H03130210,H0313021001,ST04,20,C009
437693,P0099,S0088,2017-02-04,0.0,0.0,1.0,10.9,PR14,,PR03,,,,3.0,11.3,10.0,cluster_0,H03,H0313,H031302,H03130210,H0313021001,ST04,20,C009
450983,P0099,S0088,2017-02-05,0.0,0.0,1.0,10.9,PR14,,PR03,,,,3.0,11.3,10.0,cluster_0,H03,H0313,H031302,H03130210,H0313021001,ST04,20,C009
464266,P0099,S0088,2017-02-06,0.0,0.0,1.0,10.9,PR14,,PR03,,,,3.0,11.3,10.0,cluster_0,H03,H0313,H031302,H03130210,H0313021001,ST04,20,C009
477582,P0099,S0088,2017-02-07,0.0,0.0,1.0,10.9,PR14,,PR03,,,,3.0,11.3,10.0,cluster_0,H03,H0313,H031302,H03130210,H0313021001,ST04,20,C009
490897,P0099,S0088,2017-02-08,0.0,0.0,1.0,10.9,PR14,,PR03,,,,3.0,11.3,10.0,cluster_0,H03,H0313,H031302,H03130210,H0313021001,ST04,20,C009
504236,P0099,S0088,2017-02-09,0.0,0.0,1.0,10.9,PR14,,PR03,,,,3.0,11.3,10.0,cluster_0,H03,H0313,H031302,H03130210,H0313021001,ST04,20,C009
517563,P0099,S0088,2017-02-10,0.0,0.0,1.0,10.9,PR14,,PR03,,,,3.0,11.3,10.0,cluster_0,H03,H0313,H031302,H03130210,H0313021001,ST04,20,C009
530913,P0099,S0088,2017-02-11,0.0,0.0,1.0,10.9,PR14,,PR03,,,,3.0,11.3,10.0,cluster_0,H03,H0313,H031302,H03130210,H0313021001,ST04,20,C009
544232,P0099,S0088,2017-02-12,1.0,9.24,0.0,10.9,PR14,,PR03,,,,3.0,11.3,10.0,cluster_0,H03,H0313,H031302,H03130210,H0313021001,ST04,20,C009
3296474,P0099,S0088,2017-08-23,0.0,0.0,6.0,11.9,PR14,,PR03,,,,3.0,11.3,10.0,cluster_0,H03,H0313,H031302,H03130210,H0313021001,ST04,20,C009
3312255,P0099,S0088,2017-08-24,0.0,0.0,6.0,11.9,PR14,,PR03,,,,3.0,11.3,10.0,cluster_0,H03,H0313,H031302,H03130210,H0313021001,ST04,20,C009
3328061,P0099,S0088,2017-08-25,0.0,0.0,6.0,11.9,PR14,,PR03,,,,3.0,11.3,10.0,cluster_0,H03,H0313,H031302,H03130210,H0313021001,ST04,20,C009
3343928,P0099,S0088,2017-08-26,0.0,0.0,6.0,11.9,PR14,,PR03,,,,3.0,11.3,10.0,cluster_0,H03,H0313,H031302,H03130210,H0313021001,ST04,20,C009
3359712,P0099,S0088,2017-08-27,0.0,0.0,6.0,11.9,PR14,,PR03,,,,3.0,11.3,10.0,cluster_0,H03,H0313,H031302,H03130210,H0313021001,ST04,20,C009
3375399,P0099,S0088,2017-08-28,0.0,0.0,6.0,11.9,PR14,,PR03,,,,3.0,11.3,10.0,cluster_0,H03,H0313,H031302,H03130210,H0313021001,ST04,20,C009
