sale_5.csv
Unnamed: 0,product_id,store_id,date,sales,revenue,stock,price,promo_type_1,promo_bin_1,promo_type_2,promo_bin_2,promo_discount_2,promo_discount_type_2,product_length,product_depth,product_width,cluster_id,hierarchy1_id,hierarchy2_id,hierarchy3_id,hierarchy4_id,hierarchy5_id,storetype_id,store_size,city_id
477914,P0114,S0088,2017-02-07,0.0,0.0,349.0,0.45,PR14,,PR03,,,,2.0,7.5,9.0,cluster_0,H00,H0003,H000312,H00031209,H0003120906,ST04,20,C009
491228,P0114,S0088,2017-02-08,1.0,0.42,1188.0,0.45,PR14,,PR03,,,,2.0,7.5,9.0,cluster_0,H00,H0003,H000312,H00031209,H0003120906,ST04,20,C009
504567,P0114,S0088,2017-02-09,0.0,0.0,1188.0,0.45,PR14,,PR03,,,,2.0,7.5,9.0,cluster_0,H00,H0003,H000312,H00031209,H0003120906,ST04,20,C009
517896,P0114,S0088,2017-02-10,0.0,0.0,1476.0,0.45,PR14,,PR03,,,,2.0,7.5,9.0,cluster_0,H00,H0003,H000312,H00031209,H0003120906,ST04,20,C009
531249,P0114,S0088,2017-02-11,0.0,0.0,1476.0,0.45,PR14,,PR03,,,,2.0,7.5,9.0,cluster_0,H00,H0003,H000312,H00031209,H0003120906,ST04,20,C009
544566,P0114,S0088,2017-02-12,2.0,0.83,1474.0,0.45,PR14,,PR03,,,,2.0,7.5,9.0,cluster_0,H00,H0003,H000312,H00031209,H0003120906,ST04,20,C009
557860,P0114,S0088,2017-02-13,0.0,0.0,1474.0,0.45,PR14,,PR03,,,,2.0,7.5,9.0,cluster_0,H00,H0003,H000312,H00031209,H0003120906,ST04,20,C009
571171,P0114,S0088,2017-02-14,0.0,0.0,1474.0,0.45,PR14,,PR03,,,,2.0,7.5,9.0,cluster_0,H00,H0003,H000312,H00031209,H0003120906,ST04,20,C009
584485,P0114,S0088,2017-02-15,0.0,0.0,1474.0,0.45,PR14,,PR03,,,,2.0,7.5,9.0,cluster_0,H00,H0003,H000312,H00031209,H0003120906,ST04,20,C009
597809,P0114,S0088,2017-02-16,2.0,0.83,1472.0,0.45,PR14,,PR03,,,,2.0,7.5,9.0,cluster_0,H00,H0003,H000312,H00031209,H0003120906,ST04,20,C009
611159,P0114,S0088,2017-02-17,15.0,6.25,1457.0,0.45,PR14,,PR03,,,,2.0,7.5,9.0,cluster_0,H00,H0003,H000312,H00031209,H0003120906,ST04,20,C009
624537,P0114,S0088,2017-02-18,15.0,6.25,1442.0,0.45,PR14,,PR03,,,,2.0,7.5,9.0,cluster_0,H00,H0003,H000312,H00031209,H0003120906,ST04,20,C009
637896,P0114,S0088,2017-02-19,3.0,1.25,1439.0,0.45,PR14,,PR03,,,,2.0,7.5,9.0,cluster_0,H00,H0003,H000312,H00031209,H0003120906,ST04,20,C009
651275,P0114,S0088,2017-02-20,4.0,1.67,1435.0,0.45,PR14,,PR03,,,,2.0,7.5,9.0,cluster_0,H00,H0003,H000312,H00031209,H0003120906,ST04,20,C009
664677,P0114,S0088,2017-02-21,14.0,5.83,1421.0,0.45,PR14,,PR03,,,,2.0,7.5,9.0,cluster_0,H00,H0003,H000312,H00031209,H0003120906,ST04,20,C009
678102,P0114,S0088,2017-02-22,0.0,0.0,1421.0,0.45,PR14,,PR03,,,,2.0,7.5,9.0,cluster_0,H00,H0003,H000312,H00031209,H0003120906,ST04,20,C009
691554,P0114,S0088,2017-02-23,10.0,4.17,1411.0,0.45,PR14,,PR03,,,,2.0,7.5,9.0,cluster_0,H00,H0003,H000312,H00031209,H0003120906,ST04,20,C009
705029,P0114,S0088,2017-02-24,4.0,1.67,1407.0,0.45,PR14,,PR03,,,,2.0,7.5,9.0,cluster_0,H00,H0003,H000312,H00031209,H0003120906,ST04,20,C009
718530,P0114,S0088,2017-02-25,2.0,0.83,1405.0,0.45,PR14,,PR03,,,,2.0,7.5,9.0,cluster_0,H00,H0003,H000312,H00031209,H0003120906,ST04,20,C009
731980,P0114,S0088,2017-02-26,19.0,7.92,1386.0,0.45,PR14,,PR03,,,,2.0,7.5,9.0,cluster_0,H00,H0003,H000312,H00031209,H0003120906,ST04,20,C009
745385,P0114,S0088,2017-02-27,7.0,2.92,1386.0,0.45,PR14,,PR03,,,,2.0,7.5,9.0,cluster_0,H00,H0003,H000312,H00031209,H0003120906,ST04,20,C009
758770,P0114,S0088,2017-02-28,6.0,2.5,1373.0,0.45,PR14,,PR03,,,,2.0,7.5,9.0,cluster_0,H00,H0003,H000312,H00031209,H0003120906,ST04,20,C009
772153,P0114,S0088,2017-03-01,1.0,0.42,1372.0,0.45,PR14,,PR03,,,,2.0,7.5,9.0,cluster_0,H00,H0003,H000312,H00031209,H0003120906,ST04,20,C009
785482,P0114,S0088,2017-03-02,5.0,2.08,1367.0,0.45,PR14,,PR03,,,,2.0,7.5,9.0,cluster_0,H00,H0003,H000312,H00031209,H0003120906,ST04,20,C009
798965,P0114,S0088,2017-03-03,3.0,1.25,1364.0,0.45,PR14,,PR03,,,,2.0,7.5,9.0,cluster_0,H00,H0003,H000312,H00031209,H0003120906,ST04,20,C009
812481,P0114,S0088,2017-03-04,7.0,2.92,1357.0,0.45,PR14,,PR03,,,,2.0,7.5,9.0,cluster_0,H00,H0003,H000312,H00031209,H0003120906,ST04,20,C009
825958,P0114,S0088,2017-03-05,9.0,3.75,1348.0,0.45,PR14,,PR03,,,,2.0,7.5,9.0,cluster_0,H00,H0003,H000312,H00031209,H0003120906,ST04,20,C009
839442,P0114,S0088,2017-03-06,3.0,1.25,1345.0,0.45,PR14,,PR03,,,,2.0,7.5,9.0,cluster_0,H00,H0003,H000312,H00031209,H0003120906,ST04,20,C009
852901,P0114,S0088,2017-03-07,3.0,1.25,1342.0,0.45,PR14,,PR03,,,,2.0,7.5,9.0,cluster_0,H00,H0003,H000312,H00031209,H0003120906,ST04,20,C009
866373,P0114,S0088,2017-03-08,6.0,2.78,1336.0,0.5,PR14,,PR03,,,,2.0,7.5,9.0,cluster_0,H00,H0003,H000312,H00031209,H0003120906,ST04,20,C009
879889,P0114,S0088,2017-03-09,6.0,2.5,1330.0,0.45,PR14,,PR03,,,,2.0,7.5,9.0,cluster_0,H00,H0003,H000312,H00031209,H0003120906,ST04,20,C009
893379,P0114,S0088,2017-03-10,436.0,121.25,894.0,0.45,PR14,,PR03,,,,2.0,7.5,9.0,cluster_0,H00,H0003,H000312,H00031209,H0003120906,ST04,20,C009
906907,P0114,S0088,2017-03-11,438.0,122.5,456.0,0.45,PR14,,PR03,,,,2.0,7.5,9.0,cluster_0,H00,H0003,H000312,H00031209,H0003120906,ST04,20,C009
920449,P0114,S0088,2017-03-12,439.0,121.25,17.0,0.45,PR14,,PR03,,,,2.0,7.5,9.0,cluster_0,H00,H0003,H000312,H00031209,H0003120906,ST04,20,C009
933948,P0114,S0088,2017-03-13,1.0,0.42,16.0,0.45,PR14,,PR03,,,,2.0,7.5,9.0,cluster_0,H00,H0003,H000312,H00031209,H0003120906,ST04,20,C009
947490,P0114,S0088,2017-03-14,0.0,0.0,16.0,0.45,PR14,,PR03,,,,2.0,7.5,9.0,cluster_0,H00,H0003,H000312,H00031209,H0003120906,ST04,20,C009
961033,P0114,S0088,2017-03-15,0.0,0.0,16.0,0.45,PR14,,PR03,,,,2.0,7.5,9.0,cluster_0,H00,H0003,H000312,H00031209,H0003120906,ST04,20,C009
974605,P0114,S0088,2017-03-16,0.0,0.0,16.0,0.45,PR14,,PR03,,,,2.0,7.5,9.0,cluster_0,H00,H0003,H000312,H00031209,H0003120906,ST04,20,C009
988211,P0114,S0088,2017-03-17,0.0,0.0,16.0,0.45,PR14,,PR03,,,,2.0,7.5,9.0,cluster_0,H00,H0003,H000312,H00031209,H0003120906,ST04,20,C009
1001857,P0114,S0088,2017-03-18,0.0,0.0,16.0,0.45,PR14,,PR03,,,,2.0,7.5,9.0,cluster_0,H00,H0003,H000312,H00031209,H0003120906,ST04,20,C009
1015528,P0114,S0088,2017-03-19,0.0,0.0,16.0,0.45,PR14,,PR03,,,,2.0,7.5,9.0,cluster_0,H00,H0003,H000312,H00031209,H0003120906,ST04,20,C009
1029165,P0114,S0088,2017-03-20,0.0,0.0,16.0,0.45,PR14,,PR03,,,,2.0,7.5,9.0,cluster_0,H00,H0003,H000312,H00031209,H0003120906,ST04,20,C009
1042810,P0114,S0088,2017-03-21,0.0,0.0,16.0,0.45,PR14,,PR03,,,,2.0,7.5,9.0,cluster_0,H00,H0003,H000312,H00031209,H0003120906,ST04,20,C009
1056396,P0114,S0088,2017-03-22,0.0,0.0,40.0,0.45,PR14,,PR03,,,,2.0,7.5,9.0,cluster_0,H00,H0003,H000312,H00031209,H0003120906,ST04,20,C009
1070039,P0114,S0088,2017-03-23,0.0,0.0,40.0,0.45,PR14,,PR03,,,,2.0,7.5,9.0,cluster_0,H00,H0003,H000312,H00031209,H0003120906,ST04,20,C009
1083711,P0114,S0088,2017-03-24,0.0,0.0,40.0,0.45,PR14,,PR03,,,,2.0,7.5,9.0,cluster_0,H00,H0003,H000312,H00031209,H0003120906,ST04,20,C009
1097400,P0114,S0088,2017-03-25,9.0,3.75,31.0,0.45,PR14,,PR03,,,,2.0,7.5,9.0,cluster_0,H00,H0003,H000312,H00031209,H0003120906,ST04,20,C009
1111098,P0114,S0088,2017-03-26,0.0,0.0,31.0,0.45,PR14,,PR03,,,,2.0,7.5,9.0,cluster_0,H00,H0003,H000312,H00031209,H0003120906,ST04,20,C009
1124776,P0114,S0088,2017-03-27,2.0,0.83,53.0,0.45,PR14,,PR03,,,,2.0,7.5,9.0,cluster_0,H00,H0003,H000312,H00031209,H0003120906,ST04,20,C009
1138474,P0114,S0088,2017-03-28,0.0,0.0,53.0,0.45,PR14,,PR03,,,,2.0,7.5,9.0,cluster_0,H00,H0003,H000312,H00031209,H0003120906,ST04,20,C009
1152213,P0114,S0088,2017-03-29,0.0,0.0,53.0,0.45,PR14,,PR03,,,,2.0,7.5,9.0,cluster_0,H00,H0003,H000312,H00031209,H0003120906,ST04,20,C009
1165990,P0114,S0088,2017-03-30,3.0,1.25,50.0,0.45,PR14,,PR03,,,,2.0,7.5,9.0,cluster_0,H00,H0003,H000312,H00031209,H0003120906,ST04,20,C009
1179794,P0114,S0088,2017-03-31,0.0,0.0,50.0,0.45,PR14,,PR03,,,,2.0,7.5,9.0,cluster_0,H00,H0003,H000312,H00031209,H0003120906,ST04,20,C009
1193651,P0114,S0088,2017-04-01,2.0,0.83,48.0,0.45,PR14,,PR03,,,,2.0,7.5,9.0,cluster_0,H00,H0003,H000312,H00031209,H0003120906,ST04,20,C009
1207508,P0114,S0088,2017-04-02,0.0,0.0,48.0,0.45,PR14,,PR03,,,,2.0,7.5,9.0,cluster_0,H00,H0003,H000312,H00031209,H0003120906,ST04,20,C009
1221307,P0114,S0088,2017-04-03,0.0,0.0,48.0,0.45,PR14,,PR03,,,,2.0,7.5,9.0,cluster_0,H00,H0003,H000312,H00031209,H0003120906,ST04,20,C009
1235120,P0114,S0088,2017-04-04,0.0,0.0,48.0,0.45,PR14,,PR03,,,,2.0,7.5,9.0,cluster_0,H00,H0003,H000312,H00031209,H0003120906,ST04,20,C009
1248911,P0114,S0088,2017-04-05,2.0,0.83,46.0,0.45,PR14,,PR03,,,,2.0,7.5,9.0,cluster_0,H00,H0003,H000312,H00031209,H0003120906,ST04,20,C009
1262718,P0114,S0088,2017-04-06,0.0,0.0,46.0,0.45,PR14,,PR03,,,,2.0,7.5,9.0,cluster_0,H00,H0003,H000312,H00031209,H0003120906,ST04,20,C009
1276564,P0114,S0088,2017-04-07,0.0,0.0,46.0,0.45,PR14,,PR03,,,,2.0,7.5,9.0,cluster_0,H00,H0003,H000312,H00031209,H0003120906,ST04,20,C009
1290430,P0114,S0088,2017-04-08,0.0,0.0,46.0,0.45,PR14,,PR03,,,,2.0,7.5,9.0,cluster_0,H00,H0003,H000312,H00031209,H0003120906,ST04,20,C009
1304268,P0114,S0088,2017-04-09,2.0,0.83,44.0,0.45,PR14,,PR03,,,,2.0,7.5,9.0,cluster_0,H00,H0003,H000312,H00031209,H0003120906,ST04,20,C009
1318093,P0114,S0088,2017-04-10,0.0,0.0,44.0,0.45,PR14,,PR03,,,,2.0,7.5,9.0,cluster_0,H00,H0003,H000312,H00031209,H0003120906,ST04,20,C009
1331937,P0114,S0088,2017-04-11,0.0,0.0,44.0,0.45,PR14,,PR03,,,,2.0,7.5,9.0,cluster_0,H00,H0003,H000312,H00031209,H0003120906,ST04,20,C009
1345828,P0114,S0088,2017-04-12,0.0,0.0,44.0,0.45,PR14,,PR03,,,,2.0,7.5,9.0,cluster_0,H00,H0003,H000312,H00031209,H0003120906,ST04,20,C009
1359733,P0114,S0088,2017-04-13,0.0,0.0,44.0,0.45,PR14,,PR03,,,,2.0,7.5,9.0,cluster_0,H00,H0003,H000312,H00031209,H0003120906,ST04,20,C009
1373652,P0114,S0088,2017-04-14,0.0,0.0,68.0,0.45,PR14,,PR03,,,,2.0,7.5,9.0,cluster_0,H00,H0003,H000312,H00031209,H0003120906,ST04,20,C009
1387565,P0114,S0088,2017-04-15,0.0,0.0,68.0,0.45,PR14,,PR03,,,,2.0,7.5,9.0,cluster_0,H00,H0003,H000312,H00031209,H0003120906,ST04,20,C009
1401487,P0114,S0088,2017-04-16,0.0,0.0,68.0,0.45,PR14,,PR03,,,,2.0,7.5,9.0,cluster_0,H00,H0003,H000312,H00031209,H0003120906,ST04,20,C009
1415379,P0114,S0088,2017-04-17,0.0,0.0,68.0,0.45,PR14,,PR03,,,,2.0,7.5,9.0,cluster_0,H00,H0003,H000312,H00031209,H0003120906,ST04,20,C009
1429308,P0114,S0088,2017-04-18,0.0,0.0,68.0,0.45,PR14,,PR03,,,,2.0,7.5,9.0,cluster_0,H00,H0003,H000312,H00031209,H0003120906,ST04,20,C009
1443216,P0114,S0088,2017-04-19,1.0,0.42,67.0,0.45,PR14,,PR03,,,,2.0,7.5,9.0,cluster_0,H00,H0003,H000312,H00031209,H0003120906,ST04,20,C009
1457111,P0114,S0088,2017-04-20,1.0,0.42,66.0,0.45,PR14,,PR03,,,,2.0,7.5,9.0,cluster_0,H00,H0003,H000312,H00031209,H0003120906,ST04,20,C009
1471025,P0114,S0088,2017-04-21,0.0,0.0,66.0,0.45,PR14,,PR03,,,,2.0,7.5,9.0,cluster_0,H00,H0003,H000312,H00031209,H0003120906,ST04,20,C009
1484995,P0114,S0088,2017-04-22,0.0,0.0,66.0,0.45,PR14,,PR03,,,,2.0,7.5,9.0,cluster_0,H00,H0003,H000312,H00031209,H0003120906,ST04,20,C009
1498937,P0114,S0088,2017-04-23,12.0,5.0,54.0,0.45,PR14,,PR03,,,,2.0,7.5,9.0,cluster_0,H00,H0003,H000312,H00031209,H0003120906,ST04,20,C009
1512824,P0114,S0088,2017-04-24,15.0,6.25,39.0,0.45,PR14,,PR03,,,,2.0,7.5,9.0,cluster_0,H00,H0003,H000312,H00031209,H0003120906,ST04,20,C009
1526720,P0114,S0088,2017-04-25,0.0,0.0,39.0,0.45,PR14,,PR03,,,,2.0,7.5,9.0,cluster_0,H00,H0003,H000312,H00031209,H0003120906,ST04,20,C009
1540634,P0114,S0088,2017-04-26,0.0,0.0,39.0,0.45,PR14,,PR03,,,,2.0,7.5,9.0,cluster_0,H00,H0003,H000312,H00031209,H0003120906,ST04,20,C009
1554525,P0114,S0088,2017-04-27,0.0,0.0,24.0,0.45,PR14,,PR03,,,,2.0,7.5,9.0,cluster_0,H00,H0003,H000312,H00031209,H0003120906,ST04,20,C009
1568389,P0114,S0088,2017-04-28,0.0,0.0,48.0,0.45,PR14,,PR03,,,,2.0,7.5,9.0,cluster_0,H00,H0003,H000312,H00031209,H0003120906,ST04,20,C009
1582218,P0114,S0088,2017-04-29,0.0,0.0,48.0,0.45,PR14,,PR03,,,,2.0,7.5,9.0,cluster_0,H00,H0003,H000312,H00031209,H0003120906,ST04,20,C009
1596045,P0114,S0088,2017-04-30,0.0,0.0,48.0,0.45,PR14,,PR03,,,,2.0,7.5,9.0,cluster_0,H00,H0003,H000312,H00031209,H0003120906,ST04,20,C009
1609962,P0114,S0088,2017-05-01,0.0,0.0,48.0,0.45,PR14,,PR03,,,,2.0,7.5,9.0,cluster_0,H00,H0003,H000312,H00031209,H0003120906,ST04,20,C009
1623940,P0114,S0088,2017-05-02,0.0,0.0,48.0,0.45,PR14,,PR03,,,,2.0,7.5,9.0,cluster_0,H00,H0003,H000312,H00031209,H0003120906,ST04,20,C009
1637938,P0114,S0088,2017-05-03,0.0,0.0,48.0,0.45,PR14,,PR03,,,,2.0,7.5,9.0,cluster_0,H00,H0003,H000312,H00031209,H0003120906,ST04,20,C009
1651956,P0114,S0088,2017-05-04,0.0,0.0,48.0,0.45,PR14,,PR03,,,,2.0,7.5,9.0,cluster_0,H00,H0003,H000312,H00031209,H0003120906,ST04,20,C009
1665978,P0114,S0088,2017-05-05,0.0,0.0,48.0,0.45,PR14,,PR03,,,,2.0,7.5,9.0,cluster_0,H00,H0003,H000312,H00031209,H0003120906,ST04,20,C009
1680047,P0114,S0088,2017-05-06,1.0,0.42,47.0,0.45,PR14,,PR03,,,,2.0,7.5,9.0,cluster_0,H00,H0003,H000312,H00031209,H0003120906,ST04,20,C009
1694190,P0114,S0088,2017-05-07,2.0,0.83,45.0,0.45,PR14,,PR03,,,,2.0,7.5,9.0,cluster_0,H00,H0003,H000312,H00031209,H0003120906,ST04,20,C009
1708315,P0114,S0088,2017-05-08,0.0,0.0,45.0,0.45,PR14,,PR03,,,,2.0,7.5,9.0,cluster_0,H00,H0003,H000312,H00031209,H0003120906,ST04,20,C009
1722469,P0114,S0088,2017-05-09,0.0,0.0,45.0,0.45,PR14,,PR03,,,,2.0,7.5,9.0,cluster_0,H00,H0003,H000312,H00031209,H0003120906,ST04,20,C009
1736602,P0114,S0088,2017-05-10,0.0,0.0,45.0,0.45,PR14,,PR03,,,,2.0,7.5,9.0,cluster_0,H00,H0003,H000312,H00031209,H0003120906,ST04,20,C009
1750716,P0114,S0088,2017-05-11,0.0,0.0,45.0,0.45,PR14,,PR03,,,,2.0,7.5,9.0,cluster_0,H00,H0003,H000312,H00031209,H0003120906,ST04,20,C009
1764804,P0114,S0088,2017-05-12,0.0,0.0,69.0,0.45,PR14,,PR03,,,,2.0,7.5,9.0,cluster_0,H00,H0003,H000312,H00031209,H0003120906,ST04,20,C009
1778935,P0114,S0088,2017-05-13,0.0,0.0,69.0,0.45,PR14,,PR03,,,,2.0,7.5,9.0,cluster_0,H00,H0003,H000312,H00031209,H0003120906,ST04,20,C009
1793025,P0114,S0088,2017-05-14,0.0,0.0,69.0,0.45,PR14,,PR03,,,,2.0,7.5,9.0,cluster_0,H00,H0003,H000312,H00031209,H0003120906,ST04,20,C009
1807114,P0114,S0088,2017-05-15,0.0,0.0,69.0,0.45,PR14,,PR03,,,,2.0,7.5,9.0,cluster_0,H00,H0003,H000312,H00031209,H0003120906,ST04,20,C009
1821221,P0114,S0088,2017-05-16,0.0,0.0,69.0,0.45,PR14,,PR03,,,,2.0,7.5,9.0,cluster_0,H00,H0003,H000312,H00031209,H0003120906,ST04,20,C009
1835341,P0114,S0088,2017-05-17,0.0,0.0,69.0,0.45,PR14,,PR03,,,,2.0,7.5,9.0,cluster_0,H00,H0003,H000312,H00031209,H0003120906,ST04,20,C009
1849465,P0114,S0088,2017-05-18,0.0,0.0,69.0,0.45,PR14,,PR03,,,,2.0,7.5,9.0,cluster_0,H00,H0003,H000312,H00031209,H0003120906,ST04,20,C009
1863620,P0114,S0088,2017-05-19,0.0,0.0,69.0,0.45,PR14,,PR03,,,,2.0,7.5,9.0,cluster_0,H00,H0003,H000312,H00031209,H0003120906,ST04,20,C009
1877813,P0114,S0088,2017-05-20,2.0,0.83,67.0,0.45,PR14,,PR03,,,,2.0,7.5,9.0,cluster_0,H00,H0003,H000312,H00031209,H0003120906,ST04,20,C009
1891997,P0114,S0088,2017-05-21,0.0,0.0,67.0,0.45,PR14,,PR03,,,,2.0,7.5,9.0,cluster_0,H00,H0003,H000312,H00031209,H0003120906,ST04,20,C009
1906189,P0114,S0088,2017-05-22,0.0,0.0,67.0,0.45,PR14,,PR03,,,,2.0,7.5,9.0,cluster_0,H00,H0003,H000312,H00031209,H0003120906,ST04,20,C009
1920401,P0114,S0088,2017-05-23,0.0,0.0,67.0,0.45,PR14,,PR03,,,,2.0,7.5,9.0,cluster_0,H00,H0003,H000312,H00031209,H0003120906,ST04,20,C009
1934662,P0114,S0088,2017-05-24,0.0,0.0,67.0,0.45,PR14,,PR03,,,,2.0,7.5,9.0,cluster_0,H00,H0003,H000312,H00031209,H0003120906,ST04,20,C009
1948923,P0114,S0088,2017-05-25,2.0,0.83,65.0,0.45,PR14,,PR03,,,,2.0,7.5,9.0,cluster_0,H00,H0003,H000312,H00031209,H0003120906,ST04,20,C009
1963196,P0114,S0088,2017-05-26,0.0,0.0,65.0,0.45,PR14,,PR03,,,,2.0,7.5,9.0,cluster_0,H00,H0003,H000312,H00031209,H0003120906,ST04,20,C009
1977572,P0114,S0088,2017-05-27,1.0,0.42,64.0,0.45,PR14,,PR03,,,,2.0,7.5,9.0,cluster_0,H00,H0003,H000312,H00031209,H0003120906,ST04,20,C009
1991982,P0114,S0088,2017-05-28,0.0,0.0,64.0,0.45,PR14,,PR03,,,,2.0,7.5,9.0,cluster_0,H00,H0003,H000312,H00031209,H0003120906,ST04,20,C009
2006340,P0114,S0088,2017-05-29,0.0,0.0,64.0,0.45,PR14,,PR03,,,,2.0,7.5,9.0,cluster_0,H00,H0003,H000312,H00031209,H0003120906,ST04,20,C009
2020729,P0114,S0088,2017-05-30,0.0,0.0,64.0,0.45,PR14,,PR03,,,,2.0,7.5,9.0,cluster_0,H00,H0003,H000312,H00031209,H0003120906,ST04,20,C009
2035143,P0114,S0088,2017-05-31,0.0,0.0,64.0,0.45,PR14,,PR03,,,,2.0,7.5,9.0,cluster_0,H00,H0003,H000312,H00031209,H0003120906,ST04,20,C009
2049548,P0114,S0088,2017-06-01,0.0,0.0,64.0,0.45,PR14,,PR03,,,,2.0,7.5,9.0,cluster_0,H00,H0003,H000312,H00031209,H0003120906,ST04,20,C009
2064026,P0114,S0088,2017-06-02,0.0,0.0,64.0,0.45,PR14,,PR03,,,,2.0,7.5,9.0,cluster_0,H00,H0003,H000312,H00031209,H0003120906,ST04,20,C009
2078604,P0114,S0088,2017-06-03,0.0,0.0,64.0,0.45,PR14,,PR03,,,,2.0,7.5,9.0,cluster_0,H00,H0003,H000312,H00031209,H0003120906,ST04,20,C009
2093146,P0114,S0088,2017-06-04,0.0,0.0,64.0,0.45,PR14,,PR03,,,,2.0,7.5,9.0,cluster_0,H00,H0003,H000312,H00031209,H0003120906,ST04,20,C009
2107704,P0114,S0088,2017-06-05,0.0,0.0,64.0,0.45,PR14,,PR03,,,,2.0,7.5,9.0,cluster_0,H00,H0003,H000312,H00031209,H0003120906,ST04,20,C009
2122299,P0114,S0088,2017-06-06,0.0,0.0,64.0,0.45,PR14,,PR03,,,,2.0,7.5,9.0,cluster_0,H00,H0003,H000312,H00031209,H0003120906,ST04,20,C009
2136911,P0114,S0088,2017-06-07,1.0,0.42,63.0,0.45,PR14,,PR03,,,,2.0,7.5,9.0,cluster_0,H00,H0003,H000312,H00031209,H0003120906,ST04,20,C009
2151560,P0114,S0088,2017-06-08,0.0,0.0,63.0,0.45,PR14,,PR03,,,,2.0,7.5,9.0,cluster_0,H00,H0003,H000312,H00031209,H0003120906,ST04,20,C009
2166185,P0114,S0088,2017-06-09,0.0,0.0,63.0,0.45,PR14,,PR03,,,,2.0,7.5,9.0,cluster_0,H00,H0003,H000312,H00031209,H0003120906,ST04,20,C009
2180822,P0114,S0088,2017-06-10,0.0,0.0,63.0,0.45,PR14,,PR03,,,,2.0,7.5,9.0,cluster_0,H00,H0003,H000312,H00031209,H0003120906,ST04,20,C009
2195397,P0114,S0088,2017-06-11,0.0,0.0,63.0,0.45,PR14,,PR03,,,,2.0,7.5,9.0,cluster_0,H00,H0003,H000312,H00031209,H0003120906,ST04,20,C009
2209971,P0114,S0088,2017-06-12,0.0,0.0,63.0,0.45,PR14,,PR03,,,,2.0,7.5,9.0,cluster_0,H00,H0003,H000312,H00031209,H0003120906,ST04,20,C009
2224584,P0114,S0088,2017-06-13,0.0,0.0,63.0,0.45,PR14,,PR03,,,,2.0,7.5,9.0,cluster_0,H00,H0003,H000312,H00031209,H0003120906,ST04,20,C009
