sale_5.csv
Unnamed: 0,product_id,store_id,date,sales,revenue,stock,price,promo_type_1,promo_bin_1,promo_type_2,promo_bin_2,promo_discount_2,promo_discount_type_2,product_length,product_depth,product_width,cluster_id,hierarchy1_id,hierarchy2_id,hierarchy3_id,hierarchy4_id,hierarchy5_id,storetype_id,store_size,city_id
2239219,P0114,S0088,2017-06-14,0.0,0.0,63.0,0.45,PR14,,PR03,,,,2.0,7.5,9.0,cluster_0,H00,H0003,H000312,H00031209,H0003120906,ST04,20,C009
2253870,P0114,S0088,2017-06-15,0.0,0.0,63.0,0.45,PR14,,PR03,,,,2.0,7.5,9.0,cluster_0,H00,H0003,H000312,H00031209,H0003120906,ST04,20,C009
2268535,P0114,S0088,2017-06-16,0.0,0.0,63.0,0.45,PR14,,PR03,,,,2.0,7.5,9.0,cluster_0,H00,H0003,H000312,H00031209,H0003120906,ST04,20,C009
2283254,P0114,S0088,2017-06-17,0.0,0.0,63.0,0.45,PR14,,PR03,,,,2.0,7.5,9.0,cluster_0,H00,H0003,H000312,H00031209,H0003120906,ST04,20,C009
2297931,P0114,S0088,2017-06-18,0.0,0.0,63.0,0.45,PR14,,PR03,,,,2.0,7.5,9.0,cluster_0,H00,H0003,H000312,H00031209,H0003120906,ST04,20,C009
2312630,P0114,S0088,2017-06-19,0.0,0.0,63.0,0.45,PR14,,PR03,,,,2.0,7.5,9.0,cluster_0,H00,H0003,H000312,H00031209,H0003120906,ST04,20,C009
2327372,P0114,S0088,2017-06-20,0.0,0.0,63.0,0.45,PR14,,PR03,,,,2.0,7.5,9.0,cluster_0,H00,H0003,H000312,H00031209,H0003120906,ST04,20,C009
2342108,P0114,S0088,2017-06-21,15.0,6.25,48.0,0.45,PR14,,PR03,,,,2.0,7.5,9.0,cluster_0,H00,H0003,H000312,H00031209,H0003120906,ST04,20,C009
2356889,P0114,S0088,2017-06-22,0.0,0.0,48.0,0.45,PR14,,PR03,,,,2.0,7.5,9.0,cluster_0,H00,H0003,H000312,H00031209,H0003120906,ST04,20,C009
2371693,P0114,S0088,2017-06-23,0.0,0.0,48.0,0.45,PR14,,PR03,,,,2.0,7.5,9.0,cluster_0,H00,H0003,H000312,H00031209,H0003120906,ST04,20,C009
2386557,P0114,S0088,2017-06-24,0.0,0.0,48.0,0.45,PR14,,PR03,,,,2.0,7.5,9.0,cluster_0,H00,H0003,H000312,H00031209,H0003120906,ST04,20,C009
2401380,P0114,S0088,2017-06-25,1.0,0.42,47.0,0.45,PR14,,PR03,,,,2.0,7.5,9.0,cluster_0,H00,H0003,H000312,H00031209,H0003120906,ST04,20,C009
2416107,P0114,S0088,2017-06-26,0.0,0.0,47.0,0.45,PR14,,PR03,,,,2.0,7.5,9.0,cluster_0,H00,H0003,H000312,H00031209,H0003120906,ST04,20,C009
2430904,P0114,S0088,2017-06-27,0.0,0.0,47.0,0.45,PR14,,PR03,,,,2.0,7.5,9.0,cluster_0,H00,H0003,H000312,H00031209,H0003120906,ST04,20,C009
2445693,P0114,S0088,2017-06-28,0.0,0.0,47.0,0.45,PR14,,PR03,,,,2.0,7.5,9.0,cluster_0,H00,H0003,H000312,H00031209,H0003120906,ST04,20,C009
2460428,P0114,S0088,2017-06-29,0.0,0.0,47.0,0.45,PR14,,PR03,,,,2.0,7.5,9.0,cluster_0,H00,H0003,H000312,H00031209,H0003120906,ST04,20,C009
2475035,P0114,S0088,2017-06-30,0.0,0.0,47.0,0.45,PR14,,PR03,,,,2.0,7.5,9.0,cluster_0,H00,H0003,H000312,H00031209,H0003120906,ST04,20,C009
2489720,P0114,S0088,2017-07-01,0.0,0.0,47.0,0.45,PR14,,PR03,,,,2.0,7.5,9.0,cluster_0,H00,H0003,H000312,H00031209,H0003120906,ST04,20,C009
2504424,P0114,S0088,2017-07-02,0.0,0.0,47.0,0.45,PR14,,PR03,,,,2.0,7.5,9.0,cluster_0,H00,H0003,H000312,H00031209,H0003120906,ST04,20,C009
2519154,P0114,S0088,2017-07-03,0.0,0.0,47.0,0.45,PR14,,PR03,,,,2.0,7.5,9.0,cluster_0,H00,H0003,H000312,H00031209,H0003120906,ST04,20,C009
2533943,P0114,S0088,2017-07-04,0.0,0.0,47.0,0.45,PR14,,PR03,,,,2.0,7.5,9.0,cluster_0,H00,H0003,H000312,H00031209,H0003120906,ST04,20,C009
2548768,P0114,S0088,2017-07-05,0.0,0.0,47.0,0.45,PR14,,PR03,,,,2.0,7.5,9.0,cluster_0,H00,H0003,H000312,H00031209,H0003120906,ST04,20,C009
2563593,P0114,S0088,2017-07-06,0.0,0.0,47.0,0.45,PR14,,PR03,,,,2.0,7.5,9.0,cluster_0,H00,H0003,H000312,H00031209,H0003120906,ST04,20,C009
2578475,P0114,S0088,2017-07-07,0.0,0.0,47.0,0.45,PR14,,PR03,,,,2.0,7.5,9.0,cluster_0,H00,H0003,H000312,H00031209,H0003120906,ST04,20,C009
2593391,P0114,S0088,2017-07-08,0.0,0.0,47.0,0.45,PR14,,PR03,,,,2.0,7.5,9.0,cluster_0,H00,H0003,H000312,H00031209,H0003120906,ST04,20,C009
2608288,P0114,S0088,2017-07-09,0.0,0.0,47.0,0.45,PR14,,PR03,,,,2.0,7.5,9.0,cluster_0,H00,H0003,H000312,H00031209,H0003120906,ST04,20,C009
2623174,P0114,S0088,2017-07-10,0.0,0.0,47.0,0.45,PR14,,PR03,,,,2.0,7.5,9.0,cluster_0,H00,H0003,H000312,H00031209,H0003120906,ST04,20,C009
2638099,P0114,S0088,2017-07-11,0.0,0.0,47.0,0.45,PR14,,PR03,,,,2.0,7.5,9.0,cluster_0,H00,H0003,H000312,H00031209,H0003120906,ST04,20,C009
2653026,P0114,S0088,2017-07-12,0.0,0.0,47.0,0.45,PR14,,PR03,,,,2.0,7.5,9.0,cluster_0,H00,H0003,H000312,H00031209,H0003120906,ST04,20,C009
2667990,P0114,S0088,2017-07-13,0.0,0.0,47.0,0.45,PR14,,PR03,,,,2.0,7.5,9.0,cluster_0,H00,H0003,H000312,H00031209,H0003120906,ST04,20,C009
2682995,P0114,S0088,2017-07-14,0.0,0.0,47.0,0.45,PR14,,PR03,,,,2.0,7.5,9.0,cluster_0,H00,H0003,H000312,H00031209,H0003120906,ST04,20,C009
2698034,P0114,S0088,2017-07-15,0.0,0.0,47.0,0.45,PR14,,PR03,,,,2.0,7.5,9.0,cluster_0,H00,H0003,H000312,H00031209,H0003120906,ST04,20,C009
2713056,P0114,S0088,2017-07-16,1.0,0.42,46.0,0.45,PR14,,PR03,,,,2.0,7.5,9.0,cluster_0,H00,H0003,H000312,H00031209,H0003120906,ST04,20,C009
2728038,P0114,S0088,2017-07-17,0.0,0.0,46.0,0.45,PR14,,PR03,,,,2.0,7.5,9.0,cluster_0,H00,H0003,H000312,H00031209,H0003120906,ST04,20,C009
2743106,P0114,S0088,2017-07-18,0.0,0.0,46.0,0.45,PR14,,PR03,,,,2.0,7.5,9.0,cluster_0,H00,H0003,H000312,H00031209,H0003120906,ST04,20,C009
2758179,P0114,S0088,2017-07-19,0.0,0.0,46.0,0.45,PR14,,PR03,,,,2.0,7.5,9.0,cluster_0,H00,H0003,H000312,H00031209,H0003120906,ST04,20,C009
2773233,P0114,S0088,2017-07-20,0.0,0.0,46.0,0.45,PR14,,PR03,,,,2.0,7.5,9.0,cluster_0,H00,H0003,H000312,H00031209,H0003120906,ST04,20,C009
2788297,P0114,S0088,2017-07-21,0.0,0.0,46.0,0.45,PR14,,PR03,,,,2.0,7.5,9.0,cluster_0,H00,H0003,H000312,H00031209,H0003120906,ST04,20,C009
2803361,P0114,S0088,2017-07-22,0.0,0.0,46.0,0.45,PR14,,PR03,,,,2.0,7.5,9.0,cluster_0,H00,H0003,H000312,H00031209,H0003120906,ST04,20,C009
2818364,P0114,S0088,2017-07-23,0.0,0.0,46.0,0.45,PR14,,PR03,,,,2.0,7.5,9.0,cluster_0,H00,H0003,H000312,H00031209,H0003120906,ST04,20,C009
2833340,P0114,S0088,2017-07-24,0.0,0.0,46.0,0.45,PR14,,PR03,,,,2.0,7.5,9.0,cluster_0,H00,H0003,H000312,H00031209,H0003120906,ST04,20,C009
2848364,P0114,S0088,2017-07-25,0.0,0.0,46.0,0.45,PR14,,PR03,,,,2.0,7.5,9.0,cluster_0,H00,H0003,H000312,H00031209,H0003120906,ST04,20,C009
2863383,P0114,S0088,2017-07-26,0.0,0.0,46.0,0.45,PR14,,PR03,,,,2.0,7.5,9.0,cluster_0,H00,H0003,H000312,H00031209,H0003120906,ST04,20,C009
2878419,P0114,S0088,2017-07-27,0.0,0.0,46.0,0.45,PR14,,PR03,,,,2.0,7.5,9.0,cluster_0,H00,H0003,H000312,H00031209,H0003120906,ST04,20,C009
2893438,P0114,S0088,2017-07-28,0.0,0.0,46.0,0.45,PR14,,PR03,,,,2.0,7.5,9.0,cluster_0,H00,H0003,H000312,H00031209,H0003120906,ST04,20,C009
2908466,P0114,S0088,2017-07-29,0.0,0.0,46.0,0.45,PR14,,PR03,,,,2.0,7.5,9.0,cluster_0,H00,H0003,H000312,H00031209,H0003120906,ST04,20,C009
2923501,P0114,S0088,2017-07-30,0.0,0.0,46.0,0.45,PR14,,PR03,,,,2.0,7.5,9.0,cluster_0,H00,H0003,H000312,H00031209,H0003120906,ST04,20,C009
2938585,P0114,S0088,2017-07-31,0.0,0.0,46.0,0.45,PR14,,PR03,,,,2.0,7.5,9.0,cluster_0,H00,H0003,H000312,H00031209,H0003120906,ST04,20,C009
2954092,P0114,S0088,2017-08-01,0.0,0.0,46.0,0.45,PR14,,PR03,,,,2.0,7.5,9.0,cluster_0,H00,H0003,H000312,H00031209,H0003120906,ST04,20,C009
2969586,P0114,S0088,2017-08-02,0.0,0.0,46.0,0.45,PR14,,PR03,,,,2.0,7.5,9.0,cluster_0,H00,H0003,H000312,H00031209,H0003120906,ST04,20,C009
2985074,P0114,S0088,2017-08-03,0.0,0.0,46.0,0.45,PR14,,PR03,,,,2.0,7.5,9.0,cluster_0,H00,H0003,H000312,H00031209,H0003120906,ST04,20,C009
3000569,P0114,S0088,2017-08-04,0.0,0.0,46.0,0.45,PR14,,PR03,,,,2.0,7.5,9.0,cluster_0,H00,H0003,H000312,H00031209,H0003120906,ST04,20,C009
3016093,P0114,S0088,2017-08-05,1.0,0.42,45.0,0.45,PR14,,PR03,,,,2.0,7.5,9.0,cluster_0,H00,H0003,H000312,H00031209,H0003120906,ST04,20,C009
3031569,P0114,S0088,2017-08-06,0.0,0.0,45.0,0.45,PR14,,PR03,,,,2.0,7.5,9.0,cluster_0,H00,H0003,H000312,H00031209,H0003120906,ST04,20,C009
3047005,P0114,S0088,2017-08-07,1.0,0.42,44.0,0.45,PR14,,PR03,,,,2.0,7.5,9.0,cluster_0,H00,H0003,H000312,H00031209,H0003120906,ST04,20,C009
3062518,P0114,S0088,2017-08-08,1.0,0.42,43.0,0.45,PR14,,PR03,,,,2.0,7.5,9.0,cluster_0,H00,H0003,H000312,H00031209,H0003120906,ST04,20,C009
3078048,P0114,S0088,2017-08-09,0.0,0.0,43.0,0.45,PR14,,PR03,,,,2.0,7.5,9.0,cluster_0,H00,H0003,H000312,H00031209,H0003120906,ST04,20,C009
3093608,P0114,S0088,2017-08-10,0.0,0.0,43.0,0.45,PR14,,PR03,,,,2.0,7.5,9.0,cluster_0,H00,H0003,H000312,H00031209,H0003120906,ST04,20,C009
3109200,P0114,S0088,2017-08-11,0.0,0.0,43.0,0.45,PR14,,PR03,,,,2.0,7.5,9.0,cluster_0,H00,H0003,H000312,H00031209,H0003120906,ST04,20,C009
3124815,P0114,S0088,2017-08-12,0.0,0.0,43.0,0.45,PR14,,PR03,,,,2.0,7.5,9.0,cluster_0,H00,H0003,H000312,H00031209,H0003120906,ST04,20,C009
3140376,P0114,S0088,2017-08-13,0.0,0.0,43.0,0.45,PR14,,PR03,,,,2.0,7.5,9.0,cluster_0,H00,H0003,H000312,H00031209,H0003120906,ST04,20,C009
3155897,P0114,S0088,2017-08-14,0.0,0.0,43.0,0.45,PR14,,PR03,,,,2.0,7.5,9.0,cluster_0,H00,H0003,H000312,H00031209,H0003120906,ST04,20,C009
3171491,P0114,S0088,2017-08-15,0.0,0.0,43.0,0.65,PR14,,PR03,,,,2.0,7.5,9.0,cluster_0,H00,H0003,H000312,H00031209,H0003120906,ST04,20,C009
3187102,P0114,S0088,2017-08-16,0.0,0.0,43.0,0.65,PR14,,PR03,,,,2.0,7.5,9.0,cluster_0,H00,H0003,H000312,H00031209,H0003120906,ST04,20,C009
3202693,P0114,S0088,2017-08-17,0.0,0.0,43.0,0.65,PR14,,PR03,,,,2.0,7.5,9.0,cluster_0,H00,H0003,H000312,H00031209,H0003120906,ST04,20,C009
3218288,P0114,S0088,2017-08-18,2.0,1.2,41.0,0.65,PR14,,PR03,,,,2.0,7.5,9.0,cluster_0,H00,H0003,H000312,H00031209,H0003120906,ST04,20,C009
3233960,P0114,S0088,2017-08-19,0.0,0.0,41.0,0.65,PR14,,PR03,,,,2.0,7.5,9.0,cluster_0,H00,H0003,H000312,H00031209,H0003120906,ST04,20,C009
3249619,P0114,S0088,2017-08-20,0.0,0.0,41.0,0.65,PR14,,PR03,,,,2.0,7.5,9.0,cluster_0,H00,H0003,H000312,H00031209,H0003120906,ST04,20,C009
3265273,P0114,S0088,2017-08-21,0.0,0.0,41.0,0.65,PR14,,PR03,,,,2.0,7.5,9.0,cluster_0,H00,H0003,H000312,H00031209,H0003120906,ST04,20,C009
3281009,P0114,S0088,2017-08-22,0.0,0.0,41.0,0.65,PR14,,PR03,,,,2.0,7.5,9.0,cluster_0,H00,H0003,H000312,H00031209,H0003120906,ST04,20,C009
3296764,P0114,S0088,2017-08-23,0.0,0.0,41.0,0.65,PR14,,PR03,,,,2.0,7.5,9.0,cluster_0,H00,H0003,H000312,H00031209,H0003120906,ST04,20,C009
3312545,P0114,S0088,2017-08-24,0.0,0.0,41.0,0.65,PR14,,PR03,,,,2.0,7.5,9.0,cluster_0,H00,H0003,H000312,H00031209,H0003120906,ST04,20,C009
3328350,P0114,S0088,2017-08-25,0.0,0.0,41.0,0.65,PR14,,PR03,,,,2.0,7.5,9.0,cluster_0,H00,H0003,H000312,H00031209,H0003120906,ST04,20,C009
3344218,P0114,S0088,2017-08-26,0.0,0.0,41.0,0.65,PR14,,PR03,,,,2.0,7.5,9.0,cluster_0,H00,H0003,H000312,H00031209,H0003120906,ST04,20,C009
3360001,P0114,S0088,2017-08-27,0.0,0.0,41.0,0.65,PR14,,PR03,,,,2.0,7.5,9.0,cluster_0,H00,H0003,H000312,H00031209,H0003120906,ST04,20,C009
3375689,P0114,S0088,2017-08-28,0.0,0.0,41.0,0.65,PR14,,PR03,,,,2.0,7.5,9.0,cluster_0,H00,H0003,H000312,H00031209,H0003120906,ST04,20,C009
3391355,P0114,S0088,2017-08-29,0.0,0.0,41.0,0.65,PR14,,PR03,,,,2.0,7.5,9.0,cluster_0,H00,H0003,H000312,H00031209,H0003120906,ST04,20,C009
3407052,P0114,S0088,2017-08-30,0.0,0.0,41.0,0.65,PR14,,PR03,,,,2.0,7.5,9.0,cluster_0,H00,H0003,H000312,H00031209,H0003120906,ST04,20,C009
3422817,P0114,S0088,2017-08-31,2.0,1.2,39.0,0.65,PR14,,PR03,,,,2.0,7.5,9.0,cluster_0,H00,H0003,H000312,H00031209,H0003120906,ST04,20,C009
3438713,P0114,S0088,2017-09-01,0.0,0.0,39.0,0.65,PR14,,PR03,,,,2.0,7.5,9.0,cluster_0,H00,H0003,H000312,H00031209,H0003120906,ST04,20,C009
3454518,P0114,S0088,2017-09-02,0.0,0.0,39.0,0.65,PR14,,PR03,,,,2.0,7.5,9.0,cluster_0,H00,H0003,H000312,H00031209,H0003120906,ST04,20,C009
3470249,P0114,S0088,2017-09-03,0.0,0.0,39.0,0.65,PR14,,PR03,,,,2.0,7.5,9.0,cluster_0,H00,H0003,H000312,H00031209,H0003120906,ST04,20,C009
3485955,P0114,S0088,2017-09-04,0.0,0.0,39.0,0.65,PR14,,PR03,,,,2.0,7.5,9.0,cluster_0,H00,H0003,H000312,H00031209,H0003120906,ST04,20,C009
3501728,P0114,S0088,2017-09-05,0.0,0.0,39.0,0.65,PR14,,PR03,,,,2.0,7.5,9.0,cluster_0,H00,H0003,H000312,H00031209,H0003120906,ST04,20,C009
3517493,P0114,S0088,2017-09-06,1.0,0.6,38.0,0.65,PR14,,PR03,,,,2.0,7.5,9.0,cluster_0,H00,H0003,H000312,H00031209,H0003120906,ST04,20,C009
3533286,P0114,S0088,2017-09-07,0.0,0.0,38.0,0.65,PR14,,PR03,,,,2.0,7.5,9.0,cluster_0,H00,H0003,H000312,H00031209,H0003120906,ST04,20,C009
3549082,P0114,S0088,2017-09-08,0.0,0.0,38.0,0.65,PR14,,PR03,,,,2.0,7.5,9.0,cluster_0,H00,H0003,H000312,H00031209,H0003120906,ST04,20,C009
3564894,P0114,S0088,2017-09-09,0.0,0.0,38.0,0.65,PR14,,PR03,,,,2.0,7.5,9.0,cluster_0,H00,H0003,H000312,H00031209,H0003120906,ST04,20,C009
3580649,P0114,S0088,2017-09-10,0.0,0.0,38.0,0.65,PR14,,PR03,,,,2.0,7.5,9.0,cluster_0,H00,H0003,H000312,H00031209,H0003120906,ST04,20,C009
3596383,P0114,S0088,2017-09-11,0.0,0.0,38.0,0.65,PR14,,PR03,,,,2.0,7.5,9.0,cluster_0,H00,H0003,H000312,H00031209,H0003120906,ST04,20,C009
3612096,P0114,S0088,2017-09-12,0.0,0.0,38.0,0.65,PR14,,PR03,,,,2.0,7.5,9.0,cluster_0,H00,H0003,H000312,H00031209,H0003120906,ST04,20,C009
3627683,P0114,S0088,2017-09-13,0.0,0.0,38.0,0.65,PR14,,PR03,,,,2.0,7.5,9.0,cluster_0,H00,H0003,H000312,H00031209,H0003120906,ST04,20,C009
3643280,P0114,S0088,2017-09-14,0.0,0.0,38.0,0.65,PR14,,PR03,,,,2.0,7.5,9.0,cluster_0,H00,H0003,H000312,H00031209,H0003120906,ST04,20,C009
3658877,P0114,S0088,2017-09-15,0.0,0.0,38.0,0.65,PR14,,PR03,,,,2.0,7.5,9.0,cluster_0,H00,H0003,H000312,H00031209,H0003120906,ST04,20,C009
3674463,P0114,S0088,2017-09-16,0.0,0.0,38.0,0.65,PR14,,PR03,,,,2.0,7.5,9.0,cluster_0,H00,H0003,H000312,H00031209,H0003120906,ST04,20,C009
3689981,P0114,S0088,2017-09-17,0.0,0.0,38.0,0.65,PR14,,PR03,,,,2.0,7.5,9.0,cluster_0,H00,H0003,H000312,H00031209,H0003120906,ST04,20,C009
3705456,P0114,S0088,2017-09-18,0.0,0.0,38.0,0.65,PR14,,PR03,,,,2.0,7.5,9.0,cluster_0,H00,H0003,H000312,H00031209,H0003120906,ST04,20,C009
3720980,P0114,S0088,2017-09-19,0.0,0.0,38.0,0.65,PR14,,PR03,,,,2.0,7.5,9.0,cluster_0,H00,H0003,H000312,H00031209,H0003120906,ST04,20,C009
3905810,P0114,S0088,2017-10-01,0.0,0.0,35.0,0.65,PR14,,PR03,,,,2.0,7.5,9.0,cluster_0,H00,H0003,H000312,H00031209,H0003120906,ST04,20,C009
3921060,P0114,S0088,2017-10-02,0.0,0.0,35.0,0.65,PR14,,PR03,,,,2.0,7.5,9.0,cluster_0,H00,H0003,H000312,H00031209,H0003120906,ST04,20,C009
3936355,P0114,S0088,2017-10-03,0.0,0.0,35.0,0.65,PR14,,PR03,,,,2.0,7.5,9.0,cluster_0,H00,H0003,H000312,H00031209,H0003120906,ST04,20,C009
3951666,P0114,S0088,2017-10-04,0.0,0.0,35.0,0.65,PR14,,PR03,,,,2.0,7.5,9.0,cluster_0,H00,H0003,H000312,H00031209,H0003120906,ST04,20,C009
3967021,P0114,S0088,2017-10-05,0.0,0.0,35.0,0.65,PR14,,PR03,,,,2.0,7.5,9.0,cluster_0,H00,H0003,H000312,H00031209,H0003120906,ST04,20,C009
3982432,P0114,S0088,2017-10-06,0.0,0.0,35.0,0.65,PR14,,PR03,,,,2.0,7.5,9.0,cluster_0,H00,H0003,H000312,H00031209,H0003120906,ST04,20,C009
3997855,P0114,S0088,2017-10-07,0.0,0.0,35.0,0.65,PR14,,PR03,,,,2.0,7.5,9.0,cluster_0,H00,H0003,H000312,H00031209,H0003120906,ST04,20,C009
4013245,P0114,S0088,2017-10-08,0.0,0.0,35.0,0.65,PR14,,PR03,,,,2.0,7.5,9.0,cluster_0,H00,H0003,H000312,H00031209,H0003120906,ST04,20,C009
4028590,P0114,S0088,2017-10-09,0.0,0.0,35.0,0.65,PR14,,PR03,,,,2.0,7.5,9.0,cluster_0,H00,H0003,H000312,H00031209,H0003120906,ST04,20,C009
4043974,P0114,S0088,2017-10-10,0.0,0.0,35.0,0.65,PR14,,PR03,,,,2.0,7.5,9.0,cluster_0,H00,H0003,H000312,H00031209,H0003120906,ST04,20,C009
4059395,P0114,S0088,2017-10-11,0.0,0.0,35.0,0.65,PR14,,PR03,,,,2.0,7.5,9.0,cluster_0,H00,H0003,H000312,H00031209,H0003120906,ST04,20,C009
4074832,P0114,S0088,2017-10-12,0.0,0.0,34.0,0.65,PR14,,PR03,,,,2.0,7.5,9.0,cluster_0,H00,H0003,H000312,H00031209,H0003120906,ST04,20,C009
4090324,P0114,S0088,2017-10-13,0.0,0.0,34.0,0.65,PR14,,PR03,,,,2.0,7.5,9.0,cluster_0,H00,H0003,H000312,H00031209,H0003120906,ST04,20,C009
4105905,P0114,S0088,2017-10-14,0.0,0.0,34.0,0.65,PR14,,PR03,,,,2.0,7.5,9.0,cluster_0,H00,H0003,H000312,H00031209,H0003120906,ST04,20,C009
4121465,P0114,S0088,2017-10-15,0.0,0.0,34.0,0.65,PR14,,PR03,,,,2.0,7.5,9.0,cluster_0,H00,H0003,H000312,H00031209,H0003120906,ST04,20,C009
4136971,P0114,S0088,2017-10-16,0.0,0.0,34.0,0.65,PR14,,PR03,,,,2.0,7.5,9.0,cluster_0,H00,H0003,H000312,H00031209,H0003120906,ST04,20,C009
4152568,P0114,S0088,2017-10-17,0.0,0.0,34.0,0.65,PR14,,PR03,,,,2.0,7.5,9.0,cluster_0,H00,H0003,H000312,H00031209,H0003120906,ST04,20,C009
4168213,P0114,S0088,2017-10-18,0.0,0.0,34.0,0.65,PR14,,PR03,,,,2.0,7.5,9.0,cluster_0,H00,H0003,H000312,H00031209,H0003120906,ST04,20,C009
4183892,P0114,S0088,2017-10-19,0.0,0.0,34.0,0.65,PR14,,PR03,,,,2.0,7.5,9.0,cluster_0,H00,H0003,H000312,H00031209,H0003120906,ST04,20,C009
4199628,P0114,S0088,2017-10-20,0.0,0.0,34.0,0.65,PR14,,PR03,,,,2.0,7.5,9.0,cluster_0,H00,H0003,H000312,H00031209,H0003120906,ST04,20,C009
4215472,P0114,S0088,2017-10-21,0.0,0.0,34.0,0.65,PR14,,PR03,,,,2.0,7.5,9.0,cluster_0,H00,H0003,H000312,H00031209,H0003120906,ST04,20,C009
4231295,P0114,S0088,2017-10-22,0.0,0.0,34.0,0.65,PR14,,PR03,,,,2.0,7.5,9.0,cluster_0,H00,H0003,H000312,H00031209,H0003120906,ST04,20,C009
4247110,P0114,S0088,2017-10-23,0.0,0.0,34.0,0.65,PR14,,PR03,,,,2.0,7.5,9.0,cluster_0,H00,H0003,H000312,H00031209,H0003120906,ST04,20,C009
4262977,P0114,S0088,2017-10-24,0.0,0.0,34.0,0.65,PR14,,PR03,,,,2.0,7.5,9.0,cluster_0,H00,H0003,H000312,H00031209,H0003120906,ST04,20,C009
4278877,P0114,S0088,2017-10-25,0.0,0.0,34.0,0.65,PR14,,PR03,,,,2.0,7.5,9.0,cluster_0,H00,H0003,H000312,H00031209,H0003120906,ST04,20,C009
4294796,P0114,S0088,2017-10-26,0.0,0.0,34.0,0.65,PR14,,PR03,,,,2.0,7.5,9.0,cluster_0,H00,H0003,H000312,H00031209,H0003120906,ST04,20,C009
4310727,P0114,S0088,2017-10-27,0.0,0.0,34.0,0.65,PR14,,PR03,,,,2.0,7.5,9.0,cluster_0,H00,H0003,H000312,H00031209,H0003120906,ST04,20,C009
4326701,P0114,S0088,2017-10-28,0.0,0.0,34.0,0.65,PR14,,PR03,,,,2.0,7.5,9.0,cluster_0,H00,H0003,H000312,H00031209,H0003120906,ST04,20,C009
4342604,P0114,S0088,2017-10-29,0.0,0.0,34.0,0.65,PR14,,PR03,,,,2.0,7.5,9.0,cluster_0,H00,H0003,H000312,H00031209,H0003120906,ST04,20,C009
4358477,P0114,S0088,2017-10-30,0.0,0.0,34.0,0.65,PR14,,PR03,,,,2.0,7.5,9.0,cluster_0,H00,H0003,H000312,H00031209,H0003120906,ST04,20,C009
