sale_5.csv
Unnamed: 0,product_id,store_id,date,sales,revenue,stock,price,promo_type_1,promo_bin_1,promo_type_2,promo_bin_2,promo_discount_2,promo_discount_type_2,product_length,product_depth,product_width,cluster_id,hierarchy1_id,hierarchy2_id,hierarchy3_id,hierarchy4_id,hierarchy5_id,storetype_id,store_size,city_id
11493191,P0114,S0088,2018-11-27,0.0,0.0,43.0,0.8,PR14,,PR03,,,,2.0,7.5,9.0,cluster_0,H00,H0003,H000312,H00031209,H0003120906,ST04,20,C009
11512177,P0114,S0088,2018-11-28,0.0,0.0,43.0,0.8,PR14,,PR03,,,,2.0,7.5,9.0,cluster_0,H00,H0003,H000312,H00031209,H0003120906,ST04,20,C009
11531155,P0114,S0088,2018-11-29,0.0,0.0,43.0,0.8,PR14,,PR03,,,,2.0,7.5,9.0,cluster_0,H00,H0003,H000312,H00031209,H0003120906,ST04,20,C009
11550103,P0114,S0088,2018-11-30,2.0,1.48,41.0,0.8,PR14,,PR03,,,,2.0,7.5,9.0,cluster_0,H00,H0003,H000312,H00031209,H0003120906,ST04,20,C009
11569126,P0114,S0088,2018-12-01,0.0,0.0,41.0,0.8,PR14,,PR03,,,,2.0,7.5,9.0,cluster_0,H00,H0003,H000312,H00031209,H0003120906,ST04,20,C009
11588236,P0114,S0088,2018-12-02,1.0,0.74,40.0,0.8,PR14,,PR03,,,,2.0,7.5,9.0,cluster_0,H00,H0003,H000312,H00031209,H0003120906,ST04,20,C009
11607382,P0114,S0088,2018-12-03,0.0,0.0,40.0,0.8,PR14,,PR03,,,,2.0,7.5,9.0,cluster_0,H00,H0003,H000312,H00031209,H0003120906,ST04,20,C009
11626520,P0114,S0088,2018-12-04,1.0,0.74,39.0,0.8,PR14,,PR03,,,,2.0,7.5,9.0,cluster_0,H00,H0003,H000312,H00031209,H0003120906,ST04,20,C009
11645695,P0114,S0088,2018-12-05,2.0,1.48,37.0,0.8,PR14,,PR03,,,,2.0,7.5,9.0,cluster_0,H00,H0003,H000312,H00031209,H0003120906,ST04,20,C009
11664957,P0114,S0088,2018-12-06,2.0,1.48,35.0,0.8,PR14,,PR03,,,,2.0,7.5,9.0,cluster_0,H00,H0003,H000312,H00031209,H0003120906,ST04,20,C009
11684288,P0114,S0088,2018-12-07,2.0,1.48,33.0,0.8,PR14,,PR03,,,,2.0,7.5,9.0,cluster_0,H00,H0003,H000312,H00031209,H0003120906,ST04,20,C009
11703639,P0114,S0088,2018-12-08,0.0,0.0,33.0,0.8,PR14,,PR03,,,,2.0,7.5,9.0,cluster_0,H00,H0003,H000312,H00031209,H0003120906,ST04,20,C009
11723079,P0114,S0088,2018-12-09,0.0,0.0,33.0,0.8,PR14,,PR03,,,,2.0,7.5,9.0,cluster_0,H00,H0003,H000312,H00031209,H0003120906,ST04,20,C009
11742467,P0114,S0088,2018-12-10,0.0,0.0,33.0,0.8,PR14,,PR03,,,,2.0,7.5,9.0,cluster_0,H00,H0003,H000312,H00031209,H0003120906,ST04,20,C009
11761800,P0114,S0088,2018-12-11,0.0,0.0,33.0,0.8,PR14,,PR03,,,,2.0,7.5,9.0,cluster_0,H00,H0003,H000312,H00031209,H0003120906,ST04,20,C009
11781113,P0114,S0088,2018-12-12,0.0,0.0,33.0,0.8,PR14,,PR03,,,,2.0,7.5,9.0,cluster_0,H00,H0003,H000312,H00031209,H0003120906,ST04,20,C009
11800391,P0114,S0088,2018-12-13,0.0,0.0,33.0,0.8,PR14,,PR03,,,,2.0,7.5,9.0,cluster_0,H00,H0003,H000312,H00031209,H0003120906,ST04,20,C009
11819661,P0114,S0088,2018-12-14,0.0,0.0,33.0,0.8,PR14,,PR03,,,,2.0,7.5,9.0,cluster_0,H00,H0003,H000312,H00031209,H0003120906,ST04,20,C009
11838963,P0114,S0088,2018-12-15,0.0,0.0,33.0,0.8,PR14,,PR03,,,,2.0,7.5,9.0,cluster_0,H00,H0003,H000312,H00031209,H0003120906,ST04,20,C009
11858319,P0114,S0088,2018-12-16,3.0,2.22,30.0,0.8,PR14,,PR03,,,,2.0,7.5,9.0,cluster_0,H00,H0003,H000312,H00031209,H0003120906,ST04,20,C009
11877628,P0114,S0088,2018-12-17,0.0,0.0,30.0,0.8,PR14,,PR03,,,,2.0,7.5,9.0,cluster_0,H00,H0003,H000312,H00031209,H0003120906,ST04,20,C009
11896920,P0114,S0088,2018-12-18,0.0,0.0,30.0,0.8,PR14,,PR03,,,,2.0,7.5,9.0,cluster_0,H00,H0003,H000312,H00031209,H0003120906,ST04,20,C009
11916214,P0114,S0088,2018-12-19,0.0,0.0,30.0,0.8,PR14,,PR03,,,,2.0,7.5,9.0,cluster_0,H00,H0003,H000312,H00031209,H0003120906,ST04,20,C009
11935525,P0114,S0088,2018-12-20,0.0,0.0,30.0,0.8,PR14,,PR03,,,,2.0,7.5,9.0,cluster_0,H00,H0003,H000312,H00031209,H0003120906,ST04,20,C009
11954851,P0114,S0088,2018-12-21,0.0,0.0,30.0,0.8,PR14,,PR03,,,,2.0,7.5,9.0,cluster_0,H00,H0003,H000312,H00031209,H0003120906,ST04,20,C009
11974181,P0114,S0088,2018-12-22,0.0,0.0,30.0,0.8,PR14,,PR03,,,,2.0,7.5,9.0,cluster_0,H00,H0003,H000312,H00031209,H0003120906,ST04,20,C009
11993596,P0114,S0088,2018-12-23,0.0,0.0,30.0,0.8,PR14,,PR03,,,,2.0,7.5,9.0,cluster_0,H00,H0003,H000312,H00031209,H0003120906,ST04,20,C009
12012889,P0114,S0088,2018-12-24,2.0,1.48,27.0,0.8,PR14,,PR03,,,,2.0,7.5,9.0,cluster_0,H00,H0003,H000312,H00031209,H0003120906,ST04,20,C009
12032117,P0114,S0088,2018-12-25,0.0,0.0,27.0,0.8,PR14,,PR03,,,,2.0,7.5,9.0,cluster_0,H00,H0003,H000312,H00031209,H0003120906,ST04,20,C009
12051339,P0114,S0088,2018-12-26,0.0,0.0,27.0,0.8,PR14,,PR03,,,,2.0,7.5,9.0,cluster_0,H00,H0003,H000312,H00031209,H0003120906,ST04,20,C009
12070553,P0114,S0088,2018-12-27,0.0,0.0,27.0,0.8,PR14,,PR03,,,,2.0,7.5,9.0,cluster_0,H00,H0003,H000312,H00031209,H0003120906,ST04,20,C009
12089636,P0114,S0088,2018-12-28,0.0,0.0,27.0,0.8,PR14,,PR03,,,,2.0,7.5,9.0,cluster_0,H00,H0003,H000312,H00031209,H0003120906,ST04,20,C009
12108741,P0114,S0088,2018-12-29,0.0,0.0,27.0,0.8,PR14,,PR03,,,,2.0,7.5,9.0,cluster_0,H00,H0003,H000312,H00031209,H0003120906,ST04,20,C009
12127997,P0114,S0088,2018-12-30,0.0,0.0,27.0,0.8,PR14,,PR03,,,,2.0,7.5,9.0,cluster_0,H00,H0003,H000312,H00031209,H0003120906,ST04,20,C009
12147229,P0114,S0088,2018-12-31,0.0,0.0,27.0,0.8,PR14,,PR03,,,,2.0,7.5,9.0,cluster_0,H00,H0003,H000312,H00031209,H0003120906,ST04,20,C009
12166398,P0114,S0088,2019-01-01,0.0,0.0,27.0,1.0,PR14,,PR03,,,,2.0,7.5,9.0,cluster_0,H00,H0003,H000312,H00031209,H0003120906,ST04,20,C009
12185465,P0114,S0088,2019-01-02,0.0,0.0,27.0,1.0,PR14,,PR03,,,,2.0,7.5,9.0,cluster_0,H00,H0003,H000312,H00031209,H0003120906,ST04,20,C009
12204515,P0114,S0088,2019-01-03,0.0,0.0,27.0,1.0,PR14,,PR03,,,,2.0,7.5,9.0,cluster_0,H00,H0003,H000312,H00031209,H0003120906,ST04,20,C009
12223634,P0114,S0088,2019-01-04,1.0,0.74,26.0,1.0,PR14,,PR03,,,,2.0,7.5,9.0,cluster_0,H00,H0003,H000312,H00031209,H0003120906,ST04,20,C009
12242855,P0114,S0088,2019-01-05,0.0,0.0,26.0,1.0,PR14,,PR03,,,,2.0,7.5,9.0,cluster_0,H00,H0003,H000312,H00031209,H0003120906,ST04,20,C009
12262147,P0114,S0088,2019-01-06,0.0,0.0,26.0,1.0,PR14,,PR03,,,,2.0,7.5,9.0,cluster_0,H00,H0003,H000312,H00031209,H0003120906,ST04,20,C009
12281389,P0114,S0088,2019-01-07,0.0,0.0,26.0,1.0,PR14,,PR03,,,,2.0,7.5,9.0,cluster_0,H00,H0003,H000312,H00031209,H0003120906,ST04,20,C009
12300630,P0114,S0088,2019-01-08,0.0,0.0,26.0,1.0,PR14,,PR03,,,,2.0,7.5,9.0,cluster_0,H00,H0003,H000312,H00031209,H0003120906,ST04,20,C009
12319924,P0114,S0088,2019-01-09,0.0,0.0,26.0,1.0,PR14,,PR03,,,,2.0,7.5,9.0,cluster_0,H00,H0003,H000312,H00031209,H0003120906,ST04,20,C009
12339266,P0114,S0088,2019-01-10,0.0,0.0,26.0,1.0,PR14,,PR03,,,,2.0,7.5,9.0,cluster_0,H00,H0003,H000312,H00031209,H0003120906,ST04,20,C009
12358640,P0114,S0088,2019-01-11,0.0,0.0,26.0,1.0,PR14,,PR03,,,,2.0,7.5,9.0,cluster_0,H00,H0003,H000312,H00031209,H0003120906,ST04,20,C009
12378018,P0114,S0088,2019-01-12,0.0,0.0,26.0,1.0,PR14,,PR03,,,,2.0,7.5,9.0,cluster_0,H00,H0003,H000312,H00031209,H0003120906,ST04,20,C009
12397445,P0114,S0088,2019-01-13,0.0,0.0,26.0,1.0,PR14,,PR03,,,,2.0,7.5,9.0,cluster_0,H00,H0003,H000312,H00031209,H0003120906,ST04,20,C009
12416834,P0114,S0088,2019-01-14,0.0,0.0,26.0,1.0,PR14,,PR03,,,,2.0,7.5,9.0,cluster_0,H00,H0003,H000312,H00031209,H0003120906,ST04,20,C009
12436196,P0114,S0088,2019-01-15,0.0,0.0,26.0,1.0,PR14,,PR03,,,,2.0,7.5,9.0,cluster_0,H00,H0003,H000312,H00031209,H0003120906,ST04,20,C009
12455569,P0114,S0088,2019-01-16,0.0,0.0,26.0,1.0,PR14,,PR03,,,,2.0,7.5,9.0,cluster_0,H00,H0003,H000312,H00031209,H0003120906,ST04,20,C009
12474913,P0114,S0088,2019-01-17,0.0,0.0,26.0,1.0,PR14,,PR03,,,,2.0,7.5,9.0,cluster_0,H00,H0003,H000312,H00031209,H0003120906,ST04,20,C009
12494266,P0114,S0088,2019-01-18,0.0,0.0,26.0,1.0,PR14,,PR03,,,,2.0,7.5,9.0,cluster_0,H00,H0003,H000312,H00031209,H0003120906,ST04,20,C009
12513594,P0114,S0088,2019-01-19,0.0,0.0,26.0,1.0,PR14,,PR03,,,,2.0,7.5,9.0,cluster_0,H00,H0003,H000312,H00031209,H0003120906,ST04,20,C009
12532957,P0114,S0088,2019-01-20,0.0,0.0,26.0,1.0,PR14,,PR03,,,,2.0,7.5,9.0,cluster_0,H00,H0003,H000312,H00031209,H0003120906,ST04,20,C009
12552261,P0114,S0088,2019-01-21,0.0,0.0,26.0,1.0,PR14,,PR03,,,,2.0,7.5,9.0,cluster_0,H00,H0003,H000312,H00031209,H0003120906,ST04,20,C009
12571546,P0114,S0088,2019-01-22,0.0,0.0,26.0,1.0,PR14,,PR03,,,,2.0,7.5,9.0,cluster_0,H00,H0003,H000312,H00031209,H0003120906,ST04,20,C009
12590843,P0114,S0088,2019-01-23,0.0,0.0,26.0,1.0,PR14,,PR03,,,,2.0,7.5,9.0,cluster_0,H00,H0003,H000312,H00031209,H0003120906,ST04,20,C009
12610107,P0114,S0088,2019-01-24,0.0,0.0,26.0,1.0,PR14,,PR03,,,,2.0,7.5,9.0,cluster_0,H00,H0003,H000312,H00031209,H0003120906,ST04,20,C009
12629441,P0114,S0088,2019-01-25,0.0,0.0,26.0,1.0,PR14,,PR03,,,,2.0,7.5,9.0,cluster_0,H00,H0003,H000312,H00031209,H0003120906,ST04,20,C009
12648777,P0114,S0088,2019-01-26,0.0,0.0,26.0,1.0,PR14,,PR03,,,,2.0,7.5,9.0,cluster_0,H00,H0003,H000312,H00031209,H0003120906,ST04,20,C009
12668178,P0114,S0088,2019-01-27,0.0,0.0,26.0,1.0,PR14,,PR03,,,,2.0,7.5,9.0,cluster_0,H00,H0003,H000312,H00031209,H0003120906,ST04,20,C009
12687521,P0114,S0088,2019-01-28,0.0,0.0,26.0,1.0,PR14,,PR03,,,,2.0,7.5,9.0,cluster_0,H00,H0003,H000312,H00031209,H0003120906,ST04,20,C009
12706691,P0114,S0088,2019-01-29,0.0,0.0,26.0,1.0,PR14,,PR03,,,,2.0,7.5,9.0,cluster_0,H00,H0003,H000312,H00031209,H0003120906,ST04,20,C009
12725837,P0114,S0088,2019-01-30,0.0,0.0,26.0,1.0,PR14,,PR03,,,,2.0,7.5,9.0,cluster_0,H00,H0003,H000312,H00031209,H0003120906,ST04,20,C009
12745016,P0114,S0088,2019-01-31,0.0,0.0,26.0,1.0,PR14,,PR03,,,,2.0,7.5,9.0,cluster_0,H00,H0003,H000312,H00031209,H0003120906,ST04,20,C009
12764171,P0114,S0088,2019-02-01,0.0,0.0,26.0,1.0,PR14,,PR03,,,,2.0,7.5,9.0,cluster_0,H00,H0003,H000312,H00031209,H0003120906,ST04,20,C009
12783413,P0114,S0088,2019-02-02,0.0,0.0,26.0,1.0,PR14,,PR03,,,,2.0,7.5,9.0,cluster_0,H00,H0003,H000312,H00031209,H0003120906,ST04,20,C009
12802802,P0114,S0088,2019-02-03,0.0,0.0,26.0,1.0,PR14,,PR03,,,,2.0,7.5,9.0,cluster_0,H00,H0003,H000312,H00031209,H0003120906,ST04,20,C009
12822197,P0114,S0088,2019-02-04,0.0,0.0,26.0,1.0,PR14,,PR03,,,,2.0,7.5,9.0,cluster_0,H00,H0003,H000312,H00031209,H0003120906,ST04,20,C009
12841565,P0114,S0088,2019-02-05,1.0,0.0,25.0,1.0,PR14,,PR03,,,,2.0,7.5,9.0,cluster_0,H00,H0003,H000312,H00031209,H0003120906,ST04,20,C009
12860970,P0114,S0088,2019-02-06,0.0,0.0,25.0,1.0,PR14,,PR03,,,,2.0,7.5,9.0,cluster_0,H00,H0003,H000312,H00031209,H0003120906,ST04,20,C009
12880380,P0114,S0088,2019-02-07,0.0,0.0,25.0,1.0,PR14,,PR03,,,,2.0,7.5,9.0,cluster_0,H00,H0003,H000312,H00031209,H0003120906,ST04,20,C009
12899783,P0114,S0088,2019-02-08,0.0,0.0,25.0,1.0,PR14,,PR03,,,,2.0,7.5,9.0,cluster_0,H00,H0003,H000312,H00031209,H0003120906,ST04,20,C009
12919189,P0114,S0088,2019-02-09,0.0,0.0,25.0,1.0,PR14,,PR03,,,,2.0,7.5,9.0,cluster_0,H00,H0003,H000312,H00031209,H0003120906,ST04,20,C009
12938626,P0114,S0088,2019-02-10,0.0,0.0,25.0,1.0,PR14,,PR03,,,,2.0,7.5,9.0,cluster_0,H00,H0003,H000312,H00031209,H0003120906,ST04,20,C009
12958002,P0114,S0088,2019-02-11,0.0,0.0,25.0,1.0,PR14,,PR03,,,,2.0,7.5,9.0,cluster_0,H00,H0003,H000312,H00031209,H0003120906,ST04,20,C009
12977342,P0114,S0088,2019-02-12,0.0,0.0,25.0,1.0,PR14,,PR03,,,,2.0,7.5,9.0,cluster_0,H00,H0003,H000312,H00031209,H0003120906,ST04,20,C009
12996705,P0114,S0088,2019-02-13,0.0,0.0,25.0,1.0,PR14,,PR03,,,,2.0,7.5,9.0,cluster_0,H00,H0003,H000312,H00031209,H0003120906,ST04,20,C009
13016051,P0114,S0088,2019-02-14,0.0,0.0,25.0,1.0,PR14,,PR03,,,,2.0,7.5,9.0,cluster_0,H00,H0003,H000312,H00031209,H0003120906,ST04,20,C009
13035414,P0114,S0088,2019-02-15,0.0,0.0,25.0,0.75,PR14,,PR03,,,,2.0,7.5,9.0,cluster_0,H00,H0003,H000312,H00031209,H0003120906,ST04,20,C009
13054835,P0114,S0088,2019-02-16,0.0,0.0,25.0,0.75,PR14,,PR03,,,,2.0,7.5,9.0,cluster_0,H00,H0003,H000312,H00031209,H0003120906,ST04,20,C009
13074325,P0114,S0088,2019-02-17,2.0,1.39,23.0,0.75,PR14,,PR03,,,,2.0,7.5,9.0,cluster_0,H00,H0003,H000312,H00031209,H0003120906,ST04,20,C009
13093808,P0114,S0088,2019-02-18,0.0,0.0,23.0,0.75,PR14,,PR03,,,,2.0,7.5,9.0,cluster_0,H00,H0003,H000312,H00031209,H0003120906,ST04,20,C009
13113235,P0114,S0088,2019-02-19,23.0,15.97,0.0,0.75,PR14,,PR03,,,,2.0,7.5,9.0,cluster_0,H00,H0003,H000312,H00031209,H0003120906,ST04,20,C009
13171457,P0114,S0088,2019-02-22,0.0,0.0,24.0,0.75,PR14,,PR03,,,,2.0,7.5,9.0,cluster_0,H00,H0003,H000312,H00031209,H0003120906,ST04,20,C009
13190888,P0114,S0088,2019-02-23,22.0,15.28,2.0,0.75,PR14,,PR03,,,,2.0,7.5,9.0,cluster_0,H00,H0003,H000312,H00031209,H0003120906,ST04,20,C009
13210353,P0114,S0088,2019-02-24,0.0,0.0,2.0,0.75,PR14,,PR03,,,,2.0,7.5,9.0,cluster_0,H00,H0003,H000312,H00031209,H0003120906,ST04,20,C009
13229839,P0114,S0088,2019-02-25,0.0,0.0,2.0,0.75,PR14,,PR03,,,,2.0,7.5,9.0,cluster_0,H00,H0003,H000312,H00031209,H0003120906,ST04,20,C009
13249293,P0114,S0088,2019-02-26,0.0,0.0,2.0,0.75,PR14,,PR03,,,,2.0,7.5,9.0,cluster_0,H00,H0003,H000312,H00031209,H0003120906,ST04,20,C009
13268741,P0114,S0088,2019-02-27,2.0,0.65,0.0,0.35,PR14,,PR03,,,,2.0,7.5,9.0,cluster_0,H00,H0003,H000312,H00031209,H0003120906,ST04,20,C009
14633496,P0114,S0088,2019-05-07,0.0,0.0,24.0,0.65,PR14,,PR03,,,,2.0,7.5,9.0,cluster_0,H00,H0003,H000312,H00031209,H0003120906,ST04,20,C009
14653495,P0114,S0088,2019-05-08,0.0,0.0,24.0,0.65,PR14,,PR03,,,,2.0,7.5,9.0,cluster_0,H00,H0003,H000312,H00031209,H0003120906,ST04,20,C009
14673460,P0114,S0088,2019-05-09,0.0,0.0,24.0,0.65,PR14,,PR03,,,,2.0,7.5,9.0,cluster_0,H00,H0003,H000312,H00031209,H0003120906,ST04,20,C009
14693368,P0114,S0088,2019-05-10,1.0,0.93,23.0,0.65,PR14,,PR03,,,,2.0,7.5,9.0,cluster_0,H00,H0003,H000312,H00031209,H0003120906,ST04,20,C009
14713349,P0114,S0088,2019-05-11,0.0,0.0,23.0,0.65,PR14,,PR03,,,,2.0,7.5,9.0,cluster_0,H00,H0003,H000312,H00031209,H0003120906,ST04,20,C009
14733500,P0114,S0088,2019-05-12,0.0,0.0,23.0,0.65,PR14,,PR03,,,,2.0,7.5,9.0,cluster_0,H00,H0003,H000312,H00031209,H0003120906,ST04,20,C009
14753436,P0114,S0088,2019-05-13,0.0,0.0,23.0,0.65,PR14,,PR03,,,,2.0,7.5,9.0,cluster_0,H00,H0003,H000312,H00031209,H0003120906,ST04,20,C009
14773289,P0114,S0088,2019-05-14,0.0,0.0,23.0,0.65,PR14,,PR03,,,,2.0,7.5,9.0,cluster_0,H00,H0003,H000312,H00031209,H0003120906,ST04,20,C009
14793198,P0114,S0088,2019-05-15,0.0,0.0,23.0,0.65,PR14,,PR03,,,,2.0,7.5,9.0,cluster_0,H00,H0003,H000312,H00031209,H0003120906,ST04,20,C009
14813154,P0114,S0088,2019-05-16,2.0,1.85,21.0,0.65,PR14,,PR03,,,,2.0,7.5,9.0,cluster_0,H00,H0003,H000312,H00031209,H0003120906,ST04,20,C009
14833205,P0114,S0088,2019-05-17,0.0,0.0,21.0,0.65,PR14,,PR03,,,,2.0,7.5,9.0,cluster_0,H00,H0003,H000312,H00031209,H0003120906,ST04,20,C009
14853321,P0114,S0088,2019-05-18,0.0,0.0,21.0,0.65,PR14,,PR03,,,,2.0,7.5,9.0,cluster_0,H00,H0003,H000312,H00031209,H0003120906,ST04,20,C009
14873722,P0114,S0088,2019-05-19,0.0,0.0,21.0,0.65,PR14,,PR03,,,,2.0,7.5,9.0,cluster_0,H00,H0003,H000312,H00031209,H0003120906,ST04,20,C009
14893982,P0114,S0088,2019-05-20,0.0,0.0,21.0,0.65,PR14,,PR03,,,,2.0,7.5,9.0,cluster_0,H00,H0003,H000312,H00031209,H0003120906,ST04,20,C009
14914260,P0114,S0088,2019-05-21,0.0,0.0,21.0,0.65,PR14,,PR03,,,,2.0,7.5,9.0,cluster_0,H00,H0003,H000312,H00031209,H0003120906,ST04,20,C009
14934595,P0114,S0088,2019-05-22,0.0,0.0,21.0,0.65,PR14,,PR03,,,,2.0,7.5,9.0,cluster_0,H00,H0003,H000312,H00031209,H0003120906,ST04,20,C009
14955024,P0114,S0088,2019-05-23,0.0,0.0,21.0,0.65,PR14,,PR03,,,,2.0,7.5,9.0,cluster_0,H00,H0003,H000312,H00031209,H0003120906,ST04,20,C009
14975537,P0114,S0088,2019-05-24,0.0,0.0,21.0,0.65,PR14,,PR03,,,,2.0,7.5,9.0,cluster_0,H00,H0003,H000312,H00031209,H0003120906,ST04,20,C009
14996139,P0114,S0088,2019-05-25,0.0,0.0,21.0,0.65,PR14,,PR03,,,,2.0,7.5,9.0,cluster_0,H00,H0003,H000312,H00031209,H0003120906,ST04,20,C009
15016801,P0114,S0088,2019-05-26,0.0,0.0,21.0,0.65,PR14,,PR03,,,,2.0,7.5,9.0,cluster_0,H00,H0003,H000312,H00031209,H0003120906,ST04,20,C009
15037415,P0114,S0088,2019-05-27,0.0,0.0,21.0,0.65,PR14,,PR03,,,,2.0,7.5,9.0,cluster_0,H00,H0003,H000312,H00031209,H0003120906,ST04,20,C009
15058031,P0114,S0088,2019-05-28,0.0,0.0,21.0,0.65,PR14,,PR03,,,,2.0,7.5,9.0,cluster_0,H00,H0003,H000312,H00031209,H0003120906,ST04,20,C009
15078697,P0114,S0088,2019-05-29,0.0,0.0,21.0,0.65,PR14,,PR03,,,,2.0,7.5,9.0,cluster_0,H00,H0003,H000312,H00031209,H0003120906,ST04,20,C009
15099320,P0114,S0088,2019-05-30,0.0,0.0,21.0,0.65,PR14,,PR03,,,,2.0,7.5,9.0,cluster_0,H00,H0003,H000312,H00031209,H0003120906,ST04,20,C009
15119877,P0114,S0088,2019-05-31,0.0,0.0,21.0,0.65,PR14,,PR03,,,,2.0,7.5,9.0,cluster_0,H00,H0003,H000312,H00031209,H0003120906,ST04,20,C009
15140529,P0114,S0088,2019-06-01,0.0,0.0,21.0,0.65,PR14,,PR03,,,,2.0,7.5,9.0,cluster_0,H00,H0003,H000312,H00031209,H0003120906,ST04,20,C009
15161366,P0114,S0088,2019-06-02,0.0,0.0,21.0,0.65,PR14,,PR03,,,,2.0,7.5,9.0,cluster_0,H00,H0003,H000312,H00031209,H0003120906,ST04,20,C009
15182067,P0114,S0088,2019-06-03,0.0,0.0,21.0,0.65,PR14,,PR03,,,,2.0,7.5,9.0,cluster_0,H00,H0003,H000312,H00031209,H0003120906,ST04,20,C009
15202740,P0114,S0088,2019-06-04,1.0,0.93,20.0,0.65,PR14,,PR03,,,,2.0,7.5,9.0,cluster_0,H00,H0003,H000312,H00031209,H0003120906,ST04,20,C009
15223322,P0114,S0088,2019-06-05,0.0,0.0,20.0,0.65,PR14,,PR03,,,,2.0,7.5,9.0,cluster_0,H00,H0003,H000312,H00031209,H0003120906,ST04,20,C009
15243923,P0114,S0088,2019-06-06,0.0,0.0,20.0,0.65,PR14,,PR03,,,,2.0,7.5,9.0,cluster_0,H00,H0003,H000312,H00031209,H0003120906,ST04,20,C009
15264483,P0114,S0088,2019-06-07,0.0,0.0,20.0,0.65,PR14,,PR03,,,,2.0,7.5,9.0,cluster_0,H00,H0003,H000312,H00031209,H0003120906,ST04,20,C009
15285043,P0114,S0088,2019-06-08,0.0,0.0,20.0,0.65,PR14,,PR03,,,,2.0,7.5,9.0,cluster_0,H00,H0003,H000312,H00031209,H0003120906,ST04,20,C009
15305752,P0114,S0088,2019-06-09,0.0,0.0,20.0,0.65,PR14,,PR03,,,,2.0,7.5,9.0,cluster_0,H00,H0003,H000312,H00031209,H0003120906,ST04,20,C009
15326322,P0114,S0088,2019-06-10,0.0,0.0,20.0,0.65,PR14,,PR03,,,,2.0,7.5,9.0,cluster_0,H00,H0003,H000312,H00031209,H0003120906,ST04,20,C009
15346907,P0114,S0088,2019-06-11,0.0,0.0,20.0,0.65,PR14,,PR03,,,,2.0,7.5,9.0,cluster_0,H00,H0003,H000312,H00031209,H0003120906,ST04,20,C009
