sale_5.csv
Unnamed: 0,product_id,store_id,date,sales,revenue,stock,price,promo_type_1,promo_bin_1,promo_type_2,promo_bin_2,promo_discount_2,promo_discount_type_2,product_length,product_depth,product_width,cluster_id,hierarchy1_id,hierarchy2_id,hierarchy3_id,hierarchy4_id,hierarchy5_id,storetype_id,store_size,city_id
18167441,P0114,S0088,2019-10-27,0.0,0.0,57.0,0.65,PR14,,PR03,,,,2.0,7.5,9.0,cluster_0,H00,H0003,H000312,H00031209,H0003120906,ST04,20,C009
18187341,P0114,S0088,2019-10-28,0.0,0.0,57.0,0.65,PR14,,PR03,,,,2.0,7.5,9.0,cluster_0,H00,H0003,H000312,H00031209,H0003120906,ST04,20,C009
18207283,P0114,S0088,2019-10-29,0.0,0.0,57.0,0.65,PR14,,PR03,,,,2.0,7.5,9.0,cluster_0,H00,H0003,H000312,H00031209,H0003120906,ST04,20,C009
18227209,P0114,S0088,2019-10-30,0.0,0.0,57.0,0.65,PR14,,PR03,,,,2.0,7.5,9.0,cluster_0,H00,H0003,H000312,H00031209,H0003120906,ST04,20,C009
18247100,P0114,S0088,2019-10-31,0.0,0.0,57.0,0.65,PR14,,PR03,,,,2.0,7.5,9.0,cluster_0,H00,H0003,H000312,H00031209,H0003120906,ST04,20,C009
18266962,P0114,S0088,2019-11-01,,,,0.65,PR14,,PR03,,,,2.0,7.5,9.0,cluster_0,H00,H0003,H000312,H00031209,H0003120906,ST04,20,C009
18286821,P0114,S0088,2019-11-02,,,,0.65,PR14,,PR03,,,,2.0,7.5,9.0,cluster_0,H00,H0003,H000312,H00031209,H0003120906,ST04,20,C009
18306643,P0114,S0088,2019-11-03,,,,0.65,PR14,,PR03,,,,2.0,7.5,9.0,cluster_0,H00,H0003,H000312,H00031209,H0003120906,ST04,20,C009
18326456,P0114,S0088,2019-11-04,,,,0.65,PR14,,PR03,,,,2.0,7.5,9.0,cluster_0,H00,H0003,H000312,H00031209,H0003120906,ST04,20,C009
18346374,P0114,S0088,2019-11-05,,,,0.65,PR14,,PR03,,,,2.0,7.5,9.0,cluster_0,H00,H0003,H000312,H00031209,H0003120906,ST04,20,C009
18366417,P0114,S0088,2019-11-06,,,,0.65,PR14,,PR03,,,,2.0,7.5,9.0,cluster_0,H00,H0003,H000312,H00031209,H0003120906,ST04,20,C009
18386544,P0114,S0088,2019-11-07,,,,0.65,PR14,,PR03,,,,2.0,7.5,9.0,cluster_0,H00,H0003,H000312,H00031209,H0003120906,ST04,20,C009
18406800,P0114,S0088,2019-11-08,,,,0.65,PR14,,PR03,,,,2.0,7.5,9.0,cluster_0,H00,H0003,H000312,H00031209,H0003120906,ST04,20,C009
18427083,P0114,S0088,2019-11-09,,,,0.65,PR14,,PR03,,,,2.0,7.5,9.0,cluster_0,H00,H0003,H000312,H00031209,H0003120906,ST04,20,C009
18447300,P0114,S0088,2019-11-10,,,,0.65,PR14,,PR03,,,,2.0,7.5,9.0,cluster_0,H00,H0003,H000312,H00031209,H0003120906,ST04,20,C009
18467472,P0114,S0088,2019-11-11,,,,0.65,PR14,,PR03,,,,2.0,7.5,9.0,cluster_0,H00,H0003,H000312,H00031209,H0003120906,ST04,20,C009
18487748,P0114,S0088,2019-11-12,,,,0.65,PR14,,PR03,,,,2.0,7.5,9.0,cluster_0,H00,H0003,H000312,H00031209,H0003120906,ST04,20,C009
18508088,P0114,S0088,2019-11-13,,,,0.65,PR14,,PR03,,,,2.0,7.5,9.0,cluster_0,H00,H0003,H000312,H00031209,H0003120906,ST04,20,C009
18528426,P0114,S0088,2019-11-14,,,,0.65,PR14,,PR03,,,,2.0,7.5,9.0,cluster_0,H00,H0003,H000312,H00031209,H0003120906,ST04,20,C009
18548783,P0114,S0088,2019-11-15,,,,0.65,PR14,,PR03,,,,2.0,7.5,9.0,cluster_0,H00,H0003,H000312,H00031209,H0003120906,ST04,20,C009
18569156,P0114,S0088,2019-11-16,,,,0.65,PR14,,PR03,,,,2.0,7.5,9.0,cluster_0,H00,H0003,H000312,H00031209,H0003120906,ST04,20,C009
18589435,P0114,S0088,2019-11-17,,,,0.65,PR14,,PR03,,,,2.0,7.5,9.0,cluster_0,H00,H0003,H000312,H00031209,H0003120906,ST04,20,C009
18609652,P0114,S0088,2019-11-18,,,,0.65,PR14,,PR03,,,,2.0,7.5,9.0,cluster_0,H00,H0003,H000312,H00031209,H0003120906,ST04,20,C009
18629997,P0114,S0088,2019-11-19,,,,0.65,PR14,,PR03,,,,2.0,7.5,9.0,cluster_0,H00,H0003,H000312,H00031209,H0003120906,ST04,20,C009
18650417,P0114,S0088,2019-11-20,,,,0.65,PR14,,PR03,,,,2.0,7.5,9.0,cluster_0,H00,H0003,H000312,H00031209,H0003120906,ST04,20,C009
18670896,P0114,S0088,2019-11-21,,,,0.65,PR14,,PR03,,,,2.0,7.5,9.0,cluster_0,H00,H0003,H000312,H00031209,H0003120906,ST04,20,C009
18691404,P0114,S0088,2019-11-22,,,,0.65,PR14,,PR03,,,,2.0,7.5,9.0,cluster_0,H00,H0003,H000312,H00031209,H0003120906,ST04,20,C009
18711920,P0114,S0088,2019-11-23,,,,0.65,PR14,,PR03,,,,2.0,7.5,9.0,cluster_0,H00,H0003,H000312,H00031209,H0003120906,ST04,20,C009
18732389,P0114,S0088,2019-11-24,,,,0.65,PR14,,PR03,,,,2.0,7.5,9.0,cluster_0,H00,H0003,H000312,H00031209,H0003120906,ST04,20,C009
18752800,P0114,S0088,2019-11-25,,,,0.65,PR14,,PR03,,,,2.0,7.5,9.0,cluster_0,H00,H0003,H000312,H00031209,H0003120906,ST04,20,C009
18773254,P0114,S0088,2019-11-26,,,,0.65,PR14,,PR03,,,,2.0,7.5,9.0,cluster_0,H00,H0003,H000312,H00031209,H0003120906,ST04,20,C009
18793684,P0114,S0088,2019-11-27,,,,0.65,PR14,,PR03,,,,2.0,7.5,9.0,cluster_0,H00,H0003,H000312,H00031209,H0003120906,ST04,20,C009
18814081,P0114,S0088,2019-11-28,,,,0.65,PR14,,PR03,,,,2.0,7.5,9.0,cluster_0,H00,H0003,H000312,H00031209,H0003120906,ST04,20,C009
18834445,P0114,S0088,2019-11-29,,,,0.65,PR14,,PR03,,,,2.0,7.5,9.0,cluster_0,H00,H0003,H000312,H00031209,H0003120906,ST04,20,C009
18854805,P0114,S0088,2019-11-30,,,,0.65,PR14,,PR03,,,,2.0,7.5,9.0,cluster_0,H00,H0003,H000312,H00031209,H0003120906,ST04,20,C009
18875065,P0114,S0088,2019-12-01,,,,0.65,PR14,,PR03,,,,2.0,7.5,9.0,cluster_0,H00,H0003,H000312,H00031209,H0003120906,ST04,20,C009
18895190,P0114,S0088,2019-12-02,,,,0.65,PR14,,PR03,,,,2.0,7.5,9.0,cluster_0,H00,H0003,H000312,H00031209,H0003120906,ST04,20,C009
18915368,P0114,S0088,2019-12-03,,,,0.65,PR14,,PR03,,,,2.0,7.5,9.0,cluster_0,H00,H0003,H000312,H00031209,H0003120906,ST04,20,C009
18935551,P0114,S0088,2019-12-04,,,,0.65,PR14,,PR03,,,,2.0,7.5,9.0,cluster_0,H00,H0003,H000312,H00031209,H0003120906,ST04,20,C009
18955773,P0114,S0088,2019-12-05,,,,0.65,PR14,,PR03,,,,2.0,7.5,9.0,cluster_0,H00,H0003,H000312,H00031209,H0003120906,ST04,20,C009
18976027,P0114,S0088,2019-12-06,,,,0.65,PR14,,PR03,,,,2.0,7.5,9.0,cluster_0,H00,H0003,H000312,H00031209,H0003120906,ST04,20,C009
18996262,P0114,S0088,2019-12-07,,,,0.65,PR14,,PR03,,,,2.0,7.5,9.0,cluster_0,H00,H0003,H000312,H00031209,H0003120906,ST04,20,C009
19016398,P0114,S0088,2019-12-08,,,,0.65,PR14,,PR03,,,,2.0,7.5,9.0,cluster_0,H00,H0003,H000312,H00031209,H0003120906,ST04,20,C009
19036448,P0114,S0088,2019-12-09,,,,0.65,PR14,,PR03,,,,2.0,7.5,9.0,cluster_0,H00,H0003,H000312,H00031209,H0003120906,ST04,20,C009
19056596,P0114,S0088,2019-12-10,,,,0.65,PR14,,PR03,,,,2.0,7.5,9.0,cluster_0,H00,H0003,H000312,H00031209,H0003120906,ST04,20,C009
19076748,P0114,S0088,2019-12-11,,,,0.65,PR14,,PR03,,,,2.0,7.5,9.0,cluster_0,H00,H0003,H000312,H00031209,H0003120906,ST04,20,C009
19096949,P0114,S0088,2019-12-12,,,,0.65,PR14,,PR03,,,,2.0,7.5,9.0,cluster_0,H00,H0003,H000312,H00031209,H0003120906,ST04,20,C009
19117167,P0114,S0088,2019-12-13,,,,0.65,PR14,,PR03,,,,2.0,7.5,9.0,cluster_0,H00,H0003,H000312,H00031209,H0003120906,ST04,20,C009
19137389,P0114,S0088,2019-12-14,,,,0.65,PR14,,PR03,,,,2.0,7.5,9.0,cluster_0,H00,H0003,H000312,H00031209,H0003120906,ST04,20,C009
19157504,P0114,S0088,2019-12-15,,,,0.65,PR14,,PR03,,,,2.0,7.5,9.0,cluster_0,H00,H0003,H000312,H00031209,H0003120906,ST04,20,C009
19177560,P0114,S0088,2019-12-16,,,,0.65,PR14,,PR03,,,,2.0,7.5,9.0,cluster_0,H00,H0003,H000312,H00031209,H0003120906,ST04,20,C009
19197702,P0114,S0088,2019-12-17,,,,0.65,PR14,,PR03,,,,2.0,7.5,9.0,cluster_0,H00,H0003,H000312,H00031209,H0003120906,ST04,20,C009
19217826,P0114,S0088,2019-12-18,,,,0.65,PR14,,PR03,,,,2.0,7.5,9.0,cluster_0,H00,H0003,H000312,H00031209,H0003120906,ST04,20,C009
19237933,P0114,S0088,2019-12-19,,,,0.65,PR14,,PR03,,,,2.0,7.5,9.0,cluster_0,H00,H0003,H000312,H00031209,H0003120906,ST04,20,C009
19258044,P0114,S0088,2019-12-20,,,,0.65,PR14,,PR03,,,,2.0,7.5,9.0,cluster_0,H00,H0003,H000312,H00031209,H0003120906,ST04,20,C009
19278160,P0114,S0088,2019-12-21,,,,0.65,PR14,,PR03,,,,2.0,7.5,9.0,cluster_0,H00,H0003,H000312,H00031209,H0003120906,ST04,20,C009
19298196,P0114,S0088,2019-12-22,,,,0.65,PR14,,PR03,,,,2.0,7.5,9.0,cluster_0,H00,H0003,H000312,H00031209,H0003120906,ST04,20,C009
19318153,P0114,S0088,2019-12-23,,,,0.65,PR14,,PR03,,,,2.0,7.5,9.0,cluster_0,H00,H0003,H000312,H00031209,H0003120906,ST04,20,C009
19338210,P0114,S0088,2019-12-24,,,,0.65,PR14,,PR03,,,,2.0,7.5,9.0,cluster_0,H00,H0003,H000312,H00031209,H0003120906,ST04,20,C009
19358250,P0114,S0088,2019-12-25,,,,0.65,PR14,,PR03,,,,2.0,7.5,9.0,cluster_0,H00,H0003,H000312,H00031209,H0003120906,ST04,20,C009
19378244,P0114,S0088,2019-12-26,,,,0.65,PR14,,PR03,,,,2.0,7.5,9.0,cluster_0,H00,H0003,H000312,H00031209,H0003120906,ST04,20,C009
19398215,P0114,S0088,2019-12-27,,,,0.65,PR14,,PR03,,,,2.0,7.5,9.0,cluster_0,H00,H0003,H000312,H00031209,H0003120906,ST04,20,C009
19418184,P0114,S0088,2019-12-28,,,,0.65,PR14,,PR03,,,,2.0,7.5,9.0,cluster_0,H00,H0003,H000312,H00031209,H0003120906,ST04,20,C009
19438041,P0114,S0088,2019-12-29,,,,0.65,PR14,,PR03,,,,2.0,7.5,9.0,cluster_0,H00,H0003,H000312,H00031209,H0003120906,ST04,20,C009
1912,P0116,S0088,2017-01-02,0.0,0.0,30.0,0.85,PR14,,PR03,,,,0.5,14.0,6.0,cluster_3,H00,H0002,H000200,H00020009,H0002000926,ST04,20,C009
15050,P0116,S0088,2017-01-03,2.0,1.57,28.0,0.85,PR14,,PR03,,,,0.5,14.0,6.0,cluster_3,H00,H0002,H000200,H00020009,H0002000926,ST04,20,C009
28159,P0116,S0088,2017-01-04,2.0,1.57,26.0,0.85,PR14,,PR03,,,,0.5,14.0,6.0,cluster_3,H00,H0002,H000200,H00020009,H0002000926,ST04,20,C009
41237,P0116,S0088,2017-01-05,0.0,0.0,26.0,0.85,PR14,,PR03,,,,0.5,14.0,6.0,cluster_3,H00,H0002,H000200,H00020009,H0002000926,ST04,20,C009
54335,P0116,S0088,2017-01-06,3.0,2.36,23.0,0.85,PR14,,PR03,,,,0.5,14.0,6.0,cluster_3,H00,H0002,H000200,H00020009,H0002000926,ST04,20,C009
67498,P0116,S0088,2017-01-07,0.0,0.0,23.0,0.85,PR14,,PR03,,,,0.5,14.0,6.0,cluster_3,H00,H0002,H000200,H00020009,H0002000926,ST04,20,C009
80616,P0116,S0088,2017-01-08,0.0,0.0,23.0,0.85,PR14,,PR03,,,,0.5,14.0,6.0,cluster_3,H00,H0002,H000200,H00020009,H0002000926,ST04,20,C009
93696,P0116,S0088,2017-01-09,0.0,0.0,23.0,0.85,PR14,,PR03,,,,0.5,14.0,6.0,cluster_3,H00,H0002,H000200,H00020009,H0002000926,ST04,20,C009
106788,P0116,S0088,2017-01-10,0.0,0.0,23.0,0.85,PR14,,PR03,,,,0.5,14.0,6.0,cluster_3,H00,H0002,H000200,H00020009,H0002000926,ST04,20,C009
119930,P0116,S0088,2017-01-11,0.0,0.0,23.0,0.85,PR14,,PR03,,,,0.5,14.0,6.0,cluster_3,H00,H0002,H000200,H00020009,H0002000926,ST04,20,C009
133086,P0116,S0088,2017-01-12,0.0,0.0,23.0,0.85,PR14,,PR03,,,,0.5,14.0,6.0,cluster_3,H00,H0002,H000200,H00020009,H0002000926,ST04,20,C009
146233,P0116,S0088,2017-01-13,0.0,0.0,23.0,0.85,PR14,,PR03,,,,0.5,14.0,6.0,cluster_3,H00,H0002,H000200,H00020009,H0002000926,ST04,20,C009
159404,P0116,S0088,2017-01-14,0.0,0.0,23.0,0.85,PR14,,PR03,,,,0.5,14.0,6.0,cluster_3,H00,H0002,H000200,H00020009,H0002000926,ST04,20,C009
172589,P0116,S0088,2017-01-15,0.0,0.0,23.0,0.85,PR14,,PR03,,,,0.5,14.0,6.0,cluster_3,H00,H0002,H000200,H00020009,H0002000926,ST04,20,C009
185787,P0116,S0088,2017-01-16,0.0,0.0,23.0,0.85,PR14,,PR03,,,,0.5,14.0,6.0,cluster_3,H00,H0002,H000200,H00020009,H0002000926,ST04,20,C009
199007,P0116,S0088,2017-01-17,0.0,0.0,23.0,0.85,PR14,,PR03,,,,0.5,14.0,6.0,cluster_3,H00,H0002,H000200,H00020009,H0002000926,ST04,20,C009
212275,P0116,S0088,2017-01-18,0.0,0.0,23.0,0.85,PR14,,PR03,,,,0.5,14.0,6.0,cluster_3,H00,H0002,H000200,H00020009,H0002000926,ST04,20,C009
411514,P0116,S0088,2017-02-02,0.0,0.0,35.0,0.85,PR14,,PR03,,,,0.5,14.0,6.0,cluster_3,H00,H0002,H000200,H00020009,H0002000926,ST04,20,C009
424795,P0116,S0088,2017-02-03,0.0,0.0,35.0,0.85,PR14,,PR03,,,,0.5,14.0,6.0,cluster_3,H00,H0002,H000200,H00020009,H0002000926,ST04,20,C009
438132,P0116,S0088,2017-02-04,0.0,0.0,35.0,0.8,PR14,,PR03,,,,0.5,14.0,6.0,cluster_3,H00,H0002,H000200,H00020009,H0002000926,ST04,20,C009
451424,P0116,S0088,2017-02-05,0.0,0.0,35.0,0.8,PR14,,PR03,,,,0.5,14.0,6.0,cluster_3,H00,H0002,H000200,H00020009,H0002000926,ST04,20,C009
464705,P0116,S0088,2017-02-06,0.0,0.0,35.0,0.8,PR14,,PR03,,,,0.5,14.0,6.0,cluster_3,H00,H0002,H000200,H00020009,H0002000926,ST04,20,C009
478022,P0116,S0088,2017-02-07,0.0,0.0,35.0,0.8,PR14,,PR03,,,,0.5,14.0,6.0,cluster_3,H00,H0002,H000200,H00020009,H0002000926,ST04,20,C009
491335,P0116,S0088,2017-02-08,0.0,0.0,35.0,0.85,PR14,,PR03,,,,0.5,14.0,6.0,cluster_3,H00,H0002,H000200,H00020009,H0002000926,ST04,20,C009
504676,P0116,S0088,2017-02-09,0.0,0.0,35.0,0.85,PR14,,PR03,,,,0.5,14.0,6.0,cluster_3,H00,H0002,H000200,H00020009,H0002000926,ST04,20,C009
518003,P0116,S0088,2017-02-10,7.0,5.51,28.0,0.85,PR14,,PR03,,,,0.5,14.0,6.0,cluster_3,H00,H0002,H000200,H00020009,H0002000926,ST04,20,C009
531358,P0116,S0088,2017-02-11,0.0,0.0,28.0,0.85,PR14,,PR03,,,,0.5,14.0,6.0,cluster_3,H00,H0002,H000200,H00020009,H0002000926,ST04,20,C009
544675,P0116,S0088,2017-02-12,0.0,0.0,28.0,0.85,PR14,,PR03,,,,0.5,14.0,6.0,cluster_3,H00,H0002,H000200,H00020009,H0002000926,ST04,20,C009
557968,P0116,S0088,2017-02-13,1.0,0.79,27.0,0.85,PR14,,PR03,,,,0.5,14.0,6.0,cluster_3,H00,H0002,H000200,H00020009,H0002000926,ST04,20,C009
571279,P0116,S0088,2017-02-14,3.0,2.36,24.0,0.85,PR14,,PR03,,,,0.5,14.0,6.0,cluster_3,H00,H0002,H000200,H00020009,H0002000926,ST04,20,C009
584592,P0116,S0088,2017-02-15,0.0,0.0,24.0,0.85,PR14,,PR03,,,,0.5,14.0,6.0,cluster_3,H00,H0002,H000200,H00020009,H0002000926,ST04,20,C009
597916,P0116,S0088,2017-02-16,0.0,0.0,24.0,0.85,PR14,,PR03,,,,0.5,14.0,6.0,cluster_3,H00,H0002,H000200,H00020009,H0002000926,ST04,20,C009
611266,P0116,S0088,2017-02-17,0.0,0.0,24.0,0.85,PR14,,PR03,,,,0.5,14.0,6.0,cluster_3,H00,H0002,H000200,H00020009,H0002000926,ST04,20,C009
624646,P0116,S0088,2017-02-18,0.0,0.0,24.0,0.85,PR14,,PR03,,,,0.5,14.0,6.0,cluster_3,H00,H0002,H000200,H00020009,H0002000926,ST04,20,C009
638005,P0116,S0088,2017-02-19,0.0,0.0,24.0,0.85,PR14,,PR03,,,,0.5,14.0,6.0,cluster_3,H00,H0002,H000200,H00020009,H0002000926,ST04,20,C009
651382,P0116,S0088,2017-02-20,0.0,0.0,24.0,0.85,PR14,,PR03,,,,0.5,14.0,6.0,cluster_3,H00,H0002,H000200,H00020009,H0002000926,ST04,20,C009
664784,P0116,S0088,2017-02-21,0.0,0.0,24.0,0.85,PR14,,PR03,,,,0.5,14.0,6.0,cluster_3,H00,H0002,H000200,H00020009,H0002000926,ST04,20,C009
678210,P0116,S0088,2017-02-22,0.0,0.0,24.0,0.85,PR14,,PR03,,,,0.5,14.0,6.0,cluster_3,H00,H0002,H000200,H00020009,H0002000926,ST04,20,C009
691662,P0116,S0088,2017-02-23,0.0,0.0,24.0,0.85,PR14,,PR03,,,,0.5,14.0,6.0,cluster_3,H00,H0002,H000200,H00020009,H0002000926,ST04,20,C009
705134,P0116,S0088,2017-02-24,0.0,0.0,24.0,0.85,PR14,,PR03,,,,0.5,14.0,6.0,cluster_3,H00,H0002,H000200,H00020009,H0002000926,ST04,20,C009
718637,P0116,S0088,2017-02-25,2.0,1.48,22.0,0.8,PR14,,PR03,,,,0.5,14.0,6.0,cluster_3,H00,H0002,H000200,H00020009,H0002000926,ST04,20,C009
732087,P0116,S0088,2017-02-26,9.0,6.67,13.0,0.8,PR14,,PR03,,,,0.5,14.0,6.0,cluster_3,H00,H0002,H000200,H00020009,H0002000926,ST04,20,C009
745494,P0116,S0088,2017-02-27,2.0,1.48,13.0,0.8,PR14,,PR03,,,,0.5,14.0,6.0,cluster_3,H00,H0002,H000200,H00020009,H0002000926,ST04,20,C009
758877,P0116,S0088,2017-02-28,0.0,0.0,11.0,0.8,PR14,,PR03,,,,0.5,14.0,6.0,cluster_3,H00,H0002,H000200,H00020009,H0002000926,ST04,20,C009
772259,P0116,S0088,2017-03-01,0.0,0.0,11.0,0.8,PR14,,PR03,,,,0.5,14.0,6.0,cluster_3,H00,H0002,H000200,H00020009,H0002000926,ST04,20,C009
785590,P0116,S0088,2017-03-02,0.0,0.0,11.0,0.8,PR14,,PR03,,,,0.5,14.0,6.0,cluster_3,H00,H0002,H000200,H00020009,H0002000926,ST04,20,C009
799071,P0116,S0088,2017-03-03,0.0,0.0,11.0,0.8,PR14,,PR03,,,,0.5,14.0,6.0,cluster_3,H00,H0002,H000200,H00020009,H0002000926,ST04,20,C009
812588,P0116,S0088,2017-03-04,0.0,0.0,11.0,0.85,PR14,,PR03,,,,0.5,14.0,6.0,cluster_3,H00,H0002,H000200,H00020009,H0002000926,ST04,20,C009
826067,P0116,S0088,2017-03-05,0.0,0.0,11.0,0.85,PR14,,PR03,,,,0.5,14.0,6.0,cluster_3,H00,H0002,H000200,H00020009,H0002000926,ST04,20,C009
839548,P0116,S0088,2017-03-06,0.0,0.0,11.0,0.85,PR14,,PR03,,,,0.5,14.0,6.0,cluster_3,H00,H0002,H000200,H00020009,H0002000926,ST04,20,C009
853007,P0116,S0088,2017-03-07,0.0,0.0,11.0,0.85,PR14,,PR03,,,,0.5,14.0,6.0,cluster_3,H00,H0002,H000200,H00020009,H0002000926,ST04,20,C009
866481,P0116,S0088,2017-03-08,0.0,0.0,11.0,0.85,PR14,,PR03,,,,0.5,14.0,6.0,cluster_3,H00,H0002,H000200,H00020009,H0002000926,ST04,20,C009
879996,P0116,S0088,2017-03-09,0.0,0.0,11.0,0.85,PR14,,PR03,,,,0.5,14.0,6.0,cluster_3,H00,H0002,H000200,H00020009,H0002000926,ST04,20,C009
893487,P0116,S0088,2017-03-10,0.0,0.0,11.0,0.85,PR14,,PR03,,,,0.5,14.0,6.0,cluster_3,H00,H0002,H000200,H00020009,H0002000926,ST04,20,C009
907015,P0116,S0088,2017-03-11,0.0,0.0,11.0,0.8,PR14,,PR03,,,,0.5,14.0,6.0,cluster_3,H00,H0002,H000200,H00020009,H0002000926,ST04,20,C009
920557,P0116,S0088,2017-03-12,0.0,0.0,11.0,0.8,PR14,,PR03,,,,0.5,14.0,6.0,cluster_3,H00,H0002,H000200,H00020009,H0002000926,ST04,20,C009
934055,P0116,S0088,2017-03-13,0.0,0.0,11.0,0.8,PR14,,PR03,,,,0.5,14.0,6.0,cluster_3,H00,H0002,H000200,H00020009,H0002000926,ST04,20,C009
947597,P0116,S0088,2017-03-14,0.0,0.0,11.0,0.8,PR14,,PR03,,,,0.5,14.0,6.0,cluster_3,H00,H0002,H000200,H00020009,H0002000926,ST04,20,C009
961139,P0116,S0088,2017-03-15,0.0,0.0,11.0,0.8,PR14,,PR03,,,,0.5,14.0,6.0,cluster_3,H00,H0002,H000200,H00020009,H0002000926,ST04,20,C009
974711,P0116,S0088,2017-03-16,0.0,0.0,11.0,0.8,PR14,,PR03,,,,0.5,14.0,6.0,cluster_3,H00,H0002,H000200,H00020009,H0002000926,ST04,20,C009
988316,P0116,S0088,2017-03-17,3.0,2.22,8.0,0.8,PR14,,PR03,,,,0.5,14.0,6.0,cluster_3,H00,H0002,H000200,H00020009,H0002000926,ST04,20,C009
1001964,P0116,S0088,2017-03-18,0.0,0.0,8.0,0.85,PR14,,PR03,,,,0.5,14.0,6.0,cluster_3,H00,H0002,H000200,H00020009,H0002000926,ST04,20,C009
1015635,P0116,S0088,2017-03-19,1.0,0.79,7.0,0.85,PR14,,PR03,,,,0.5,14.0,6.0,cluster_3,H00,H0002,H000200,H00020009,H0002000926,ST04,20,C009
1029269,P0116,S0088,2017-03-20,0.0,0.0,7.0,0.85,PR14,,PR03,,,,0.5,14.0,6.0,cluster_3,H00,H0002,H000200,H00020009,H0002000926,ST04,20,C009
1042916,P0116,S0088,2017-03-21,0.0,0.0,25.0,0.85,PR14,,PR03,,,,0.5,14.0,6.0,cluster_3,H00,H0002,H000200,H00020009,H0002000926,ST04,20,C009
1056502,P0116,S0088,2017-03-22,0.0,0.0,25.0,0.85,PR14,,PR03,,,,0.5,14.0,6.0,cluster_3,H00,H0002,H000200,H00020009,H0002000926,ST04,20,C009
1070146,P0116,S0088,2017-03-23,0.0,0.0,25.0,0.85,PR14,,PR03,,,,0.5,14.0,6.0,cluster_3,H00,H0002,H000200,H00020009,H0002000926,ST04,20,C009
1083818,P0116,S0088,2017-03-24,0.0,0.0,25.0,0.85,PR14,,PR03,,,,0.5,14.0,6.0,cluster_3,H00,H0002,H000200,H00020009,H0002000926,ST04,20,C009
