sale_5.csv
Unnamed: 0,product_id,store_id,date,sales,revenue,stock,price,promo_type_1,promo_bin_1,promo_type_2,promo_bin_2,promo_discount_2,promo_discount_type_2,product_length,product_depth,product_width,cluster_id,hierarchy1_id,hierarchy2_id,hierarchy3_id,hierarchy4_id,hierarchy5_id,storetype_id,store_size,city_id
1097509,P0116,S0088,2017-03-25,0.0,0.0,25.0,0.8,PR14,,PR03,,,,0.5,14.0,6.0,cluster_3,H00,H0002,H000200,H00020009,H0002000926,ST04,20,C009
1111207,P0116,S0088,2017-03-26,0.0,0.0,25.0,0.8,PR14,,PR03,,,,0.5,14.0,6.0,cluster_3,H00,H0002,H000200,H00020009,H0002000926,ST04,20,C009
1124884,P0116,S0088,2017-03-27,0.0,0.0,25.0,0.8,PR14,,PR03,,,,0.5,14.0,6.0,cluster_3,H00,H0002,H000200,H00020009,H0002000926,ST04,20,C009
1138581,P0116,S0088,2017-03-28,0.0,0.0,25.0,0.8,PR14,,PR03,,,,0.5,14.0,6.0,cluster_3,H00,H0002,H000200,H00020009,H0002000926,ST04,20,C009
1152320,P0116,S0088,2017-03-29,0.0,0.0,25.0,0.8,PR14,,PR03,,,,0.5,14.0,6.0,cluster_3,H00,H0002,H000200,H00020009,H0002000926,ST04,20,C009
1166098,P0116,S0088,2017-03-30,0.0,0.0,25.0,0.8,PR14,,PR03,,,,0.5,14.0,6.0,cluster_3,H00,H0002,H000200,H00020009,H0002000926,ST04,20,C009
1179901,P0116,S0088,2017-03-31,0.0,0.0,25.0,0.8,PR14,,PR03,,,,0.5,14.0,6.0,cluster_3,H00,H0002,H000200,H00020009,H0002000926,ST04,20,C009
1193756,P0116,S0088,2017-04-01,0.0,0.0,25.0,0.85,PR14,,PR03,,,,0.5,14.0,6.0,cluster_3,H00,H0002,H000200,H00020009,H0002000926,ST04,20,C009
1207615,P0116,S0088,2017-04-02,0.0,0.0,25.0,0.85,PR14,,PR03,,,,0.5,14.0,6.0,cluster_3,H00,H0002,H000200,H00020009,H0002000926,ST04,20,C009
1221413,P0116,S0088,2017-04-03,0.0,0.0,25.0,0.85,PR14,,PR03,,,,0.5,14.0,6.0,cluster_3,H00,H0002,H000200,H00020009,H0002000926,ST04,20,C009
1235227,P0116,S0088,2017-04-04,0.0,0.0,25.0,0.85,PR14,,PR03,,,,0.5,14.0,6.0,cluster_3,H00,H0002,H000200,H00020009,H0002000926,ST04,20,C009
1249018,P0116,S0088,2017-04-05,0.0,0.0,25.0,0.85,PR14,,PR03,,,,0.5,14.0,6.0,cluster_3,H00,H0002,H000200,H00020009,H0002000926,ST04,20,C009
1262825,P0116,S0088,2017-04-06,0.0,0.0,25.0,0.85,PR14,,PR03,,,,0.5,14.0,6.0,cluster_3,H00,H0002,H000200,H00020009,H0002000926,ST04,20,C009
1276672,P0116,S0088,2017-04-07,0.0,0.0,25.0,0.85,PR14,,PR03,,,,0.5,14.0,6.0,cluster_3,H00,H0002,H000200,H00020009,H0002000926,ST04,20,C009
1290537,P0116,S0088,2017-04-08,0.0,0.0,25.0,0.8,PR14,,PR03,,,,0.5,14.0,6.0,cluster_3,H00,H0002,H000200,H00020009,H0002000926,ST04,20,C009
1304374,P0116,S0088,2017-04-09,3.0,2.22,22.0,0.8,PR14,,PR03,,,,0.5,14.0,6.0,cluster_3,H00,H0002,H000200,H00020009,H0002000926,ST04,20,C009
1318197,P0116,S0088,2017-04-10,0.0,0.0,22.0,0.8,PR14,,PR03,,,,0.5,14.0,6.0,cluster_3,H00,H0002,H000200,H00020009,H0002000926,ST04,20,C009
1332044,P0116,S0088,2017-04-11,0.0,0.0,22.0,0.8,PR14,,PR03,,,,0.5,14.0,6.0,cluster_3,H00,H0002,H000200,H00020009,H0002000926,ST04,20,C009
1345936,P0116,S0088,2017-04-12,0.0,0.0,22.0,0.8,PR14,,PR03,,,,0.5,14.0,6.0,cluster_3,H00,H0002,H000200,H00020009,H0002000926,ST04,20,C009
1359839,P0116,S0088,2017-04-13,0.0,0.0,22.0,0.8,PR14,,PR03,,,,0.5,14.0,6.0,cluster_3,H00,H0002,H000200,H00020009,H0002000926,ST04,20,C009
1373760,P0116,S0088,2017-04-14,1.0,0.74,21.0,0.8,PR14,,PR03,,,,0.5,14.0,6.0,cluster_3,H00,H0002,H000200,H00020009,H0002000926,ST04,20,C009
1387673,P0116,S0088,2017-04-15,0.0,0.0,21.0,0.8,PR14,,PR03,,,,0.5,14.0,6.0,cluster_3,H00,H0002,H000200,H00020009,H0002000926,ST04,20,C009
1401595,P0116,S0088,2017-04-16,0.0,0.0,21.0,0.8,PR14,,PR03,,,,0.5,14.0,6.0,cluster_3,H00,H0002,H000200,H00020009,H0002000926,ST04,20,C009
1415488,P0116,S0088,2017-04-17,0.0,0.0,21.0,0.8,PR14,,PR03,,,,0.5,14.0,6.0,cluster_3,H00,H0002,H000200,H00020009,H0002000926,ST04,20,C009
1429414,P0116,S0088,2017-04-18,0.0,0.0,21.0,0.8,PR14,,PR03,,,,0.5,14.0,6.0,cluster_3,H00,H0002,H000200,H00020009,H0002000926,ST04,20,C009
1443325,P0116,S0088,2017-04-19,0.0,0.0,21.0,1.15,PR14,,PR03,,,,0.5,14.0,6.0,cluster_3,H00,H0002,H000200,H00020009,H0002000926,ST04,20,C009
1652062,P0116,S0088,2017-05-04,0.0,0.0,18.0,1.15,PR14,,PR03,,,,0.5,14.0,6.0,cluster_3,H00,H0002,H000200,H00020009,H0002000926,ST04,20,C009
1666086,P0116,S0088,2017-05-05,0.0,0.0,18.0,1.15,PR14,,PR03,,,,0.5,14.0,6.0,cluster_3,H00,H0002,H000200,H00020009,H0002000926,ST04,20,C009
1680158,P0116,S0088,2017-05-06,0.0,0.0,18.0,1.15,PR14,,PR03,,,,0.5,14.0,6.0,cluster_3,H00,H0002,H000200,H00020009,H0002000926,ST04,20,C009
1694300,P0116,S0088,2017-05-07,0.0,0.0,18.0,1.15,PR14,,PR03,,,,0.5,14.0,6.0,cluster_3,H00,H0002,H000200,H00020009,H0002000926,ST04,20,C009
1708425,P0116,S0088,2017-05-08,0.0,0.0,18.0,1.15,PR14,,PR03,,,,0.5,14.0,6.0,cluster_3,H00,H0002,H000200,H00020009,H0002000926,ST04,20,C009
1722580,P0116,S0088,2017-05-09,0.0,0.0,18.0,1.15,PR14,,PR03,,,,0.5,14.0,6.0,cluster_3,H00,H0002,H000200,H00020009,H0002000926,ST04,20,C009
1736711,P0116,S0088,2017-05-10,0.0,0.0,18.0,1.15,PR14,,PR03,,,,0.5,14.0,6.0,cluster_3,H00,H0002,H000200,H00020009,H0002000926,ST04,20,C009
1750825,P0116,S0088,2017-05-11,0.0,0.0,18.0,1.15,PR14,,PR03,,,,0.5,14.0,6.0,cluster_3,H00,H0002,H000200,H00020009,H0002000926,ST04,20,C009
1764915,P0116,S0088,2017-05-12,0.0,0.0,18.0,1.15,PR14,,PR03,,,,0.5,14.0,6.0,cluster_3,H00,H0002,H000200,H00020009,H0002000926,ST04,20,C009
1779044,P0116,S0088,2017-05-13,0.0,0.0,18.0,1.15,PR14,,PR03,,,,0.5,14.0,6.0,cluster_3,H00,H0002,H000200,H00020009,H0002000926,ST04,20,C009
1793136,P0116,S0088,2017-05-14,0.0,0.0,18.0,1.15,PR14,,PR03,,,,0.5,14.0,6.0,cluster_3,H00,H0002,H000200,H00020009,H0002000926,ST04,20,C009
1807225,P0116,S0088,2017-05-15,0.0,0.0,18.0,1.15,PR14,,PR03,,,,0.5,14.0,6.0,cluster_3,H00,H0002,H000200,H00020009,H0002000926,ST04,20,C009
1821331,P0116,S0088,2017-05-16,0.0,0.0,18.0,1.15,PR14,,PR03,,,,0.5,14.0,6.0,cluster_3,H00,H0002,H000200,H00020009,H0002000926,ST04,20,C009
1835449,P0116,S0088,2017-05-17,0.0,0.0,18.0,1.15,PR14,,PR03,,,,0.5,14.0,6.0,cluster_3,H00,H0002,H000200,H00020009,H0002000926,ST04,20,C009
1849573,P0116,S0088,2017-05-18,0.0,0.0,18.0,1.15,PR14,,PR03,,,,0.5,14.0,6.0,cluster_3,H00,H0002,H000200,H00020009,H0002000926,ST04,20,C009
1863732,P0116,S0088,2017-05-19,0.0,0.0,18.0,1.15,PR14,,PR03,,,,0.5,14.0,6.0,cluster_3,H00,H0002,H000200,H00020009,H0002000926,ST04,20,C009
1877926,P0116,S0088,2017-05-20,0.0,0.0,18.0,1.15,PR14,,PR03,,,,0.5,14.0,6.0,cluster_3,H00,H0002,H000200,H00020009,H0002000926,ST04,20,C009
1892108,P0116,S0088,2017-05-21,0.0,0.0,18.0,1.15,PR14,,PR03,,,,0.5,14.0,6.0,cluster_3,H00,H0002,H000200,H00020009,H0002000926,ST04,20,C009
1906297,P0116,S0088,2017-05-22,0.0,0.0,18.0,1.15,PR14,,PR03,,,,0.5,14.0,6.0,cluster_3,H00,H0002,H000200,H00020009,H0002000926,ST04,20,C009
1920510,P0116,S0088,2017-05-23,0.0,0.0,18.0,1.15,PR14,,PR03,,,,0.5,14.0,6.0,cluster_3,H00,H0002,H000200,H00020009,H0002000926,ST04,20,C009
1934774,P0116,S0088,2017-05-24,0.0,0.0,18.0,1.15,PR14,,PR03,,,,0.5,14.0,6.0,cluster_3,H00,H0002,H000200,H00020009,H0002000926,ST04,20,C009
1949032,P0116,S0088,2017-05-25,0.0,0.0,18.0,1.15,PR14,,PR03,,,,0.5,14.0,6.0,cluster_3,H00,H0002,H000200,H00020009,H0002000926,ST04,20,C009
1963307,P0116,S0088,2017-05-26,0.0,0.0,18.0,1.15,PR14,,PR03,,,,0.5,14.0,6.0,cluster_3,H00,H0002,H000200,H00020009,H0002000926,ST04,20,C009
1977683,P0116,S0088,2017-05-27,0.0,0.0,18.0,1.15,PR14,,PR03,,,,0.5,14.0,6.0,cluster_3,H00,H0002,H000200,H00020009,H0002000926,ST04,20,C009
1992091,P0116,S0088,2017-05-28,0.0,0.0,18.0,1.15,PR14,,PR03,,,,0.5,14.0,6.0,cluster_3,H00,H0002,H000200,H00020009,H0002000926,ST04,20,C009
2006451,P0116,S0088,2017-05-29,0.0,0.0,18.0,1.15,PR14,,PR03,,,,0.5,14.0,6.0,cluster_3,H00,H0002,H000200,H00020009,H0002000926,ST04,20,C009
2020840,P0116,S0088,2017-05-30,0.0,0.0,18.0,1.15,PR14,,PR03,,,,0.5,14.0,6.0,cluster_3,H00,H0002,H000200,H00020009,H0002000926,ST04,20,C009
2035252,P0116,S0088,2017-05-31,0.0,0.0,18.0,1.15,PR14,,PR03,,,,0.5,14.0,6.0,cluster_3,H00,H0002,H000200,H00020009,H0002000926,ST04,20,C009
2049659,P0116,S0088,2017-06-01,0.0,0.0,18.0,1.15,PR14,,PR03,,,,0.5,14.0,6.0,cluster_3,H00,H0002,H000200,H00020009,H0002000926,ST04,20,C009
2064137,P0116,S0088,2017-06-02,0.0,0.0,18.0,1.15,PR14,,PR03,,,,0.5,14.0,6.0,cluster_3,H00,H0002,H000200,H00020009,H0002000926,ST04,20,C009
2078715,P0116,S0088,2017-06-03,0.0,0.0,18.0,1.15,PR14,,PR03,,,,0.5,14.0,6.0,cluster_3,H00,H0002,H000200,H00020009,H0002000926,ST04,20,C009
2093260,P0116,S0088,2017-06-04,0.0,0.0,18.0,1.15,PR14,,PR03,,,,0.5,14.0,6.0,cluster_3,H00,H0002,H000200,H00020009,H0002000926,ST04,20,C009
2107815,P0116,S0088,2017-06-05,0.0,0.0,18.0,1.15,PR14,,PR03,,,,0.5,14.0,6.0,cluster_3,H00,H0002,H000200,H00020009,H0002000926,ST04,20,C009
2122410,P0116,S0088,2017-06-06,0.0,0.0,18.0,1.15,PR14,,PR03,,,,0.5,14.0,6.0,cluster_3,H00,H0002,H000200,H00020009,H0002000926,ST04,20,C009
2137023,P0116,S0088,2017-06-07,0.0,0.0,18.0,1.15,PR14,,PR03,,,,0.5,14.0,6.0,cluster_3,H00,H0002,H000200,H00020009,H0002000926,ST04,20,C009
2151674,P0116,S0088,2017-06-08,0.0,0.0,18.0,1.15,PR14,,PR03,,,,0.5,14.0,6.0,cluster_3,H00,H0002,H000200,H00020009,H0002000926,ST04,20,C009
2166298,P0116,S0088,2017-06-09,0.0,0.0,18.0,1.15,PR14,,PR03,,,,0.5,14.0,6.0,cluster_3,H00,H0002,H000200,H00020009,H0002000926,ST04,20,C009
2180935,P0116,S0088,2017-06-10,0.0,0.0,18.0,1.15,PR14,,PR03,,,,0.5,14.0,6.0,cluster_3,H00,H0002,H000200,H00020009,H0002000926,ST04,20,C009
2195510,P0116,S0088,2017-06-11,0.0,0.0,18.0,1.15,PR14,,PR03,,,,0.5,14.0,6.0,cluster_3,H00,H0002,H000200,H00020009,H0002000926,ST04,20,C009
2210083,P0116,S0088,2017-06-12,0.0,0.0,18.0,1.15,PR14,,PR03,,,,0.5,14.0,6.0,cluster_3,H00,H0002,H000200,H00020009,H0002000926,ST04,20,C009
2224698,P0116,S0088,2017-06-13,0.0,0.0,18.0,1.15,PR14,,PR03,,,,0.5,14.0,6.0,cluster_3,H00,H0002,H000200,H00020009,H0002000926,ST04,20,C009
2239332,P0116,S0088,2017-06-14,0.0,0.0,18.0,1.15,PR14,,PR03,,,,0.5,14.0,6.0,cluster_3,H00,H0002,H000200,H00020009,H0002000926,ST04,20,C009
2460541,P0116,S0088,2017-06-29,0.0,0.0,17.0,1.15,PR14,,PR03,,,,0.5,14.0,6.0,cluster_3,H00,H0002,H000200,H00020009,H0002000926,ST04,20,C009
2475148,P0116,S0088,2017-06-30,0.0,0.0,17.0,1.15,PR14,,PR03,,,,0.5,14.0,6.0,cluster_3,H00,H0002,H000200,H00020009,H0002000926,ST04,20,C009
2489834,P0116,S0088,2017-07-01,0.0,0.0,17.0,1.15,PR14,,PR03,,,,0.5,14.0,6.0,cluster_3,H00,H0002,H000200,H00020009,H0002000926,ST04,20,C009
2504538,P0116,S0088,2017-07-02,7.0,7.45,10.0,1.15,PR14,,PR03,,,,0.5,14.0,6.0,cluster_3,H00,H0002,H000200,H00020009,H0002000926,ST04,20,C009
2519267,P0116,S0088,2017-07-03,0.0,0.0,10.0,1.15,PR14,,PR03,,,,0.5,14.0,6.0,cluster_3,H00,H0002,H000200,H00020009,H0002000926,ST04,20,C009
2534056,P0116,S0088,2017-07-04,0.0,0.0,10.0,1.15,PR14,,PR03,,,,0.5,14.0,6.0,cluster_3,H00,H0002,H000200,H00020009,H0002000926,ST04,20,C009
2548880,P0116,S0088,2017-07-05,0.0,0.0,10.0,1.15,PR14,,PR03,,,,0.5,14.0,6.0,cluster_3,H00,H0002,H000200,H00020009,H0002000926,ST04,20,C009
2563705,P0116,S0088,2017-07-06,1.0,1.06,9.0,1.15,PR14,,PR03,,,,0.5,14.0,6.0,cluster_3,H00,H0002,H000200,H00020009,H0002000926,ST04,20,C009
2578590,P0116,S0088,2017-07-07,0.0,0.0,9.0,1.15,PR14,,PR03,,,,0.5,14.0,6.0,cluster_3,H00,H0002,H000200,H00020009,H0002000926,ST04,20,C009
2593507,P0116,S0088,2017-07-08,0.0,0.0,9.0,1.15,PR14,,PR03,,,,0.5,14.0,6.0,cluster_3,H00,H0002,H000200,H00020009,H0002000926,ST04,20,C009
2608407,P0116,S0088,2017-07-09,0.0,0.0,9.0,1.15,PR14,,PR03,,,,0.5,14.0,6.0,cluster_3,H00,H0002,H000200,H00020009,H0002000926,ST04,20,C009
2623292,P0116,S0088,2017-07-10,0.0,0.0,9.0,1.15,PR14,,PR03,,,,0.5,14.0,6.0,cluster_3,H00,H0002,H000200,H00020009,H0002000926,ST04,20,C009
2638217,P0116,S0088,2017-07-11,0.0,0.0,9.0,1.15,PR14,,PR03,,,,0.5,14.0,6.0,cluster_3,H00,H0002,H000200,H00020009,H0002000926,ST04,20,C009
2653143,P0116,S0088,2017-07-12,3.0,3.19,6.0,1.15,PR14,,PR03,,,,0.5,14.0,6.0,cluster_3,H00,H0002,H000200,H00020009,H0002000926,ST04,20,C009
2668107,P0116,S0088,2017-07-13,0.0,0.0,6.0,1.15,PR14,,PR03,,,,0.5,14.0,6.0,cluster_3,H00,H0002,H000200,H00020009,H0002000926,ST04,20,C009
2683112,P0116,S0088,2017-07-14,0.0,0.0,6.0,1.15,PR14,,PR03,,,,0.5,14.0,6.0,cluster_3,H00,H0002,H000200,H00020009,H0002000926,ST04,20,C009
2698151,P0116,S0088,2017-07-15,0.0,0.0,6.0,1.15,PR14,,PR03,,,,0.5,14.0,6.0,cluster_3,H00,H0002,H000200,H00020009,H0002000926,ST04,20,C009
2713172,P0116,S0088,2017-07-16,0.0,0.0,6.0,1.15,PR14,,PR03,,,,0.5,14.0,6.0,cluster_3,H00,H0002,H000200,H00020009,H0002000926,ST04,20,C009
2728154,P0116,S0088,2017-07-17,0.0,0.0,6.0,1.15,PR14,,PR03,,,,0.5,14.0,6.0,cluster_3,H00,H0002,H000200,H00020009,H0002000926,ST04,20,C009
2743223,P0116,S0088,2017-07-18,0.0,0.0,6.0,1.15,PR14,,PR03,,,,0.5,14.0,6.0,cluster_3,H00,H0002,H000200,H00020009,H0002000926,ST04,20,C009
2758293,P0116,S0088,2017-07-19,0.0,0.0,6.0,1.15,PR14,,PR03,,,,0.5,14.0,6.0,cluster_3,H00,H0002,H000200,H00020009,H0002000926,ST04,20,C009
2773347,P0116,S0088,2017-07-20,0.0,0.0,6.0,1.15,PR14,,PR03,,,,0.5,14.0,6.0,cluster_3,H00,H0002,H000200,H00020009,H0002000926,ST04,20,C009
2788412,P0116,S0088,2017-07-21,0.0,0.0,6.0,1.15,PR14,,PR03,,,,0.5,14.0,6.0,cluster_3,H00,H0002,H000200,H00020009,H0002000926,ST04,20,C009
2803475,P0116,S0088,2017-07-22,0.0,0.0,6.0,1.15,PR14,,PR03,,,,0.5,14.0,6.0,cluster_3,H00,H0002,H000200,H00020009,H0002000926,ST04,20,C009
2818479,P0116,S0088,2017-07-23,0.0,0.0,6.0,1.15,PR14,,PR03,,,,0.5,14.0,6.0,cluster_3,H00,H0002,H000200,H00020009,H0002000926,ST04,20,C009
2833454,P0116,S0088,2017-07-24,0.0,0.0,6.0,1.15,PR14,,PR03,,,,0.5,14.0,6.0,cluster_3,H00,H0002,H000200,H00020009,H0002000926,ST04,20,C009
2848476,P0116,S0088,2017-07-25,0.0,0.0,6.0,1.15,PR14,,PR03,,,,0.5,14.0,6.0,cluster_3,H00,H0002,H000200,H00020009,H0002000926,ST04,20,C009
2863496,P0116,S0088,2017-07-26,0.0,0.0,6.0,1.15,PR14,,PR03,,,,0.5,14.0,6.0,cluster_3,H00,H0002,H000200,H00020009,H0002000926,ST04,20,C009
2878531,P0116,S0088,2017-07-27,1.0,1.06,5.0,1.15,PR14,,PR03,,,,0.5,14.0,6.0,cluster_3,H00,H0002,H000200,H00020009,H0002000926,ST04,20,C009
2893551,P0116,S0088,2017-07-28,0.0,0.0,5.0,1.15,PR14,,PR03,,,,0.5,14.0,6.0,cluster_3,H00,H0002,H000200,H00020009,H0002000926,ST04,20,C009
2908581,P0116,S0088,2017-07-29,0.0,0.0,5.0,1.15,PR14,,PR03,,,,0.5,14.0,6.0,cluster_3,H00,H0002,H000200,H00020009,H0002000926,ST04,20,C009
2923614,P0116,S0088,2017-07-30,0.0,0.0,5.0,1.15,PR14,,PR03,,,,0.5,14.0,6.0,cluster_3,H00,H0002,H000200,H00020009,H0002000926,ST04,20,C009
2938701,P0116,S0088,2017-07-31,0.0,0.0,5.0,1.15,PR14,,PR03,,,,0.5,14.0,6.0,cluster_3,H00,H0002,H000200,H00020009,H0002000926,ST04,20,C009
2954207,P0116,S0088,2017-08-01,0.0,0.0,5.0,1.15,PR14,,PR03,,,,0.5,14.0,6.0,cluster_3,H00,H0002,H000200,H00020009,H0002000926,ST04,20,C009
2969699,P0116,S0088,2017-08-02,0.0,0.0,5.0,1.15,PR14,,PR03,,,,0.5,14.0,6.0,cluster_3,H00,H0002,H000200,H00020009,H0002000926,ST04,20,C009
2985188,P0116,S0088,2017-08-03,0.0,0.0,23.0,1.15,PR14,,PR03,,,,0.5,14.0,6.0,cluster_3,H00,H0002,H000200,H00020009,H0002000926,ST04,20,C009
3000683,P0116,S0088,2017-08-04,0.0,0.0,23.0,1.15,PR14,,PR03,,,,0.5,14.0,6.0,cluster_3,H00,H0002,H000200,H00020009,H0002000926,ST04,20,C009
3016208,P0116,S0088,2017-08-05,0.0,0.0,23.0,1.15,PR14,,PR03,,,,0.5,14.0,6.0,cluster_3,H00,H0002,H000200,H00020009,H0002000926,ST04,20,C009
3031685,P0116,S0088,2017-08-06,0.0,0.0,23.0,1.15,PR14,,PR03,,,,0.5,14.0,6.0,cluster_3,H00,H0002,H000200,H00020009,H0002000926,ST04,20,C009
3047121,P0116,S0088,2017-08-07,0.0,0.0,23.0,1.15,PR14,,PR03,,,,0.5,14.0,6.0,cluster_3,H00,H0002,H000200,H00020009,H0002000926,ST04,20,C009
3062633,P0116,S0088,2017-08-08,0.0,0.0,23.0,1.15,PR14,,PR03,,,,0.5,14.0,6.0,cluster_3,H00,H0002,H000200,H00020009,H0002000926,ST04,20,C009
3078164,P0116,S0088,2017-08-09,0.0,0.0,23.0,1.15,PR14,,PR03,,,,0.5,14.0,6.0,cluster_3,H00,H0002,H000200,H00020009,H0002000926,ST04,20,C009
3093725,P0116,S0088,2017-08-10,0.0,0.0,23.0,1.15,PR14,,PR03,,,,0.5,14.0,6.0,cluster_3,H00,H0002,H000200,H00020009,H0002000926,ST04,20,C009
3109314,P0116,S0088,2017-08-11,0.0,0.0,23.0,1.15,PR14,,PR03,,,,0.5,14.0,6.0,cluster_3,H00,H0002,H000200,H00020009,H0002000926,ST04,20,C009
3124930,P0116,S0088,2017-08-12,0.0,0.0,23.0,1.15,PR14,,PR03,,,,0.5,14.0,6.0,cluster_3,H00,H0002,H000200,H00020009,H0002000926,ST04,20,C009
3140490,P0116,S0088,2017-08-13,0.0,0.0,23.0,1.15,PR14,,PR03,,,,0.5,14.0,6.0,cluster_3,H00,H0002,H000200,H00020009,H0002000926,ST04,20,C009
3156009,P0116,S0088,2017-08-14,0.0,0.0,23.0,1.15,PR14,,PR03,,,,0.5,14.0,6.0,cluster_3,H00,H0002,H000200,H00020009,H0002000926,ST04,20,C009
3171603,P0116,S0088,2017-08-15,0.0,0.0,23.0,1.15,PR14,,PR03,,,,0.5,14.0,6.0,cluster_3,H00,H0002,H000200,H00020009,H0002000926,ST04,20,C009
3187216,P0116,S0088,2017-08-16,0.0,0.0,23.0,1.15,PR14,,PR03,,,,0.5,14.0,6.0,cluster_3,H00,H0002,H000200,H00020009,H0002000926,ST04,20,C009
3202806,P0116,S0088,2017-08-17,0.0,0.0,23.0,1.15,PR14,,PR03,,,,0.5,14.0,6.0,cluster_3,H00,H0002,H000200,H00020009,H0002000926,ST04,20,C009
3218400,P0116,S0088,2017-08-18,2.0,2.13,21.0,1.15,PR14,,PR03,,,,0.5,14.0,6.0,cluster_3,H00,H0002,H000200,H00020009,H0002000926,ST04,20,C009
3234073,P0116,S0088,2017-08-19,1.0,1.06,20.0,1.15,PR14,,PR03,,,,0.5,14.0,6.0,cluster_3,H00,H0002,H000200,H00020009,H0002000926,ST04,20,C009
3249732,P0116,S0088,2017-08-20,0.0,0.0,20.0,1.15,PR14,,PR03,,,,0.5,14.0,6.0,cluster_3,H00,H0002,H000200,H00020009,H0002000926,ST04,20,C009
3265386,P0116,S0088,2017-08-21,0.0,0.0,20.0,1.15,PR14,,PR03,,,,0.5,14.0,6.0,cluster_3,H00,H0002,H000200,H00020009,H0002000926,ST04,20,C009
3281123,P0116,S0088,2017-08-22,0.0,0.0,20.0,1.15,PR14,,PR03,,,,0.5,14.0,6.0,cluster_3,H00,H0002,H000200,H00020009,H0002000926,ST04,20,C009
3296877,P0116,S0088,2017-08-23,0.0,0.0,20.0,1.15,PR14,,PR03,,,,0.5,14.0,6.0,cluster_3,H00,H0002,H000200,H00020009,H0002000926,ST04,20,C009
3533401,P0116,S0088,2017-09-07,0.0,0.0,15.0,1.15,PR14,,PR03,,,,0.5,14.0,6.0,cluster_3,H00,H0002,H000200,H00020009,H0002000926,ST04,20,C009
3549197,P0116,S0088,2017-09-08,0.0,0.0,15.0,1.15,PR14,,PR03,,,,0.5,14.0,6.0,cluster_3,H00,H0002,H000200,H00020009,H0002000926,ST04,20,C009
3565011,P0116,S0088,2017-09-09,0.0,0.0,15.0,1.15,PR14,,PR03,,,,0.5,14.0,6.0,cluster_3,H00,H0002,H000200,H00020009,H0002000926,ST04,20,C009
