sale_5.csv
Unnamed: 0,product_id,store_id,date,sales,revenue,stock,price,promo_type_1,promo_bin_1,promo_type_2,promo_bin_2,promo_discount_2,promo_discount_type_2,product_length,product_depth,product_width,cluster_id,hierarchy1_id,hierarchy2_id,hierarchy3_id,hierarchy4_id,hierarchy5_id,storetype_id,store_size,city_id
225550,P0116,S0088,2017-01-19,0.0,0.0,23.0,0.85,PR10,low,PR03,,,,0.5,14.0,6.0,cluster_3,H00,H0002,H000200,H00020009,H0002000926,ST04,20,C009
238831,P0116,S0088,2017-01-20,0.0,0.0,23.0,0.85,PR10,low,PR03,,,,0.5,14.0,6.0,cluster_3,H00,H0002,H000200,H00020009,H0002000926,ST04,20,C009
252172,P0116,S0088,2017-01-21,0.0,0.0,23.0,0.85,PR10,low,PR03,,,,0.5,14.0,6.0,cluster_3,H00,H0002,H000200,H00020009,H0002000926,ST04,20,C009
265428,P0116,S0088,2017-01-22,0.0,0.0,23.0,0.85,PR10,low,PR03,,,,0.5,14.0,6.0,cluster_3,H00,H0002,H000200,H00020009,H0002000926,ST04,20,C009
278698,P0116,S0088,2017-01-23,0.0,0.0,23.0,0.85,PR10,low,PR03,,,,0.5,14.0,6.0,cluster_3,H00,H0002,H000200,H00020009,H0002000926,ST04,20,C009
292034,P0116,S0088,2017-01-24,0.0,0.0,23.0,0.85,PR10,low,PR03,,,,0.5,14.0,6.0,cluster_3,H00,H0002,H000200,H00020009,H0002000926,ST04,20,C009
305370,P0116,S0088,2017-01-25,4.0,2.41,19.0,0.85,PR10,low,PR03,,,,0.5,14.0,6.0,cluster_3,H00,H0002,H000200,H00020009,H0002000926,ST04,20,C009
318698,P0116,S0088,2017-01-26,0.0,0.0,19.0,0.85,PR10,low,PR03,,,,0.5,14.0,6.0,cluster_3,H00,H0002,H000200,H00020009,H0002000926,ST04,20,C009
332011,P0116,S0088,2017-01-27,2.0,1.2,17.0,0.85,PR10,low,PR03,,,,0.5,14.0,6.0,cluster_3,H00,H0002,H000200,H00020009,H0002000926,ST04,20,C009
345328,P0116,S0088,2017-01-28,0.0,0.0,17.0,0.85,PR10,low,PR03,,,,0.5,14.0,6.0,cluster_3,H00,H0002,H000200,H00020009,H0002000926,ST04,20,C009
358587,P0116,S0088,2017-01-29,0.0,0.0,17.0,0.85,PR10,low,PR03,,,,0.5,14.0,6.0,cluster_3,H00,H0002,H000200,H00020009,H0002000926,ST04,20,C009
371841,P0116,S0088,2017-01-30,0.0,0.0,17.0,0.85,PR10,low,PR03,,,,0.5,14.0,6.0,cluster_3,H00,H0002,H000200,H00020009,H0002000926,ST04,20,C009
385083,P0116,S0088,2017-01-31,0.0,0.0,35.0,0.85,PR10,low,PR03,,,,0.5,14.0,6.0,cluster_3,H00,H0002,H000200,H00020009,H0002000926,ST04,20,C009
398289,P0116,S0088,2017-02-01,0.0,0.0,35.0,0.85,PR10,low,PR03,,,,0.5,14.0,6.0,cluster_3,H00,H0002,H000200,H00020009,H0002000926,ST04,20,C009
1457219,P0116,S0088,2017-04-20,0.0,0.0,21.0,1.15,PR10,high,PR03,,,,0.5,14.0,6.0,cluster_3,H00,H0002,H000200,H00020009,H0002000926,ST04,20,C009
1471133,P0116,S0088,2017-04-21,0.0,0.0,21.0,1.15,PR10,high,PR03,,,,0.5,14.0,6.0,cluster_3,H00,H0002,H000200,H00020009,H0002000926,ST04,20,C009
1485106,P0116,S0088,2017-04-22,0.0,0.0,21.0,1.15,PR10,high,PR03,,,,0.5,14.0,6.0,cluster_3,H00,H0002,H000200,H00020009,H0002000926,ST04,20,C009
1499047,P0116,S0088,2017-04-23,0.0,0.0,21.0,1.15,PR10,high,PR03,,,,0.5,14.0,6.0,cluster_3,H00,H0002,H000200,H00020009,H0002000926,ST04,20,C009
1512932,P0116,S0088,2017-04-24,0.0,0.0,21.0,1.15,PR10,high,PR03,,,,0.5,14.0,6.0,cluster_3,H00,H0002,H000200,H00020009,H0002000926,ST04,20,C009
1526829,P0116,S0088,2017-04-25,1.0,0.69,20.0,1.15,PR10,high,PR03,,,,0.5,14.0,6.0,cluster_3,H00,H0002,H000200,H00020009,H0002000926,ST04,20,C009
1540743,P0116,S0088,2017-04-26,0.0,0.0,20.0,1.15,PR10,high,PR03,,,,0.5,14.0,6.0,cluster_3,H00,H0002,H000200,H00020009,H0002000926,ST04,20,C009
1554633,P0116,S0088,2017-04-27,0.0,0.0,18.0,1.15,PR10,high,PR03,,,,0.5,14.0,6.0,cluster_3,H00,H0002,H000200,H00020009,H0002000926,ST04,20,C009
1568497,P0116,S0088,2017-04-28,0.0,0.0,18.0,1.15,PR10,high,PR03,,,,0.5,14.0,6.0,cluster_3,H00,H0002,H000200,H00020009,H0002000926,ST04,20,C009
1582328,P0116,S0088,2017-04-29,0.0,0.0,18.0,1.15,PR10,high,PR03,,,,0.5,14.0,6.0,cluster_3,H00,H0002,H000200,H00020009,H0002000926,ST04,20,C009
1596156,P0116,S0088,2017-04-30,0.0,0.0,18.0,1.15,PR10,high,PR03,,,,0.5,14.0,6.0,cluster_3,H00,H0002,H000200,H00020009,H0002000926,ST04,20,C009
1610070,P0116,S0088,2017-05-01,0.0,0.0,18.0,1.15,PR10,high,PR03,,,,0.5,14.0,6.0,cluster_3,H00,H0002,H000200,H00020009,H0002000926,ST04,20,C009
1624049,P0116,S0088,2017-05-02,0.0,0.0,18.0,1.15,PR10,high,PR03,,,,0.5,14.0,6.0,cluster_3,H00,H0002,H000200,H00020009,H0002000926,ST04,20,C009
1638046,P0116,S0088,2017-05-03,0.0,0.0,18.0,1.15,PR10,high,PR03,,,,0.5,14.0,6.0,cluster_3,H00,H0002,H000200,H00020009,H0002000926,ST04,20,C009
2253983,P0116,S0088,2017-06-15,0.0,0.0,18.0,1.15,PR10,verylow,PR03,,,,0.5,14.0,6.0,cluster_3,H00,H0002,H000200,H00020009,H0002000926,ST04,20,C009
2268649,P0116,S0088,2017-06-16,0.0,0.0,18.0,1.15,PR10,verylow,PR03,,,,0.5,14.0,6.0,cluster_3,H00,H0002,H000200,H00020009,H0002000926,ST04,20,C009
2283369,P0116,S0088,2017-06-17,0.0,0.0,18.0,1.15,PR10,verylow,PR03,,,,0.5,14.0,6.0,cluster_3,H00,H0002,H000200,H00020009,H0002000926,ST04,20,C009
2298046,P0116,S0088,2017-06-18,0.0,0.0,18.0,1.15,PR10,verylow,PR03,,,,0.5,14.0,6.0,cluster_3,H00,H0002,H000200,H00020009,H0002000926,ST04,20,C009
2312742,P0116,S0088,2017-06-19,0.0,0.0,18.0,1.15,PR10,verylow,PR03,,,,0.5,14.0,6.0,cluster_3,H00,H0002,H000200,H00020009,H0002000926,ST04,20,C009
2327485,P0116,S0088,2017-06-20,0.0,0.0,18.0,1.15,PR10,verylow,PR03,,,,0.5,14.0,6.0,cluster_3,H00,H0002,H000200,H00020009,H0002000926,ST04,20,C009
2342223,P0116,S0088,2017-06-21,0.0,0.0,18.0,1.15,PR10,verylow,PR03,,,,0.5,14.0,6.0,cluster_3,H00,H0002,H000200,H00020009,H0002000926,ST04,20,C009
2357001,P0116,S0088,2017-06-22,0.0,0.0,18.0,1.15,PR10,verylow,PR03,,,,0.5,14.0,6.0,cluster_3,H00,H0002,H000200,H00020009,H0002000926,ST04,20,C009
2371805,P0116,S0088,2017-06-23,0.0,0.0,18.0,1.15,PR10,verylow,PR03,,,,0.5,14.0,6.0,cluster_3,H00,H0002,H000200,H00020009,H0002000926,ST04,20,C009
2386670,P0116,S0088,2017-06-24,0.0,0.0,18.0,1.15,PR10,verylow,PR03,,,,0.5,14.0,6.0,cluster_3,H00,H0002,H000200,H00020009,H0002000926,ST04,20,C009
2401492,P0116,S0088,2017-06-25,0.0,0.0,18.0,1.15,PR10,verylow,PR03,,,,0.5,14.0,6.0,cluster_3,H00,H0002,H000200,H00020009,H0002000926,ST04,20,C009
2416220,P0116,S0088,2017-06-26,0.0,0.0,18.0,1.15,PR10,verylow,PR03,,,,0.5,14.0,6.0,cluster_3,H00,H0002,H000200,H00020009,H0002000926,ST04,20,C009
2431017,P0116,S0088,2017-06-27,1.0,1.06,17.0,1.15,PR10,verylow,PR03,,,,0.5,14.0,6.0,cluster_3,H00,H0002,H000200,H00020009,H0002000926,ST04,20,C009
2445806,P0116,S0088,2017-06-28,0.0,0.0,17.0,1.15,PR10,verylow,PR03,,,,0.5,14.0,6.0,cluster_3,H00,H0002,H000200,H00020009,H0002000926,ST04,20,C009
3312657,P0116,S0088,2017-08-24,0.0,0.0,20.0,1.15,PR10,verylow,PR03,,,,0.5,14.0,6.0,cluster_3,H00,H0002,H000200,H00020009,H0002000926,ST04,20,C009
3328463,P0116,S0088,2017-08-25,0.0,0.0,20.0,1.15,PR10,verylow,PR03,,,,0.5,14.0,6.0,cluster_3,H00,H0002,H000200,H00020009,H0002000926,ST04,20,C009
3344329,P0116,S0088,2017-08-26,0.0,0.0,20.0,1.15,PR10,verylow,PR03,,,,0.5,14.0,6.0,cluster_3,H00,H0002,H000200,H00020009,H0002000926,ST04,20,C009
3360112,P0116,S0088,2017-08-27,0.0,0.0,20.0,1.15,PR10,verylow,PR03,,,,0.5,14.0,6.0,cluster_3,H00,H0002,H000200,H00020009,H0002000926,ST04,20,C009
3375800,P0116,S0088,2017-08-28,0.0,0.0,20.0,1.15,PR10,verylow,PR03,,,,0.5,14.0,6.0,cluster_3,H00,H0002,H000200,H00020009,H0002000926,ST04,20,C009
3391468,P0116,S0088,2017-08-29,0.0,0.0,20.0,1.15,PR10,verylow,PR03,,,,0.5,14.0,6.0,cluster_3,H00,H0002,H000200,H00020009,H0002000926,ST04,20,C009
3407165,P0116,S0088,2017-08-30,0.0,0.0,20.0,1.15,PR10,verylow,PR03,,,,0.5,14.0,6.0,cluster_3,H00,H0002,H000200,H00020009,H0002000926,ST04,20,C009
3422929,P0116,S0088,2017-08-31,0.0,0.0,20.0,1.15,PR10,verylow,PR03,,,,0.5,14.0,6.0,cluster_3,H00,H0002,H000200,H00020009,H0002000926,ST04,20,C009
3438824,P0116,S0088,2017-09-01,5.0,5.32,15.0,1.15,PR10,verylow,PR03,,,,0.5,14.0,6.0,cluster_3,H00,H0002,H000200,H00020009,H0002000926,ST04,20,C009
3454627,P0116,S0088,2017-09-02,0.0,0.0,15.0,1.15,PR10,verylow,PR03,,,,0.5,14.0,6.0,cluster_3,H00,H0002,H000200,H00020009,H0002000926,ST04,20,C009
3470358,P0116,S0088,2017-09-03,0.0,0.0,15.0,1.15,PR10,verylow,PR03,,,,0.5,14.0,6.0,cluster_3,H00,H0002,H000200,H00020009,H0002000926,ST04,20,C009
3486065,P0116,S0088,2017-09-04,0.0,0.0,15.0,1.15,PR10,verylow,PR03,,,,0.5,14.0,6.0,cluster_3,H00,H0002,H000200,H00020009,H0002000926,ST04,20,C009
3501840,P0116,S0088,2017-09-05,0.0,0.0,15.0,1.15,PR10,verylow,PR03,,,,0.5,14.0,6.0,cluster_3,H00,H0002,H000200,H00020009,H0002000926,ST04,20,C009
3517608,P0116,S0088,2017-09-06,0.0,0.0,15.0,1.15,PR10,verylow,PR03,,,,0.5,14.0,6.0,cluster_3,H00,H0002,H000200,H00020009,H0002000926,ST04,20,C009
3752060,P0116,S0088,2017-09-21,0.0,0.0,14.0,1.15,PR10,verylow,PR03,,,,0.5,14.0,6.0,cluster_3,H00,H0002,H000200,H00020009,H0002000926,ST04,20,C009
3767524,P0116,S0088,2017-09-22,0.0,0.0,14.0,1.15,PR10,verylow,PR03,,,,0.5,14.0,6.0,cluster_3,H00,H0002,H000200,H00020009,H0002000926,ST04,20,C009
3782993,P0116,S0088,2017-09-23,0.0,0.0,14.0,1.15,PR10,verylow,PR03,,,,0.5,14.0,6.0,cluster_3,H00,H0002,H000200,H00020009,H0002000926,ST04,20,C009
3798429,P0116,S0088,2017-09-24,0.0,0.0,14.0,1.15,PR10,verylow,PR03,,,,0.5,14.0,6.0,cluster_3,H00,H0002,H000200,H00020009,H0002000926,ST04,20,C009
3813799,P0116,S0088,2017-09-25,0.0,0.0,14.0,1.15,PR10,verylow,PR03,,,,0.5,14.0,6.0,cluster_3,H00,H0002,H000200,H00020009,H0002000926,ST04,20,C009
3829197,P0116,S0088,2017-09-26,1.0,0.93,13.0,1.15,PR10,verylow,PR03,,,,0.5,14.0,6.0,cluster_3,H00,H0002,H000200,H00020009,H0002000926,ST04,20,C009
3844589,P0116,S0088,2017-09-27,0.0,0.0,13.0,1.15,PR10,verylow,PR03,,,,0.5,14.0,6.0,cluster_3,H00,H0002,H000200,H00020009,H0002000926,ST04,20,C009
3859977,P0116,S0088,2017-09-28,0.0,0.0,13.0,1.15,PR10,verylow,PR03,,,,0.5,14.0,6.0,cluster_3,H00,H0002,H000200,H00020009,H0002000926,ST04,20,C009
3875309,P0116,S0088,2017-09-29,0.0,0.0,13.0,1.15,PR10,verylow,PR03,,,,0.5,14.0,6.0,cluster_3,H00,H0002,H000200,H00020009,H0002000926,ST04,20,C009
3890650,P0116,S0088,2017-09-30,0.0,0.0,13.0,1.15,PR10,verylow,PR03,,,,0.5,14.0,6.0,cluster_3,H00,H0002,H000200,H00020009,H0002000926,ST04,20,C009
3905923,P0116,S0088,2017-10-01,0.0,0.0,13.0,1.15,PR10,verylow,PR03,,,,0.5,14.0,6.0,cluster_3,H00,H0002,H000200,H00020009,H0002000926,ST04,20,C009
3921173,P0116,S0088,2017-10-02,0.0,0.0,13.0,1.15,PR10,verylow,PR03,,,,0.5,14.0,6.0,cluster_3,H00,H0002,H000200,H00020009,H0002000926,ST04,20,C009
3936466,P0116,S0088,2017-10-03,0.0,0.0,13.0,1.15,PR10,verylow,PR03,,,,0.5,14.0,6.0,cluster_3,H00,H0002,H000200,H00020009,H0002000926,ST04,20,C009
3951778,P0116,S0088,2017-10-04,0.0,0.0,13.0,1.15,PR10,verylow,PR03,,,,0.5,14.0,6.0,cluster_3,H00,H0002,H000200,H00020009,H0002000926,ST04,20,C009
8128534,P0116,S0088,2018-06-07,0.0,0.0,17.0,1.15,PR10,verylow,PR03,,,,0.5,14.0,6.0,cluster_3,H00,H0002,H000200,H00020009,H0002000926,ST04,20,C009
8147995,P0116,S0088,2018-06-08,0.0,0.0,17.0,1.15,PR10,verylow,PR03,,,,0.5,14.0,6.0,cluster_3,H00,H0002,H000200,H00020009,H0002000926,ST04,20,C009
8167466,P0116,S0088,2018-06-09,0.0,0.0,17.0,1.15,PR10,verylow,PR03,,,,0.5,14.0,6.0,cluster_3,H00,H0002,H000200,H00020009,H0002000926,ST04,20,C009
8187000,P0116,S0088,2018-06-10,0.0,0.0,17.0,1.15,PR10,verylow,PR03,,,,0.5,14.0,6.0,cluster_3,H00,H0002,H000200,H00020009,H0002000926,ST04,20,C009
8206480,P0116,S0088,2018-06-11,0.0,0.0,17.0,1.15,PR10,verylow,PR03,,,,0.5,14.0,6.0,cluster_3,H00,H0002,H000200,H00020009,H0002000926,ST04,20,C009
8225936,P0116,S0088,2018-06-12,0.0,0.0,35.0,1.15,PR10,verylow,PR03,,,,0.5,14.0,6.0,cluster_3,H00,H0002,H000200,H00020009,H0002000926,ST04,20,C009
8245423,P0116,S0088,2018-06-13,0.0,0.0,35.0,1.15,PR10,verylow,PR03,,,,0.5,14.0,6.0,cluster_3,H00,H0002,H000200,H00020009,H0002000926,ST04,20,C009
8264894,P0116,S0088,2018-06-14,0.0,0.0,35.0,1.15,PR10,verylow,PR03,,,,0.5,14.0,6.0,cluster_3,H00,H0002,H000200,H00020009,H0002000926,ST04,20,C009
8284385,P0116,S0088,2018-06-15,0.0,0.0,35.0,1.15,PR10,verylow,PR03,,,,0.5,14.0,6.0,cluster_3,H00,H0002,H000200,H00020009,H0002000926,ST04,20,C009
8303820,P0116,S0088,2018-06-16,0.0,0.0,35.0,1.15,PR10,verylow,PR03,,,,0.5,14.0,6.0,cluster_3,H00,H0002,H000200,H00020009,H0002000926,ST04,20,C009
8323388,P0116,S0088,2018-06-17,0.0,0.0,35.0,1.15,PR10,verylow,PR03,,,,0.5,14.0,6.0,cluster_3,H00,H0002,H000200,H00020009,H0002000926,ST04,20,C009
8342937,P0116,S0088,2018-06-18,0.0,0.0,35.0,1.15,PR10,verylow,PR03,,,,0.5,14.0,6.0,cluster_3,H00,H0002,H000200,H00020009,H0002000926,ST04,20,C009
8362462,P0116,S0088,2018-06-19,0.0,0.0,35.0,1.15,PR10,verylow,PR03,,,,0.5,14.0,6.0,cluster_3,H00,H0002,H000200,H00020009,H0002000926,ST04,20,C009
8382043,P0116,S0088,2018-06-20,0.0,0.0,35.0,1.15,PR10,verylow,PR03,,,,0.5,14.0,6.0,cluster_3,H00,H0002,H000200,H00020009,H0002000926,ST04,20,C009
